******************************************************************************
                  TI ARM Linker PC v18.1.1                     
******************************************************************************
>> Linked Sun Apr  8 22:43:13 2018

OUTPUT FILE NAME:   <q2.out>
ENTRY POINT SYMBOL: "_c_int00_noargs"  address: 000034c5


MEMORY CONFIGURATION

         name            origin    length      used     unused   attr    fill
----------------------  --------  ---------  --------  --------  ----  --------
  FLASH                 00000000   00100000  000037d8  000fc828  R  X
  SRAM                  20000000   00040000  0000c6f0  00033910  RW X


SEGMENT ALLOCATION MAP

run origin  load origin   length   init length attrs members
----------  ----------- ---------- ----------- ----- -------
00000000    00000000    000037d8   000037d8    r-x
  00000000    00000000    00000208   00000208    r-- .intvecs
  00000208    00000208    00003348   00003348    r-x .text
  00003550    00003550    00000258   00000258    r-- .const
  000037a8    000037a8    00000030   00000030    r-- .cinit
20000000    20000000    0000c6f0   00000000    rw-
  20000000    20000000    0000c4a0   00000000    rw- .bss
  2000c4a0    2000c4a0    00000200   00000000    rw- .stack
  2000c6a0    2000c6a0    00000050   00000000    rw- .data


SECTION ALLOCATION MAP

 output                                  attributes/
section   page    origin      length       input sections
--------  ----  ----------  ----------   ----------------
.intvecs   0    00000000    00000208     
                  00000000    00000208     tm4c1294ncpdt_startup_ccs.obj (.intvecs)

.text      0    00000208    00003348     
                  00000208    000017d0     tasks.obj (.text)
                  000019d8    00000a08     queue.obj (.text)
                  000023e0    00000534     timers.obj (.text)
                  00002914    000002bc     heap_4.obj (.text)
                  00002bd0    000001ec     driverlib.lib : sysctl.obj (.text:SysCtlClockFreqSet)
                  00002dbc    000001d8     main.obj (.text)
                  00002f94    0000012a     list.obj (.text)
                  000030be    00000002     --HOLE-- [fill = 0]
                  000030c0    00000128     port.obj (.text)
                  000031e8    000000d2     portasm.obj (.text)
                  000032ba    0000009c     rtsv7M4_T_le_v4SPD16_eabi.lib : memcpy_t2.asm.obj (.text)
                  00003356    0000007a                                   : memset_t2.asm.obj (.text)
                  000033d0    00000068                                   : copy_decompress_lzss.c.obj (.text:decompress:lzss:__TI_decompress_lzss)
                  00003438    00000048     driverlib.lib : sysctl.obj (.text:_SysCtlFrequencyGet)
                  00003480    00000044     rtsv7M4_T_le_v4SPD16_eabi.lib : autoinit.c.obj (.text:__TI_auto_init_nobinit_nopinit:__TI_auto_init_nobinit_nopinit)
                  000034c4    00000038                                   : boot_cortex_m.c.obj (.text:_c_int00_noargs:_c_int00_noargs)
                  000034fc    00000020     driverlib.lib : sysctl.obj (.text:_SysCtlMemTimingGet)
                  0000351c    0000000e     rtsv7M4_T_le_v4SPD16_eabi.lib : copy_decompress_none.c.obj (.text:decompress:none:__TI_decompress_none)
                  0000352a    0000000c                                   : copy_zero_init.c.obj (.text:decompress:ZI:__TI_zero_init)
                  00003536    0000000c     tm4c1294ncpdt_startup_ccs.obj (.text)
                  00003542    00000006     driverlib.lib : gpio.obj (.text:GPIOPinWrite)
                  00003548    00000004     rtsv7M4_T_le_v4SPD16_eabi.lib : pre_init.c.obj (.text:_system_pre_init)
                  0000354c    00000004                                   : exit.c.obj (.text:abort:abort)

.const     0    00003550    00000258     
                  00003550    000001b0     driverlib.lib : sysctl.obj (.const:g_pppui32XTALtoVCO)
                  00003700    0000006c                   : sysctl.obj (.const:g_pui32Xtals)
                  0000376c    00000030                   : sysctl.obj (.const:g_sXTALtoMEMTIM)
                  0000379c    00000008                   : sysctl.obj (.const)
                  000037a4    00000004     port.obj (.const)

.cinit     0    000037a8    00000030     
                  000037a8    0000000c     (__TI_handler_table)
                  000037b4    0000000b     (.cinit..data.load) [load image, compression = lzss]
                  000037bf    00000001     --HOLE-- [fill = 0]
                  000037c0    00000008     (.cinit..bss.load) [load image, compression = zero_init]
                  000037c8    00000010     (__TI_cinit_table)

.init_array 
*          0    00000000    00000000     UNINITIALIZED

.bss       0    20000000    0000c4a0     UNINITIALIZED
                  20000000    0000c350     heap_4.obj (.bss:ucHeap)
                  2000c350    00000064     tasks.obj (.bss:pxReadyTasksLists)
                  2000c3b4    00000040     (.common:xQueueRegistry)
                  2000c3f4    00000014     timers.obj (.bss:xActiveTimerList1)
                  2000c408    00000014     timers.obj (.bss:xActiveTimerList2)
                  2000c41c    00000014     tasks.obj (.bss:xDelayedTaskList1)
                  2000c430    00000014     tasks.obj (.bss:xDelayedTaskList2)
                  2000c444    00000014     tasks.obj (.bss:xPendingReadyList)
                  2000c458    00000014     tasks.obj (.bss:xSuspendedTaskList)
                  2000c46c    00000014     tasks.obj (.bss:xTasksWaitingTermination)
                  2000c480    00000008     tasks.obj (.bss)
                  2000c488    00000008     timers.obj (.bss)
                  2000c490    00000008     heap_4.obj (.bss:xStart)
                  2000c498    00000004     (.common:sem_2hz)
                  2000c49c    00000004     (.common:sem_4hz)

.data      0    2000c6a0    00000050     UNINITIALIZED
                  2000c6a0    00000030     tasks.obj (.data)
                  2000c6d0    00000010     heap_4.obj (.data)
                  2000c6e0    00000008     timers.obj (.data)
                  2000c6e8    00000004     main.obj (.data)
                  2000c6ec    00000004     port.obj (.data)

.stack     0    2000c4a0    00000200     UNINITIALIZED
                  2000c4a0    00000004     rtsv7M4_T_le_v4SPD16_eabi.lib : boot_cortex_m.c.obj (.stack)
                  2000c4a4    000001fc     --HOLE--

MODULE SUMMARY

       Module                          code    ro data   rw data
       ------                          ----    -------   -------
    .\
       heap_4.obj                      700     0         50024  
       tasks.obj                       6096    0         256    
       queue.obj                       2568    0         64     
       timers.obj                      1332    0         56     
       tm4c1294ncpdt_startup_ccs.obj   12      520       0      
       main.obj                        472     0         12     
       port.obj                        296     4         4      
       list.obj                        298     0         0      
       portasm.obj                     210     0         0      
    +--+-------------------------------+-------+---------+---------+
       Total:                          11984   524       50416  
                                                                
    C:/ti/TivaWare_C_Series-2.1.3.156/driverlib/ccs/Debug/driverlib.lib
       sysctl.obj                      596     596       0      
       gpio.obj                        6       0         0      
    +--+-------------------------------+-------+---------+---------+
       Total:                          602     596       0      
                                                                
    C:\ti\ccsv8\tools\compiler\ti-cgt-arm_18.1.1.LTS\lib\rtsv7M4_T_le_v4SPD16_eabi.lib
       memcpy_t2.asm.obj               156     0         0      
       memset_t2.asm.obj               122     0         0      
       copy_decompress_lzss.c.obj      104     0         0      
       autoinit.c.obj                  68      0         0      
       boot_cortex_m.c.obj             56      0         0      
       copy_decompress_none.c.obj      14      0         0      
       copy_zero_init.c.obj            12      0         0      
       exit.c.obj                      4       0         0      
       pre_init.c.obj                  4       0         0      
    +--+-------------------------------+-------+---------+---------+
       Total:                          540     0         0      
                                                                
       Stack:                          0       0         512    
       Linker Generated:               0       47        0      
    +--+-------------------------------+-------+---------+---------+
       Grand Total:                    13126   1167      50928  


LINKER GENERATED COPY TABLES

__TI_cinit_table @ 000037c8 records: 2, size/record: 8, table size: 16
	.data: load addr=000037b4, load size=0000000b bytes, run addr=2000c6a0, run size=00000050 bytes, compression=lzss
	.bss: load addr=000037c0, load size=00000008 bytes, run addr=20000000, run size=0000c4a0 bytes, compression=zero_init


LINKER GENERATED HANDLER TABLE

__TI_handler_table @ 000037a8 records: 3, size/record: 4, table size: 12
	index: 0, handler: __TI_decompress_lzss
	index: 1, handler: __TI_decompress_none
	index: 2, handler: __TI_zero_init


GLOBAL SYMBOLS: SORTED ALPHABETICALLY BY Name 

address   name                             
-------   ----                             
0000354d  C$$EXIT                          
00003543  GPIOPinWrite                     
00003537  ResetISR                         
00002bd1  SysCtlClockFreqSet               
00002dbd  Task_2Hz                         
00002e13  Task_4Hz                         
2000c6a0  __STACK_END                      
00000200  __STACK_SIZE                     
2000c6a0  __STACK_TOP                      
000037c8  __TI_CINIT_Base                  
000037d8  __TI_CINIT_Limit                 
000037a8  __TI_Handler_Table_Base          
000037b4  __TI_Handler_Table_Limit         
00003481  __TI_auto_init_nobinit_nopinit   
000033d1  __TI_decompress_lzss             
0000351d  __TI_decompress_none             
ffffffff  __TI_pprof_out_hndl              
ffffffff  __TI_prof_data_size              
ffffffff  __TI_prof_data_start             
00000000  __TI_static_base__               
0000352b  __TI_zero_init                   
00003357  __aeabi_memclr                   
00003357  __aeabi_memclr4                  
00003357  __aeabi_memclr8                  
000032bb  __aeabi_memcpy                   
000032bb  __aeabi_memcpy4                  
000032bb  __aeabi_memcpy8                  
00003359  __aeabi_memset                   
00003359  __aeabi_memset4                  
00003359  __aeabi_memset8                  
ffffffff  __binit__                        
ffffffff  __c_args__                       
UNDEFED   __mpu_init                       
2000c4a0  __stack                          
000034c5  _c_int00_noargs                  
UNDEFED   _system_post_cinit               
00003549  _system_pre_init                 
0000354d  abort                            
ffffffff  binit                            
00000000  g_pfnVectors                     
00002ea1  main                             
000032bb  memcpy                           
0000335f  memset                           
000024db  pcTimerGetTimerName              
00002915  pvPortMalloc                     
00001517  pvTaskIncrementMutexHeldCount    
000028c5  pvTimerGetTimerID                
2000c6a0  pxCurrentTCB                     
000030c1  pxPortInitialiseStack            
2000c498  sem_2hz                          
2000c49c  sem_4hz                          
00002e69  timer_callback                   
000020f9  ucQueueGetQueueType              
000037a4  ulMaxSyscallInterruptPriority    
000031f9  ulPortGetIPSR                    
0000152f  ulTaskNotifyTake                 
00003077  uxListRemove                     
000020d9  uxQueueGetQueueNumber            
0000207b  uxQueueMessagesWaiting           
000020b1  uxQueueMessagesWaitingFromISR    
00002091  uxQueueSpacesAvailable           
000009fd  uxTaskGetNumberOfTasks           
00000a0d  uxTaskGetSystemState             
00000f3f  uxTaskGetTaskNumber              
000004c3  uxTaskPriorityGet                
000004f5  uxTaskPriorityGetFromISR         
000014f5  uxTaskResetEventItemValue        
00002f95  vListInitialise                  
00002fc5  vListInitialiseItem              
00003011  vListInsert                      
00002fd5  vListInsertEnd                   
000032ad  vPortEnableVFP                   
0000315d  vPortEndScheduler                
0000315f  vPortEnterCritical               
0000317f  vPortExitCritical                
00002a17  vPortFree                        
00002a75  vPortInitialiseBlocks            
00003271  vPortSVCHandler                  
000031bb  vPortSetupTimerInterrupt         
00003291  vPortStartFirstTask              
00002307  vQueueAddToRegistry              
000020c3  vQueueDelete                     
000020e7  vQueueSetQueueNumber             
00002349  vQueueUnregisterQueue            
00002383  vQueueWaitForMessageRestricted   
00000467  vTaskDelay                       
000003bf  vTaskDelayUntil                  
00000323  vTaskDelete                      
000008c9  vTaskEndScheduler                
00000f37  vTaskMissedYield                 
000018e1  vTaskNotifyGiveFromISR           
00000c6d  vTaskPlaceOnEventList            
00000d45  vTaskPlaceOnEventListRestricted  
00000ccd  vTaskPlaceOnUnorderedEventList   
0000139d  vTaskPriorityInherit             
00000549  vTaskPrioritySet                 
00000751  vTaskResume                      
00000f65  vTaskSetTaskNumber               
00000e97  vTaskSetTimeOutState             
00000865  vTaskStartScheduler              
0000065d  vTaskSuspend                     
000008e9  vTaskSuspendAll                  
00000c01  vTaskSwitchContext               
000028df  vTimerSetTimerID                 
00002a69  xPortGetFreeHeapSize             
00002a6f  xPortGetMinimumEverFreeHeapSize  
00003211  xPortPendSVHandler               
00003127  xPortStartScheduler              
00003195  xPortSysTickHandler              
00001be1  xQueueCreateCountingSemaphore    
00001ae5  xQueueCreateMutex                
00001a75  xQueueGenericCreate              
00001e35  xQueueGenericReceive             
000019d9  xQueueGenericReset               
00001c01  xQueueGenericSend                
00001d29  xQueueGenericSendFromISR         
00001db5  xQueueGiveFromISR                
00001b5b  xQueueGiveMutexRecursive         
000022a3  xQueueIsQueueEmptyFromISR        
000022e5  xQueueIsQueueFullFromISR         
00002029  xQueuePeekFromISR                
00001fa3  xQueueReceiveFromISR             
2000c3b4  xQueueRegistry                   
00001b97  xQueueTakeMutexRecursive         
00000ebd  xTaskCheckForTimeOut             
00000209  xTaskGenericCreate               
000016e7  xTaskGenericNotify               
000017d9  xTaskGenericNotifyFromISR        
00001351  xTaskGetCurrentTaskHandle        
00001369  xTaskGetSchedulerState           
000009d9  xTaskGetTickCount                
000009e9  xTaskGetTickCountFromISR         
00000add  xTaskIncrementTick               
00001987  xTaskNotifyStateClear            
000015fd  xTaskNotifyWait                  
00001457  xTaskPriorityDisinherit          
00000da9  xTaskRemoveFromEventList         
00000e29  xTaskRemoveFromUnorderedEventList
000008fd  xTaskResumeAll                   
000007d3  xTaskResumeFromISR               
0000241b  xTimerCreate                     
000023e1  xTimerCreateTimerTask            
0000246f  xTimerGenericCommand             
00002899  xTimerIsTimerActive              


GLOBAL SYMBOLS: SORTED BY Symbol Address 

address   name                             
-------   ----                             
00000000  __TI_static_base__               
00000000  g_pfnVectors                     
00000200  __STACK_SIZE                     
00000209  xTaskGenericCreate               
00000323  vTaskDelete                      
000003bf  vTaskDelayUntil                  
00000467  vTaskDelay                       
000004c3  uxTaskPriorityGet                
000004f5  uxTaskPriorityGetFromISR         
00000549  vTaskPrioritySet                 
0000065d  vTaskSuspend                     
00000751  vTaskResume                      
000007d3  xTaskResumeFromISR               
00000865  vTaskStartScheduler              
000008c9  vTaskEndScheduler                
000008e9  vTaskSuspendAll                  
000008fd  xTaskResumeAll                   
000009d9  xTaskGetTickCount                
000009e9  xTaskGetTickCountFromISR         
000009fd  uxTaskGetNumberOfTasks           
00000a0d  uxTaskGetSystemState             
00000add  xTaskIncrementTick               
00000c01  vTaskSwitchContext               
00000c6d  vTaskPlaceOnEventList            
00000ccd  vTaskPlaceOnUnorderedEventList   
00000d45  vTaskPlaceOnEventListRestricted  
00000da9  xTaskRemoveFromEventList         
00000e29  xTaskRemoveFromUnorderedEventList
00000e97  vTaskSetTimeOutState             
00000ebd  xTaskCheckForTimeOut             
00000f37  vTaskMissedYield                 
00000f3f  uxTaskGetTaskNumber              
00000f65  vTaskSetTaskNumber               
00001351  xTaskGetCurrentTaskHandle        
00001369  xTaskGetSchedulerState           
0000139d  vTaskPriorityInherit             
00001457  xTaskPriorityDisinherit          
000014f5  uxTaskResetEventItemValue        
00001517  pvTaskIncrementMutexHeldCount    
0000152f  ulTaskNotifyTake                 
000015fd  xTaskNotifyWait                  
000016e7  xTaskGenericNotify               
000017d9  xTaskGenericNotifyFromISR        
000018e1  vTaskNotifyGiveFromISR           
00001987  xTaskNotifyStateClear            
000019d9  xQueueGenericReset               
00001a75  xQueueGenericCreate              
00001ae5  xQueueCreateMutex                
00001b5b  xQueueGiveMutexRecursive         
00001b97  xQueueTakeMutexRecursive         
00001be1  xQueueCreateCountingSemaphore    
00001c01  xQueueGenericSend                
00001d29  xQueueGenericSendFromISR         
00001db5  xQueueGiveFromISR                
00001e35  xQueueGenericReceive             
00001fa3  xQueueReceiveFromISR             
00002029  xQueuePeekFromISR                
0000207b  uxQueueMessagesWaiting           
00002091  uxQueueSpacesAvailable           
000020b1  uxQueueMessagesWaitingFromISR    
000020c3  vQueueDelete                     
000020d9  uxQueueGetQueueNumber            
000020e7  vQueueSetQueueNumber             
000020f9  ucQueueGetQueueType              
000022a3  xQueueIsQueueEmptyFromISR        
000022e5  xQueueIsQueueFullFromISR         
00002307  vQueueAddToRegistry              
00002349  vQueueUnregisterQueue            
00002383  vQueueWaitForMessageRestricted   
000023e1  xTimerCreateTimerTask            
0000241b  xTimerCreate                     
0000246f  xTimerGenericCommand             
000024db  pcTimerGetTimerName              
00002899  xTimerIsTimerActive              
000028c5  pvTimerGetTimerID                
000028df  vTimerSetTimerID                 
00002915  pvPortMalloc                     
00002a17  vPortFree                        
00002a69  xPortGetFreeHeapSize             
00002a6f  xPortGetMinimumEverFreeHeapSize  
00002a75  vPortInitialiseBlocks            
00002bd1  SysCtlClockFreqSet               
00002dbd  Task_2Hz                         
00002e13  Task_4Hz                         
00002e69  timer_callback                   
00002ea1  main                             
00002f95  vListInitialise                  
00002fc5  vListInitialiseItem              
00002fd5  vListInsertEnd                   
00003011  vListInsert                      
00003077  uxListRemove                     
000030c1  pxPortInitialiseStack            
00003127  xPortStartScheduler              
0000315d  vPortEndScheduler                
0000315f  vPortEnterCritical               
0000317f  vPortExitCritical                
00003195  xPortSysTickHandler              
000031bb  vPortSetupTimerInterrupt         
000031f9  ulPortGetIPSR                    
00003211  xPortPendSVHandler               
00003271  vPortSVCHandler                  
00003291  vPortStartFirstTask              
000032ad  vPortEnableVFP                   
000032bb  __aeabi_memcpy                   
000032bb  __aeabi_memcpy4                  
000032bb  __aeabi_memcpy8                  
000032bb  memcpy                           
00003357  __aeabi_memclr                   
00003357  __aeabi_memclr4                  
00003357  __aeabi_memclr8                  
00003359  __aeabi_memset                   
00003359  __aeabi_memset4                  
00003359  __aeabi_memset8                  
0000335f  memset                           
000033d1  __TI_decompress_lzss             
00003481  __TI_auto_init_nobinit_nopinit   
000034c5  _c_int00_noargs                  
0000351d  __TI_decompress_none             
0000352b  __TI_zero_init                   
00003537  ResetISR                         
00003543  GPIOPinWrite                     
00003549  _system_pre_init                 
0000354d  C$$EXIT                          
0000354d  abort                            
000037a4  ulMaxSyscallInterruptPriority    
000037a8  __TI_Handler_Table_Base          
000037b4  __TI_Handler_Table_Limit         
000037c8  __TI_CINIT_Base                  
000037d8  __TI_CINIT_Limit                 
2000c3b4  xQueueRegistry                   
2000c498  sem_2hz                          
2000c49c  sem_4hz                          
2000c4a0  __stack                          
2000c6a0  __STACK_END                      
2000c6a0  __STACK_TOP                      
2000c6a0  pxCurrentTCB                     
ffffffff  __TI_pprof_out_hndl              
ffffffff  __TI_prof_data_size              
ffffffff  __TI_prof_data_start             
ffffffff  __binit__                        
ffffffff  __c_args__                       
ffffffff  binit                            
UNDEFED   __mpu_init                       
UNDEFED   _system_post_cinit               

[144 symbols]
