<?xml version="1.0" encoding="ISO-8859-1" ?>
<link_info>
   <banner>TI ARM Linker PC v18.1.1.LTS</banner>
   <copyright>Copyright (c) 1996-2017 Texas Instruments Incorporated</copyright>
   <link_time>0x5acaef61</link_time>
   <link_errors>0x0</link_errors>
   <output_file>q2.out</output_file>
   <entry_point>
      <name>_c_int00_noargs</name>
      <address>0x34c5</address>
   </entry_point>
   <input_file_list>
      <input_file id="fl-2">
         <path>.\</path>
         <kind>object</kind>
         <file>croutine.obj</file>
         <name>croutine.obj</name>
      </input_file>
      <input_file id="fl-3">
         <path>.\</path>
         <kind>object</kind>
         <file>event_groups.obj</file>
         <name>event_groups.obj</name>
      </input_file>
      <input_file id="fl-4">
         <path>.\</path>
         <kind>object</kind>
         <file>heap_4.obj</file>
         <name>heap_4.obj</name>
      </input_file>
      <input_file id="fl-5">
         <path>.\</path>
         <kind>object</kind>
         <file>list.obj</file>
         <name>list.obj</name>
      </input_file>
      <input_file id="fl-6">
         <path>.\</path>
         <kind>object</kind>
         <file>main.obj</file>
         <name>main.obj</name>
      </input_file>
      <input_file id="fl-7">
         <path>.\</path>
         <kind>object</kind>
         <file>port.obj</file>
         <name>port.obj</name>
      </input_file>
      <input_file id="fl-8">
         <path>.\</path>
         <kind>object</kind>
         <file>portasm.obj</file>
         <name>portasm.obj</name>
      </input_file>
      <input_file id="fl-9">
         <path>.\</path>
         <kind>object</kind>
         <file>queue.obj</file>
         <name>queue.obj</name>
      </input_file>
      <input_file id="fl-a">
         <path>.\</path>
         <kind>object</kind>
         <file>tasks.obj</file>
         <name>tasks.obj</name>
      </input_file>
      <input_file id="fl-b">
         <path>.\</path>
         <kind>object</kind>
         <file>timers.obj</file>
         <name>timers.obj</name>
      </input_file>
      <input_file id="fl-c">
         <path>.\</path>
         <kind>object</kind>
         <file>tm4c1294ncpdt_startup_ccs.obj</file>
         <name>tm4c1294ncpdt_startup_ccs.obj</name>
      </input_file>
      <input_file id="fl-11">
         <kind>object</kind>
         <file>&lt;internal&gt;</file>
         <name>&lt;internal&gt;</name>
      </input_file>
      <input_file id="fl-c7">
         <path>C:\ti\ccsv8\tools\compiler\ti-cgt-arm_18.1.1.LTS\lib\</path>
         <kind>archive</kind>
         <file>rtsv7M4_T_le_v4SPD16_eabi.lib</file>
         <name>memcpy_t2.asm.obj</name>
      </input_file>
      <input_file id="fl-c8">
         <path>C:\ti\ccsv8\tools\compiler\ti-cgt-arm_18.1.1.LTS\lib\</path>
         <kind>archive</kind>
         <file>rtsv7M4_T_le_v4SPD16_eabi.lib</file>
         <name>memset_t2.asm.obj</name>
      </input_file>
      <input_file id="fl-c9">
         <path>C:\ti\ccsv8\tools\compiler\ti-cgt-arm_18.1.1.LTS\lib\</path>
         <kind>archive</kind>
         <file>rtsv7M4_T_le_v4SPD16_eabi.lib</file>
         <name>copy_zero_init.c.obj</name>
      </input_file>
      <input_file id="fl-ca">
         <path>C:\ti\ccsv8\tools\compiler\ti-cgt-arm_18.1.1.LTS\lib\</path>
         <kind>archive</kind>
         <file>rtsv7M4_T_le_v4SPD16_eabi.lib</file>
         <name>copy_decompress_none.c.obj</name>
      </input_file>
      <input_file id="fl-cb">
         <path>C:\ti\ccsv8\tools\compiler\ti-cgt-arm_18.1.1.LTS\lib\</path>
         <kind>archive</kind>
         <file>rtsv7M4_T_le_v4SPD16_eabi.lib</file>
         <name>copy_decompress_lzss.c.obj</name>
      </input_file>
      <input_file id="fl-cc">
         <path>C:\ti\ccsv8\tools\compiler\ti-cgt-arm_18.1.1.LTS\lib\</path>
         <kind>archive</kind>
         <file>rtsv7M4_T_le_v4SPD16_eabi.lib</file>
         <name>boot_cortex_m.c.obj</name>
      </input_file>
      <input_file id="fl-cd">
         <path>C:\ti\ccsv8\tools\compiler\ti-cgt-arm_18.1.1.LTS\lib\</path>
         <kind>archive</kind>
         <file>rtsv7M4_T_le_v4SPD16_eabi.lib</file>
         <name>exit.c.obj</name>
      </input_file>
      <input_file id="fl-ce">
         <path>C:\ti\ccsv8\tools\compiler\ti-cgt-arm_18.1.1.LTS\lib\</path>
         <kind>archive</kind>
         <file>rtsv7M4_T_le_v4SPD16_eabi.lib</file>
         <name>_lock.c.obj</name>
      </input_file>
      <input_file id="fl-cf">
         <path>C:\ti\ccsv8\tools\compiler\ti-cgt-arm_18.1.1.LTS\lib\</path>
         <kind>archive</kind>
         <file>rtsv7M4_T_le_v4SPD16_eabi.lib</file>
         <name>args_main.c.obj</name>
      </input_file>
      <input_file id="fl-d0">
         <path>C:\ti\ccsv8\tools\compiler\ti-cgt-arm_18.1.1.LTS\lib\</path>
         <kind>archive</kind>
         <file>rtsv7M4_T_le_v4SPD16_eabi.lib</file>
         <name>autoinit.c.obj</name>
      </input_file>
      <input_file id="fl-d1">
         <path>C:\ti\ccsv8\tools\compiler\ti-cgt-arm_18.1.1.LTS\lib\</path>
         <kind>archive</kind>
         <file>rtsv7M4_T_le_v4SPD16_eabi.lib</file>
         <name>pre_init.c.obj</name>
      </input_file>
      <input_file id="fl-d2">
         <path>C:\ti\ccsv8\tools\compiler\ti-cgt-arm_18.1.1.LTS\lib\</path>
         <kind>archive</kind>
         <file>rtsv7M4_T_le_v4SPD16_eabi.lib</file>
         <name>cpy_tbl.c.obj</name>
      </input_file>
      <input_file id="fl-d3">
         <path>C:\ti\TivaWare_C_Series-2.1.3.156\driverlib\ccs\Debug\</path>
         <kind>archive</kind>
         <file>driverlib.lib</file>
         <name>gpio.obj</name>
      </input_file>
      <input_file id="fl-d4">
         <path>C:\ti\TivaWare_C_Series-2.1.3.156\driverlib\ccs\Debug\</path>
         <kind>archive</kind>
         <file>driverlib.lib</file>
         <name>interrupt.obj</name>
      </input_file>
      <input_file id="fl-d5">
         <path>C:\ti\TivaWare_C_Series-2.1.3.156\driverlib\ccs\Debug\</path>
         <kind>archive</kind>
         <file>driverlib.lib</file>
         <name>sysctl.obj</name>
      </input_file>
      <input_file id="fl-d6">
         <path>C:\ti\TivaWare_C_Series-2.1.3.156\driverlib\ccs\Debug\</path>
         <kind>archive</kind>
         <file>driverlib.lib</file>
         <name>cpu.obj</name>
      </input_file>
   </input_file_list>
   <object_component_list>
      <object_component id="oc-f">
         <name>.intvecs</name>
         <load_address>0x0</load_address>
         <run_address>0x0</run_address>
         <size>0x208</size>
         <input_file_ref idref="fl-c"/>
      </object_component>
      <object_component id="oc-7c">
         <name>.text</name>
         <load_address>0x208</load_address>
         <run_address>0x208</run_address>
         <size>0x17d0</size>
         <input_file_ref idref="fl-a"/>
      </object_component>
      <object_component id="oc-127">
         <name>.text</name>
         <load_address>0x19d8</load_address>
         <run_address>0x19d8</run_address>
         <size>0xa08</size>
         <input_file_ref idref="fl-9"/>
      </object_component>
      <object_component id="oc-e2">
         <name>.text</name>
         <load_address>0x23e0</load_address>
         <run_address>0x23e0</run_address>
         <size>0x534</size>
         <input_file_ref idref="fl-b"/>
      </object_component>
      <object_component id="oc-f1">
         <name>.text</name>
         <load_address>0x2914</load_address>
         <run_address>0x2914</run_address>
         <size>0x2bc</size>
         <input_file_ref idref="fl-4"/>
      </object_component>
      <object_component id="oc-133">
         <name>.text:SysCtlClockFreqSet</name>
         <load_address>0x2bd0</load_address>
         <run_address>0x2bd0</run_address>
         <size>0x1ec</size>
         <input_file_ref idref="fl-d5"/>
      </object_component>
      <object_component id="oc-bf">
         <name>.text</name>
         <load_address>0x2dbc</load_address>
         <run_address>0x2dbc</run_address>
         <size>0x1d8</size>
         <input_file_ref idref="fl-6"/>
      </object_component>
      <object_component id="oc-d6">
         <name>.text</name>
         <load_address>0x2f94</load_address>
         <run_address>0x2f94</run_address>
         <size>0x12a</size>
         <input_file_ref idref="fl-5"/>
      </object_component>
      <object_component id="oc-2f">
         <name>.text</name>
         <load_address>0x30c0</load_address>
         <run_address>0x30c0</run_address>
         <size>0x128</size>
         <input_file_ref idref="fl-7"/>
      </object_component>
      <object_component id="oc-2a">
         <name>.text</name>
         <load_address>0x31e8</load_address>
         <run_address>0x31e8</run_address>
         <size>0xd2</size>
         <input_file_ref idref="fl-8"/>
      </object_component>
      <object_component id="oc-43">
         <name>.text</name>
         <load_address>0x32ba</load_address>
         <run_address>0x32ba</run_address>
         <size>0x9c</size>
         <input_file_ref idref="fl-c7"/>
      </object_component>
      <object_component id="oc-b3">
         <name>.text</name>
         <load_address>0x3356</load_address>
         <run_address>0x3356</run_address>
         <size>0x7a</size>
         <input_file_ref idref="fl-c8"/>
      </object_component>
      <object_component id="oc-12">
         <name>.text:decompress:lzss:__TI_decompress_lzss</name>
         <load_address>0x33d0</load_address>
         <run_address>0x33d0</run_address>
         <size>0x68</size>
         <input_file_ref idref="fl-cb"/>
      </object_component>
      <object_component id="oc-1d9">
         <name>.text:_SysCtlFrequencyGet</name>
         <load_address>0x3438</load_address>
         <run_address>0x3438</run_address>
         <size>0x48</size>
         <input_file_ref idref="fl-d5"/>
      </object_component>
      <object_component id="oc-155">
         <name>.text:__TI_auto_init_nobinit_nopinit:__TI_auto_init_nobinit_nopinit</name>
         <load_address>0x3480</load_address>
         <run_address>0x3480</run_address>
         <size>0x44</size>
         <input_file_ref idref="fl-d0"/>
      </object_component>
      <object_component id="oc-61">
         <name>.text:_c_int00_noargs:_c_int00_noargs</name>
         <load_address>0x34c4</load_address>
         <run_address>0x34c4</run_address>
         <size>0x38</size>
         <input_file_ref idref="fl-cc"/>
      </object_component>
      <object_component id="oc-1d3">
         <name>.text:_SysCtlMemTimingGet</name>
         <load_address>0x34fc</load_address>
         <run_address>0x34fc</run_address>
         <size>0x20</size>
         <input_file_ref idref="fl-d5"/>
      </object_component>
      <object_component id="oc-18">
         <name>.text:decompress:none:__TI_decompress_none</name>
         <load_address>0x351c</load_address>
         <run_address>0x351c</run_address>
         <size>0xe</size>
         <input_file_ref idref="fl-ca"/>
      </object_component>
      <object_component id="oc-55">
         <name>.text:decompress:ZI:__TI_zero_init</name>
         <load_address>0x352a</load_address>
         <run_address>0x352a</run_address>
         <size>0xc</size>
         <input_file_ref idref="fl-c9"/>
      </object_component>
      <object_component id="oc-24">
         <name>.text</name>
         <load_address>0x3536</load_address>
         <run_address>0x3536</run_address>
         <size>0xc</size>
         <input_file_ref idref="fl-c"/>
      </object_component>
      <object_component id="oc-12d">
         <name>.text:GPIOPinWrite</name>
         <load_address>0x3542</load_address>
         <run_address>0x3542</run_address>
         <size>0x6</size>
         <input_file_ref idref="fl-d3"/>
      </object_component>
      <object_component id="oc-b9">
         <name>.text:_system_pre_init</name>
         <load_address>0x3548</load_address>
         <run_address>0x3548</run_address>
         <size>0x4</size>
         <input_file_ref idref="fl-d1"/>
      </object_component>
      <object_component id="oc-149">
         <name>.text:abort:abort</name>
         <load_address>0x354c</load_address>
         <run_address>0x354c</run_address>
         <size>0x4</size>
         <input_file_ref idref="fl-cd"/>
      </object_component>
      <object_component id="oc-1e2">
         <name>.const:g_pppui32XTALtoVCO</name>
         <load_address>0x3550</load_address>
         <run_address>0x3550</run_address>
         <size>0x1b0</size>
         <input_file_ref idref="fl-d5"/>
      </object_component>
      <object_component id="oc-1df">
         <name>.const:g_pui32Xtals</name>
         <load_address>0x3700</load_address>
         <run_address>0x3700</run_address>
         <size>0x6c</size>
         <input_file_ref idref="fl-d5"/>
      </object_component>
      <object_component id="oc-234">
         <name>.const:g_sXTALtoMEMTIM</name>
         <load_address>0x376c</load_address>
         <run_address>0x376c</run_address>
         <size>0x30</size>
         <input_file_ref idref="fl-d5"/>
      </object_component>
      <object_component id="oc-1e5">
         <name>.const</name>
         <load_address>0x379c</load_address>
         <run_address>0x379c</run_address>
         <size>0x8</size>
         <input_file_ref idref="fl-d5"/>
      </object_component>
      <object_component id="oc-79">
         <name>.const</name>
         <load_address>0x37a4</load_address>
         <run_address>0x37a4</run_address>
         <size>0x4</size>
         <input_file_ref idref="fl-7"/>
      </object_component>
      <object_component id="oc-2ab">
         <name>__TI_handler_table</name>
         <load_address>0x37a8</load_address>
         <run_address>0x37a8</run_address>
         <size>0xc</size>
      </object_component>
      <object_component id="oc-2ad">
         <name>.cinit..data.load</name>
         <load_address>0x37b4</load_address>
         <run_address>0x37b4</run_address>
         <size>0xb</size>
      </object_component>
      <object_component id="oc-2ae">
         <name>.cinit..bss.load</name>
         <load_address>0x37c0</load_address>
         <run_address>0x37c0</run_address>
         <size>0x8</size>
      </object_component>
      <object_component id="oc-2ac">
         <name>__TI_cinit_table</name>
         <load_address>0x37c8</load_address>
         <run_address>0x37c8</run_address>
         <size>0x10</size>
      </object_component>
      <object_component id="oc-1ad">
         <name>.data</name>
         <load_address>0x2000c6d0</load_address>
         <run_address>0x2000c6d0</run_address>
         <size>0x10</size>
         <input_file_ref idref="fl-4"/>
      </object_component>
      <object_component id="oc-13d">
         <name>.data</name>
         <load_address>0x2000c6e8</load_address>
         <run_address>0x2000c6e8</run_address>
         <size>0x4</size>
         <input_file_ref idref="fl-6"/>
      </object_component>
      <object_component id="oc-83">
         <name>.data</name>
         <load_address>0x2000c6ec</load_address>
         <run_address>0x2000c6ec</run_address>
         <size>0x4</size>
         <input_file_ref idref="fl-7"/>
      </object_component>
      <object_component id="oc-76">
         <name>.data</name>
         <load_address>0x2000c6a0</load_address>
         <run_address>0x2000c6a0</run_address>
         <size>0x30</size>
         <input_file_ref idref="fl-a"/>
      </object_component>
      <object_component id="oc-194">
         <name>.data</name>
         <load_address>0x2000c6e0</load_address>
         <run_address>0x2000c6e0</run_address>
         <size>0x8</size>
         <input_file_ref idref="fl-b"/>
      </object_component>
      <object_component id="oc-1b3">
         <name>.bss:ucHeap</name>
         <uninitialized>true</uninitialized>
         <run_address>0x20000000</run_address>
         <size>0xc350</size>
         <input_file_ref idref="fl-4"/>
      </object_component>
      <object_component id="oc-1b0">
         <name>.bss:xStart</name>
         <uninitialized>true</uninitialized>
         <run_address>0x2000c490</run_address>
         <size>0x8</size>
         <input_file_ref idref="fl-4"/>
      </object_component>
      <object_component id="oc-dc">
         <name>.bss:pxReadyTasksLists</name>
         <uninitialized>true</uninitialized>
         <run_address>0x2000c350</run_address>
         <size>0x64</size>
         <input_file_ref idref="fl-a"/>
      </object_component>
      <object_component id="oc-f7">
         <name>.bss:xDelayedTaskList1</name>
         <uninitialized>true</uninitialized>
         <run_address>0x2000c41c</run_address>
         <size>0x14</size>
         <input_file_ref idref="fl-a"/>
      </object_component>
      <object_component id="oc-fa">
         <name>.bss:xDelayedTaskList2</name>
         <uninitialized>true</uninitialized>
         <run_address>0x2000c430</run_address>
         <size>0x14</size>
         <input_file_ref idref="fl-a"/>
      </object_component>
      <object_component id="oc-ee">
         <name>.bss</name>
         <uninitialized>true</uninitialized>
         <run_address>0x2000c480</run_address>
         <size>0x8</size>
         <input_file_ref idref="fl-a"/>
      </object_component>
      <object_component id="oc-eb">
         <name>.bss:xPendingReadyList</name>
         <uninitialized>true</uninitialized>
         <run_address>0x2000c444</run_address>
         <size>0x14</size>
         <input_file_ref idref="fl-a"/>
      </object_component>
      <object_component id="oc-df">
         <name>.bss:xTasksWaitingTermination</name>
         <uninitialized>true</uninitialized>
         <run_address>0x2000c46c</run_address>
         <size>0x14</size>
         <input_file_ref idref="fl-a"/>
      </object_component>
      <object_component id="oc-e8">
         <name>.bss:xSuspendedTaskList</name>
         <uninitialized>true</uninitialized>
         <run_address>0x2000c458</run_address>
         <size>0x14</size>
         <input_file_ref idref="fl-a"/>
      </object_component>
      <object_component id="oc-19a">
         <name>.bss:xActiveTimerList1</name>
         <uninitialized>true</uninitialized>
         <run_address>0x2000c3f4</run_address>
         <size>0x14</size>
         <input_file_ref idref="fl-b"/>
      </object_component>
      <object_component id="oc-19d">
         <name>.bss:xActiveTimerList2</name>
         <uninitialized>true</uninitialized>
         <run_address>0x2000c408</run_address>
         <size>0x14</size>
         <input_file_ref idref="fl-b"/>
      </object_component>
      <object_component id="oc-197">
         <name>.bss</name>
         <uninitialized>true</uninitialized>
         <run_address>0x2000c488</run_address>
         <size>0x8</size>
         <input_file_ref idref="fl-b"/>
      </object_component>
      <object_component id="oc-139">
         <name>.common:sem_2hz</name>
         <uninitialized>true</uninitialized>
         <run_address>0x2000c498</run_address>
         <size>0x4</size>
      </object_component>
      <object_component id="oc-13c">
         <name>.common:sem_4hz</name>
         <uninitialized>true</uninitialized>
         <run_address>0x2000c49c</run_address>
         <size>0x4</size>
      </object_component>
      <object_component id="oc-1c3">
         <name>.common:xQueueRegistry</name>
         <uninitialized>true</uninitialized>
         <run_address>0x2000c3b4</run_address>
         <size>0x40</size>
      </object_component>
      <object_component id="oc-21">
         <name>.stack</name>
         <uninitialized>true</uninitialized>
         <run_address>0x2000c4a0</run_address>
         <size>0x4</size>
         <input_file_ref idref="fl-cc"/>
      </object_component>
      <object_component id="oc-2af">
         <name>.stack</name>
         <uninitialized>true</uninitialized>
         <run_address>0x2000c4a0</run_address>
         <size>0x0</size>
      </object_component>
      <object_component id="oc-111">
         <name>.debug_info</name>
         <load_address>0x0</load_address>
         <run_address>0x0</run_address>
         <size>0x15a</size>
         <input_file_ref idref="fl-2"/>
      </object_component>
      <object_component id="oc-fe">
         <name>.debug_info</name>
         <load_address>0x15a</load_address>
         <run_address>0x15a</run_address>
         <size>0x2ef</size>
         <input_file_ref idref="fl-2"/>
      </object_component>
      <object_component id="oc-94">
         <name>.debug_info</name>
         <load_address>0x449</load_address>
         <run_address>0x449</run_address>
         <size>0x26b</size>
         <input_file_ref idref="fl-2"/>
      </object_component>
      <object_component id="oc-3e">
         <name>.debug_info</name>
         <load_address>0x6b4</load_address>
         <run_address>0x6b4</run_address>
         <size>0x84</size>
         <input_file_ref idref="fl-2"/>
      </object_component>
      <object_component id="oc-1be">
         <name>.debug_info</name>
         <load_address>0x738</load_address>
         <run_address>0x738</run_address>
         <size>0xcc</size>
         <input_file_ref idref="fl-2"/>
      </object_component>
      <object_component id="oc-88">
         <name>.debug_info</name>
         <load_address>0x804</load_address>
         <run_address>0x804</run_address>
         <size>0x2c</size>
         <input_file_ref idref="fl-2"/>
      </object_component>
      <object_component id="oc-112">
         <name>.debug_info</name>
         <load_address>0x830</load_address>
         <run_address>0x830</run_address>
         <size>0x297</size>
         <input_file_ref idref="fl-2"/>
      </object_component>
      <object_component id="oc-99">
         <name>.debug_info</name>
         <load_address>0xac7</load_address>
         <run_address>0xac7</run_address>
         <size>0xbb</size>
         <input_file_ref idref="fl-2"/>
      </object_component>
      <object_component id="oc-8d">
         <name>.debug_info</name>
         <load_address>0xb82</load_address>
         <run_address>0xb82</run_address>
         <size>0x53</size>
         <input_file_ref idref="fl-2"/>
      </object_component>
      <object_component id="oc-10c">
         <name>.debug_info</name>
         <load_address>0xbd5</load_address>
         <run_address>0xbd5</run_address>
         <size>0x14c</size>
         <input_file_ref idref="fl-2"/>
      </object_component>
      <object_component id="oc-1f1">
         <name>.debug_info</name>
         <load_address>0xd21</load_address>
         <run_address>0xd21</run_address>
         <size>0x592</size>
         <input_file_ref idref="fl-3"/>
      </object_component>
      <object_component id="oc-189">
         <name>.debug_info</name>
         <load_address>0x12b3</load_address>
         <run_address>0x12b3</run_address>
         <size>0x110</size>
         <input_file_ref idref="fl-3"/>
      </object_component>
      <object_component id="oc-248">
         <name>.debug_info</name>
         <load_address>0x13c3</load_address>
         <run_address>0x13c3</run_address>
         <size>0x39</size>
         <input_file_ref idref="fl-3"/>
      </object_component>
      <object_component id="oc-144">
         <name>.debug_info</name>
         <load_address>0x13fc</load_address>
         <run_address>0x13fc</run_address>
         <size>0x46</size>
         <input_file_ref idref="fl-3"/>
      </object_component>
      <object_component id="oc-24d">
         <name>.debug_info</name>
         <load_address>0x1442</load_address>
         <run_address>0x1442</run_address>
         <size>0x76</size>
         <input_file_ref idref="fl-3"/>
      </object_component>
      <object_component id="oc-1b7">
         <name>.debug_info</name>
         <load_address>0x14b8</load_address>
         <run_address>0x14b8</run_address>
         <size>0x386</size>
         <input_file_ref idref="fl-4"/>
      </object_component>
      <object_component id="oc-1b4">
         <name>.debug_info</name>
         <load_address>0x183e</load_address>
         <run_address>0x183e</run_address>
         <size>0xfe</size>
         <input_file_ref idref="fl-4"/>
      </object_component>
      <object_component id="oc-1b1">
         <name>.debug_info</name>
         <load_address>0x193c</load_address>
         <run_address>0x193c</run_address>
         <size>0xfe</size>
         <input_file_ref idref="fl-4"/>
      </object_component>
      <object_component id="oc-1ae">
         <name>.debug_info</name>
         <load_address>0x1a3a</load_address>
         <run_address>0x1a3a</run_address>
         <size>0x1b2</size>
         <input_file_ref idref="fl-4"/>
      </object_component>
      <object_component id="oc-f2">
         <name>.debug_info</name>
         <load_address>0x1bec</load_address>
         <run_address>0x1bec</run_address>
         <size>0xa6d</size>
         <input_file_ref idref="fl-4"/>
      </object_component>
      <object_component id="oc-222">
         <name>.debug_info</name>
         <load_address>0x2659</load_address>
         <run_address>0x2659</run_address>
         <size>0x62</size>
         <input_file_ref idref="fl-4"/>
      </object_component>
      <object_component id="oc-18f">
         <name>.debug_info</name>
         <load_address>0x26bb</load_address>
         <run_address>0x26bb</run_address>
         <size>0x2e2</size>
         <input_file_ref idref="fl-5"/>
      </object_component>
      <object_component id="oc-d8">
         <name>.debug_info</name>
         <load_address>0x299d</load_address>
         <run_address>0x299d</run_address>
         <size>0x6b3</size>
         <input_file_ref idref="fl-5"/>
      </object_component>
      <object_component id="oc-13a">
         <name>.debug_info</name>
         <load_address>0x3050</load_address>
         <run_address>0x3050</run_address>
         <size>0x625</size>
         <input_file_ref idref="fl-6"/>
      </object_component>
      <object_component id="oc-c0">
         <name>.debug_info</name>
         <load_address>0x3675</load_address>
         <run_address>0x3675</run_address>
         <size>0x4f8</size>
         <input_file_ref idref="fl-6"/>
      </object_component>
      <object_component id="oc-13f">
         <name>.debug_info</name>
         <load_address>0x3b6d</load_address>
         <run_address>0x3b6d</run_address>
         <size>0x8b</size>
         <input_file_ref idref="fl-6"/>
      </object_component>
      <object_component id="oc-1c7">
         <name>.debug_info</name>
         <load_address>0x3bf8</load_address>
         <run_address>0x3bf8</run_address>
         <size>0x46</size>
         <input_file_ref idref="fl-6"/>
      </object_component>
      <object_component id="oc-1ec">
         <name>.debug_info</name>
         <load_address>0x3c3e</load_address>
         <run_address>0x3c3e</run_address>
         <size>0x2c</size>
         <input_file_ref idref="fl-6"/>
      </object_component>
      <object_component id="oc-87">
         <name>.debug_info</name>
         <load_address>0x3c6a</load_address>
         <run_address>0x3c6a</run_address>
         <size>0x377</size>
         <input_file_ref idref="fl-7"/>
      </object_component>
      <object_component id="oc-7a">
         <name>.debug_info</name>
         <load_address>0x3fe1</load_address>
         <run_address>0x3fe1</run_address>
         <size>0x130</size>
         <input_file_ref idref="fl-7"/>
      </object_component>
      <object_component id="oc-84">
         <name>.debug_info</name>
         <load_address>0x4111</load_address>
         <run_address>0x4111</run_address>
         <size>0x117</size>
         <input_file_ref idref="fl-7"/>
      </object_component>
      <object_component id="oc-30">
         <name>.debug_info</name>
         <load_address>0x4228</load_address>
         <run_address>0x4228</run_address>
         <size>0x9ea</size>
         <input_file_ref idref="fl-7"/>
      </object_component>
      <object_component id="oc-2d">
         <name>.debug_info</name>
         <load_address>0x4c12</load_address>
         <run_address>0x4c12</run_address>
         <size>0x268</size>
         <input_file_ref idref="fl-8"/>
      </object_component>
      <object_component id="oc-1c4">
         <name>.debug_info</name>
         <load_address>0x4e7a</load_address>
         <run_address>0x4e7a</run_address>
         <size>0x788</size>
         <input_file_ref idref="fl-9"/>
      </object_component>
      <object_component id="oc-128">
         <name>.debug_info</name>
         <load_address>0x5602</load_address>
         <run_address>0x5602</run_address>
         <size>0x3378</size>
         <input_file_ref idref="fl-9"/>
      </object_component>
      <object_component id="oc-22d">
         <name>.debug_info</name>
         <load_address>0x897a</load_address>
         <run_address>0x897a</run_address>
         <size>0x1cd</size>
         <input_file_ref idref="fl-9"/>
      </object_component>
      <object_component id="oc-d3">
         <name>.debug_info</name>
         <load_address>0x8b47</load_address>
         <run_address>0x8b47</run_address>
         <size>0x6e8</size>
         <input_file_ref idref="fl-a"/>
      </object_component>
      <object_component id="oc-77">
         <name>.debug_info</name>
         <load_address>0x922f</load_address>
         <run_address>0x922f</run_address>
         <size>0x306</size>
         <input_file_ref idref="fl-a"/>
      </object_component>
      <object_component id="oc-dd">
         <name>.debug_info</name>
         <load_address>0x9535</load_address>
         <run_address>0x9535</run_address>
         <size>0x102</size>
         <input_file_ref idref="fl-a"/>
      </object_component>
      <object_component id="oc-f8">
         <name>.debug_info</name>
         <load_address>0x9637</load_address>
         <run_address>0x9637</run_address>
         <size>0x102</size>
         <input_file_ref idref="fl-a"/>
      </object_component>
      <object_component id="oc-fb">
         <name>.debug_info</name>
         <load_address>0x9739</load_address>
         <run_address>0x9739</run_address>
         <size>0x102</size>
         <input_file_ref idref="fl-a"/>
      </object_component>
      <object_component id="oc-ef">
         <name>.debug_info</name>
         <load_address>0x983b</load_address>
         <run_address>0x983b</run_address>
         <size>0x144</size>
         <input_file_ref idref="fl-a"/>
      </object_component>
      <object_component id="oc-ec">
         <name>.debug_info</name>
         <load_address>0x997f</load_address>
         <run_address>0x997f</run_address>
         <size>0x102</size>
         <input_file_ref idref="fl-a"/>
      </object_component>
      <object_component id="oc-e0">
         <name>.debug_info</name>
         <load_address>0x9a81</load_address>
         <run_address>0x9a81</run_address>
         <size>0x110</size>
         <input_file_ref idref="fl-a"/>
      </object_component>
      <object_component id="oc-e9">
         <name>.debug_info</name>
         <load_address>0x9b91</load_address>
         <run_address>0x9b91</run_address>
         <size>0x104</size>
         <input_file_ref idref="fl-a"/>
      </object_component>
      <object_component id="oc-7d">
         <name>.debug_info</name>
         <load_address>0x9c95</load_address>
         <run_address>0x9c95</run_address>
         <size>0x5888</size>
         <input_file_ref idref="fl-a"/>
      </object_component>
      <object_component id="oc-103">
         <name>.debug_info</name>
         <load_address>0xf51d</load_address>
         <run_address>0xf51d</run_address>
         <size>0x169</size>
         <input_file_ref idref="fl-a"/>
      </object_component>
      <object_component id="oc-1a1">
         <name>.debug_info</name>
         <load_address>0xf686</load_address>
         <run_address>0xf686</run_address>
         <size>0x7ef</size>
         <input_file_ref idref="fl-b"/>
      </object_component>
      <object_component id="oc-19b">
         <name>.debug_info</name>
         <load_address>0xfe75</load_address>
         <run_address>0xfe75</run_address>
         <size>0x103</size>
         <input_file_ref idref="fl-b"/>
      </object_component>
      <object_component id="oc-19e">
         <name>.debug_info</name>
         <load_address>0xff78</load_address>
         <run_address>0xff78</run_address>
         <size>0x103</size>
         <input_file_ref idref="fl-b"/>
      </object_component>
      <object_component id="oc-198">
         <name>.debug_info</name>
         <load_address>0x1007b</load_address>
         <run_address>0x1007b</run_address>
         <size>0x13b</size>
         <input_file_ref idref="fl-b"/>
      </object_component>
      <object_component id="oc-195">
         <name>.debug_info</name>
         <load_address>0x101b6</load_address>
         <run_address>0x101b6</run_address>
         <size>0xf7</size>
         <input_file_ref idref="fl-b"/>
      </object_component>
      <object_component id="oc-e3">
         <name>.debug_info</name>
         <load_address>0x102ad</load_address>
         <run_address>0x102ad</run_address>
         <size>0x1d4e</size>
         <input_file_ref idref="fl-b"/>
      </object_component>
      <object_component id="oc-1a2">
         <name>.debug_info</name>
         <load_address>0x11ffb</load_address>
         <run_address>0x11ffb</run_address>
         <size>0x1ce</size>
         <input_file_ref idref="fl-b"/>
      </object_component>
      <object_component id="oc-37">
         <name>.debug_info</name>
         <load_address>0x121c9</load_address>
         <run_address>0x121c9</run_address>
         <size>0x313</size>
         <input_file_ref idref="fl-c"/>
      </object_component>
      <object_component id="oc-10">
         <name>.debug_info</name>
         <load_address>0x124dc</load_address>
         <run_address>0x124dc</run_address>
         <size>0xd2</size>
         <input_file_ref idref="fl-c"/>
      </object_component>
      <object_component id="oc-27">
         <name>.debug_info</name>
         <load_address>0x125ae</load_address>
         <run_address>0x125ae</run_address>
         <size>0x251</size>
         <input_file_ref idref="fl-c"/>
      </object_component>
      <object_component id="oc-44">
         <name>.debug_info</name>
         <load_address>0x127ff</load_address>
         <run_address>0x127ff</run_address>
         <size>0x111</size>
         <input_file_ref idref="fl-c7"/>
      </object_component>
      <object_component id="oc-b6">
         <name>.debug_info</name>
         <load_address>0x12910</load_address>
         <run_address>0x12910</run_address>
         <size>0x13f</size>
         <input_file_ref idref="fl-c8"/>
      </object_component>
      <object_component id="oc-b2">
         <name>.debug_info</name>
         <load_address>0x12a4f</load_address>
         <run_address>0x12a4f</run_address>
         <size>0x313</size>
         <input_file_ref idref="fl-c9"/>
      </object_component>
      <object_component id="oc-59">
         <name>.debug_info</name>
         <load_address>0x12d62</load_address>
         <run_address>0x12d62</run_address>
         <size>0x1aa</size>
         <input_file_ref idref="fl-c9"/>
      </object_component>
      <object_component id="oc-ad">
         <name>.debug_info</name>
         <load_address>0x12f0c</load_address>
         <run_address>0x12f0c</run_address>
         <size>0x46</size>
         <input_file_ref idref="fl-c9"/>
      </object_component>
      <object_component id="oc-11e">
         <name>.debug_info</name>
         <load_address>0x12f52</load_address>
         <run_address>0x12f52</run_address>
         <size>0x2c</size>
         <input_file_ref idref="fl-c9"/>
      </object_component>
      <object_component id="oc-4e">
         <name>.debug_info</name>
         <load_address>0x12f7e</load_address>
         <run_address>0x12f7e</run_address>
         <size>0x29d</size>
         <input_file_ref idref="fl-ca"/>
      </object_component>
      <object_component id="oc-1c">
         <name>.debug_info</name>
         <load_address>0x1321b</load_address>
         <run_address>0x1321b</run_address>
         <size>0x1df</size>
         <input_file_ref idref="fl-ca"/>
      </object_component>
      <object_component id="oc-49">
         <name>.debug_info</name>
         <load_address>0x133fa</load_address>
         <run_address>0x133fa</run_address>
         <size>0x46</size>
         <input_file_ref idref="fl-ca"/>
      </object_component>
      <object_component id="oc-a5">
         <name>.debug_info</name>
         <load_address>0x13440</load_address>
         <run_address>0x13440</run_address>
         <size>0x2c</size>
         <input_file_ref idref="fl-ca"/>
      </object_component>
      <object_component id="oc-a3">
         <name>.debug_info</name>
         <load_address>0x1346c</load_address>
         <run_address>0x1346c</run_address>
         <size>0x293</size>
         <input_file_ref idref="fl-cb"/>
      </object_component>
      <object_component id="oc-13">
         <name>.debug_info</name>
         <load_address>0x136ff</load_address>
         <run_address>0x136ff</run_address>
         <size>0x245</size>
         <input_file_ref idref="fl-cb"/>
      </object_component>
      <object_component id="oc-39">
         <name>.debug_info</name>
         <load_address>0x13944</load_address>
         <run_address>0x13944</run_address>
         <size>0x60</size>
         <input_file_ref idref="fl-cb"/>
      </object_component>
      <object_component id="oc-117">
         <name>.debug_info</name>
         <load_address>0x139a4</load_address>
         <run_address>0x139a4</run_address>
         <size>0x46</size>
         <input_file_ref idref="fl-cb"/>
      </object_component>
      <object_component id="oc-9e">
         <name>.debug_info</name>
         <load_address>0x139ea</load_address>
         <run_address>0x139ea</run_address>
         <size>0x39</size>
         <input_file_ref idref="fl-cb"/>
      </object_component>
      <object_component id="oc-22">
         <name>.debug_info</name>
         <load_address>0x13a23</load_address>
         <run_address>0x13a23</run_address>
         <size>0x100</size>
         <input_file_ref idref="fl-cc"/>
      </object_component>
      <object_component id="oc-63">
         <name>.debug_info</name>
         <load_address>0x13b23</load_address>
         <run_address>0x13b23</run_address>
         <size>0x1a4</size>
         <input_file_ref idref="fl-cc"/>
      </object_component>
      <object_component id="oc-14d">
         <name>.debug_info</name>
         <load_address>0x13cc7</load_address>
         <run_address>0x13cc7</run_address>
         <size>0x117</size>
         <input_file_ref idref="fl-cd"/>
      </object_component>
      <object_component id="oc-1fd">
         <name>.debug_info</name>
         <load_address>0x13dde</load_address>
         <run_address>0x13dde</run_address>
         <size>0x547</size>
         <input_file_ref idref="fl-d0"/>
      </object_component>
      <object_component id="oc-156">
         <name>.debug_info</name>
         <load_address>0x14325</load_address>
         <run_address>0x14325</run_address>
         <size>0x19b</size>
         <input_file_ref idref="fl-d0"/>
      </object_component>
      <object_component id="oc-262">
         <name>.debug_info</name>
         <load_address>0x144c0</load_address>
         <run_address>0x144c0</run_address>
         <size>0x39</size>
         <input_file_ref idref="fl-d0"/>
      </object_component>
      <object_component id="oc-278">
         <name>.debug_info</name>
         <load_address>0x144f9</load_address>
         <run_address>0x144f9</run_address>
         <size>0x39</size>
         <input_file_ref idref="fl-d0"/>
      </object_component>
      <object_component id="oc-267">
         <name>.debug_info</name>
         <load_address>0x14532</load_address>
         <run_address>0x14532</run_address>
         <size>0x39</size>
         <input_file_ref idref="fl-d0"/>
      </object_component>
      <object_component id="oc-26c">
         <name>.debug_info</name>
         <load_address>0x1456b</load_address>
         <run_address>0x1456b</run_address>
         <size>0xcd</size>
         <input_file_ref idref="fl-d0"/>
      </object_component>
      <object_component id="oc-bc">
         <name>.debug_info</name>
         <load_address>0x14638</load_address>
         <run_address>0x14638</run_address>
         <size>0x148</size>
         <input_file_ref idref="fl-d1"/>
      </object_component>
      <object_component id="oc-1d2">
         <name>.debug_info</name>
         <load_address>0x14780</load_address>
         <run_address>0x14780</run_address>
         <size>0x230</size>
         <input_file_ref idref="fl-d3"/>
      </object_component>
      <object_component id="oc-130">
         <name>.debug_info</name>
         <load_address>0x149b0</load_address>
         <run_address>0x149b0</run_address>
         <size>0x2a3</size>
         <input_file_ref idref="fl-d3"/>
      </object_component>
      <object_component id="oc-1cd">
         <name>.debug_info</name>
         <load_address>0x14c53</load_address>
         <run_address>0x14c53</run_address>
         <size>0x18b</size>
         <input_file_ref idref="fl-d3"/>
      </object_component>
      <object_component id="oc-1e9">
         <name>.debug_info</name>
         <load_address>0x14dde</load_address>
         <run_address>0x14dde</run_address>
         <size>0x298</size>
         <input_file_ref idref="fl-d5"/>
      </object_component>
      <object_component id="oc-1e0">
         <name>.debug_info</name>
         <load_address>0x15076</load_address>
         <run_address>0x15076</run_address>
         <size>0x14d</size>
         <input_file_ref idref="fl-d5"/>
      </object_component>
      <object_component id="oc-1e3">
         <name>.debug_info</name>
         <load_address>0x151c3</load_address>
         <run_address>0x151c3</run_address>
         <size>0x159</size>
         <input_file_ref idref="fl-d5"/>
      </object_component>
      <object_component id="oc-235">
         <name>.debug_info</name>
         <load_address>0x1531c</load_address>
         <run_address>0x1531c</run_address>
         <size>0x153</size>
         <input_file_ref idref="fl-d5"/>
      </object_component>
      <object_component id="oc-1e6">
         <name>.debug_info</name>
         <load_address>0x1546f</load_address>
         <run_address>0x1546f</run_address>
         <size>0x160</size>
         <input_file_ref idref="fl-d5"/>
      </object_component>
      <object_component id="oc-1d4">
         <name>.debug_info</name>
         <load_address>0x155cf</load_address>
         <run_address>0x155cf</run_address>
         <size>0x270</size>
         <input_file_ref idref="fl-d5"/>
      </object_component>
      <object_component id="oc-1da">
         <name>.debug_info</name>
         <load_address>0x1583f</load_address>
         <run_address>0x1583f</run_address>
         <size>0x2ba</size>
         <input_file_ref idref="fl-d5"/>
      </object_component>
      <object_component id="oc-134">
         <name>.debug_info</name>
         <load_address>0x15af9</load_address>
         <run_address>0x15af9</run_address>
         <size>0x47f</size>
         <input_file_ref idref="fl-d5"/>
      </object_component>
      <object_component id="oc-241">
         <name>.debug_info</name>
         <load_address>0x15f78</load_address>
         <run_address>0x15f78</run_address>
         <size>0x5f</size>
         <input_file_ref idref="fl-d5"/>
      </object_component>
      <object_component id="oc-2b0">
         <name>.debug_info</name>
         <load_address>0x15fd7</load_address>
         <run_address>0x15fd7</run_address>
         <size>0x87</size>
      </object_component>
      <object_component id="oc-1bd">
         <name>.debug_line</name>
         <load_address>0x0</load_address>
         <run_address>0x0</run_address>
         <size>0x20</size>
         <input_file_ref idref="fl-2"/>
      </object_component>
      <object_component id="oc-101">
         <name>.debug_line</name>
         <load_address>0x20</load_address>
         <run_address>0x20</run_address>
         <size>0x70</size>
         <input_file_ref idref="fl-2"/>
      </object_component>
      <object_component id="oc-97">
         <name>.debug_line</name>
         <load_address>0x90</load_address>
         <run_address>0x90</run_address>
         <size>0x69</size>
         <input_file_ref idref="fl-2"/>
      </object_component>
      <object_component id="oc-41">
         <name>.debug_line</name>
         <load_address>0xf9</load_address>
         <run_address>0xf9</run_address>
         <size>0x20</size>
         <input_file_ref idref="fl-2"/>
      </object_component>
      <object_component id="oc-1c1">
         <name>.debug_line</name>
         <load_address>0x119</load_address>
         <run_address>0x119</run_address>
         <size>0x74</size>
         <input_file_ref idref="fl-2"/>
      </object_component>
      <object_component id="oc-8b">
         <name>.debug_line</name>
         <load_address>0x18d</load_address>
         <run_address>0x18d</run_address>
         <size>0x74</size>
         <input_file_ref idref="fl-2"/>
      </object_component>
      <object_component id="oc-115">
         <name>.debug_line</name>
         <load_address>0x201</load_address>
         <run_address>0x201</run_address>
         <size>0x6d</size>
         <input_file_ref idref="fl-2"/>
      </object_component>
      <object_component id="oc-9c">
         <name>.debug_line</name>
         <load_address>0x26e</load_address>
         <run_address>0x26e</run_address>
         <size>0x6a</size>
         <input_file_ref idref="fl-2"/>
      </object_component>
      <object_component id="oc-90">
         <name>.debug_line</name>
         <load_address>0x2d8</load_address>
         <run_address>0x2d8</run_address>
         <size>0x83</size>
         <input_file_ref idref="fl-2"/>
      </object_component>
      <object_component id="oc-10f">
         <name>.debug_line</name>
         <load_address>0x35b</load_address>
         <run_address>0x35b</run_address>
         <size>0x70</size>
         <input_file_ref idref="fl-2"/>
      </object_component>
      <object_component id="oc-247">
         <name>.debug_line</name>
         <load_address>0x3cb</load_address>
         <run_address>0x3cb</run_address>
         <size>0x177</size>
         <input_file_ref idref="fl-3"/>
      </object_component>
      <object_component id="oc-18c">
         <name>.debug_line</name>
         <load_address>0x542</load_address>
         <run_address>0x542</run_address>
         <size>0x65</size>
         <input_file_ref idref="fl-3"/>
      </object_component>
      <object_component id="oc-24b">
         <name>.debug_line</name>
         <load_address>0x5a7</load_address>
         <run_address>0x5a7</run_address>
         <size>0x78</size>
         <input_file_ref idref="fl-3"/>
      </object_component>
      <object_component id="oc-147">
         <name>.debug_line</name>
         <load_address>0x61f</load_address>
         <run_address>0x61f</run_address>
         <size>0x72</size>
         <input_file_ref idref="fl-3"/>
      </object_component>
      <object_component id="oc-250">
         <name>.debug_line</name>
         <load_address>0x691</load_address>
         <run_address>0x691</run_address>
         <size>0x70</size>
         <input_file_ref idref="fl-3"/>
      </object_component>
      <object_component id="oc-22a">
         <name>.debug_line</name>
         <load_address>0x701</load_address>
         <run_address>0x701</run_address>
         <size>0x70</size>
         <input_file_ref idref="fl-4"/>
      </object_component>
      <object_component id="oc-228">
         <name>.debug_line</name>
         <load_address>0x771</load_address>
         <run_address>0x771</run_address>
         <size>0x7b</size>
         <input_file_ref idref="fl-4"/>
      </object_component>
      <object_component id="oc-221">
         <name>.debug_line</name>
         <load_address>0x7ec</load_address>
         <run_address>0x7ec</run_address>
         <size>0x7b</size>
         <input_file_ref idref="fl-4"/>
      </object_component>
      <object_component id="oc-21f">
         <name>.debug_line</name>
         <load_address>0x867</load_address>
         <run_address>0x867</run_address>
         <size>0x7b</size>
         <input_file_ref idref="fl-4"/>
      </object_component>
      <object_component id="oc-f5">
         <name>.debug_line</name>
         <load_address>0x8e2</load_address>
         <run_address>0x8e2</run_address>
         <size>0x1d7</size>
         <input_file_ref idref="fl-4"/>
      </object_component>
      <object_component id="oc-225">
         <name>.debug_line</name>
         <load_address>0xab9</load_address>
         <run_address>0xab9</run_address>
         <size>0x7b</size>
         <input_file_ref idref="fl-4"/>
      </object_component>
      <object_component id="oc-213">
         <name>.debug_line</name>
         <load_address>0xb34</load_address>
         <run_address>0xb34</run_address>
         <size>0x20</size>
         <input_file_ref idref="fl-5"/>
      </object_component>
      <object_component id="oc-d7">
         <name>.debug_line</name>
         <load_address>0xb54</load_address>
         <run_address>0xb54</run_address>
         <size>0x120</size>
         <input_file_ref idref="fl-5"/>
      </object_component>
      <object_component id="oc-1eb">
         <name>.debug_line</name>
         <load_address>0xc74</load_address>
         <run_address>0xc74</run_address>
         <size>0x18e</size>
         <input_file_ref idref="fl-6"/>
      </object_component>
      <object_component id="oc-c4">
         <name>.debug_line</name>
         <load_address>0xe02</load_address>
         <run_address>0xe02</run_address>
         <size>0xe9</size>
         <input_file_ref idref="fl-6"/>
      </object_component>
      <object_component id="oc-142">
         <name>.debug_line</name>
         <load_address>0xeeb</load_address>
         <run_address>0xeeb</run_address>
         <size>0x20</size>
         <input_file_ref idref="fl-6"/>
      </object_component>
      <object_component id="oc-1ca">
         <name>.debug_line</name>
         <load_address>0xf0b</load_address>
         <run_address>0xf0b</run_address>
         <size>0x71</size>
         <input_file_ref idref="fl-6"/>
      </object_component>
      <object_component id="oc-1ef">
         <name>.debug_line</name>
         <load_address>0xf7c</load_address>
         <run_address>0xf7c</run_address>
         <size>0x72</size>
         <input_file_ref idref="fl-6"/>
      </object_component>
      <object_component id="oc-10b">
         <name>.debug_line</name>
         <load_address>0xfee</load_address>
         <run_address>0xfee</run_address>
         <size>0xce</size>
         <input_file_ref idref="fl-7"/>
      </object_component>
      <object_component id="oc-d5">
         <name>.debug_line</name>
         <load_address>0x10bc</load_address>
         <run_address>0x10bc</run_address>
         <size>0x7e</size>
         <input_file_ref idref="fl-7"/>
      </object_component>
      <object_component id="oc-109">
         <name>.debug_line</name>
         <load_address>0x113a</load_address>
         <run_address>0x113a</run_address>
         <size>0x7e</size>
         <input_file_ref idref="fl-7"/>
      </object_component>
      <object_component id="oc-33">
         <name>.debug_line</name>
         <load_address>0x11b8</load_address>
         <run_address>0x11b8</run_address>
         <size>0x177</size>
         <input_file_ref idref="fl-7"/>
      </object_component>
      <object_component id="oc-2b">
         <name>.debug_line</name>
         <load_address>0x132f</load_address>
         <run_address>0x132f</run_address>
         <size>0x11a</size>
         <input_file_ref idref="fl-8"/>
      </object_component>
      <object_component id="oc-22c">
         <name>.debug_line</name>
         <load_address>0x1449</load_address>
         <run_address>0x1449</run_address>
         <size>0x1c0</size>
         <input_file_ref idref="fl-9"/>
      </object_component>
      <object_component id="oc-12b">
         <name>.debug_line</name>
         <load_address>0x1609</load_address>
         <run_address>0x1609</run_address>
         <size>0x77f</size>
         <input_file_ref idref="fl-9"/>
      </object_component>
      <object_component id="oc-230">
         <name>.debug_line</name>
         <load_address>0x1d88</load_address>
         <run_address>0x1d88</run_address>
         <size>0x69</size>
         <input_file_ref idref="fl-9"/>
      </object_component>
      <object_component id="oc-188">
         <name>.debug_line</name>
         <load_address>0x1df1</load_address>
         <run_address>0x1df1</run_address>
         <size>0x1be</size>
         <input_file_ref idref="fl-a"/>
      </object_component>
      <object_component id="oc-d2">
         <name>.debug_line</name>
         <load_address>0x1faf</load_address>
         <run_address>0x1faf</run_address>
         <size>0x69</size>
         <input_file_ref idref="fl-a"/>
      </object_component>
      <object_component id="oc-191">
         <name>.debug_line</name>
         <load_address>0x2018</load_address>
         <run_address>0x2018</run_address>
         <size>0x69</size>
         <input_file_ref idref="fl-a"/>
      </object_component>
      <object_component id="oc-1b9">
         <name>.debug_line</name>
         <load_address>0x2081</load_address>
         <run_address>0x2081</run_address>
         <size>0x69</size>
         <input_file_ref idref="fl-a"/>
      </object_component>
      <object_component id="oc-1bb">
         <name>.debug_line</name>
         <load_address>0x20ea</load_address>
         <run_address>0x20ea</run_address>
         <size>0x69</size>
         <input_file_ref idref="fl-a"/>
      </object_component>
      <object_component id="oc-1ac">
         <name>.debug_line</name>
         <load_address>0x2153</load_address>
         <run_address>0x2153</run_address>
         <size>0x69</size>
         <input_file_ref idref="fl-a"/>
      </object_component>
      <object_component id="oc-1aa">
         <name>.debug_line</name>
         <load_address>0x21bc</load_address>
         <run_address>0x21bc</run_address>
         <size>0x69</size>
         <input_file_ref idref="fl-a"/>
      </object_component>
      <object_component id="oc-193">
         <name>.debug_line</name>
         <load_address>0x2225</load_address>
         <run_address>0x2225</run_address>
         <size>0x69</size>
         <input_file_ref idref="fl-a"/>
      </object_component>
      <object_component id="oc-1a8">
         <name>.debug_line</name>
         <load_address>0x228e</load_address>
         <run_address>0x228e</run_address>
         <size>0x69</size>
         <input_file_ref idref="fl-a"/>
      </object_component>
      <object_component id="oc-80">
         <name>.debug_line</name>
         <load_address>0x22f7</load_address>
         <run_address>0x22f7</run_address>
         <size>0xc6e</size>
         <input_file_ref idref="fl-a"/>
      </object_component>
      <object_component id="oc-106">
         <name>.debug_line</name>
         <load_address>0x2f65</load_address>
         <run_address>0x2f65</run_address>
         <size>0x69</size>
         <input_file_ref idref="fl-a"/>
      </object_component>
      <object_component id="oc-21d">
         <name>.debug_line</name>
         <load_address>0x2fce</load_address>
         <run_address>0x2fce</run_address>
         <size>0x1c8</size>
         <input_file_ref idref="fl-b"/>
      </object_component>
      <object_component id="oc-219">
         <name>.debug_line</name>
         <load_address>0x3196</load_address>
         <run_address>0x3196</run_address>
         <size>0x6a</size>
         <input_file_ref idref="fl-b"/>
      </object_component>
      <object_component id="oc-21b">
         <name>.debug_line</name>
         <load_address>0x3200</load_address>
         <run_address>0x3200</run_address>
         <size>0x6a</size>
         <input_file_ref idref="fl-b"/>
      </object_component>
      <object_component id="oc-217">
         <name>.debug_line</name>
         <load_address>0x326a</load_address>
         <run_address>0x326a</run_address>
         <size>0x6a</size>
         <input_file_ref idref="fl-b"/>
      </object_component>
      <object_component id="oc-215">
         <name>.debug_line</name>
         <load_address>0x32d4</load_address>
         <run_address>0x32d4</run_address>
         <size>0x6a</size>
         <input_file_ref idref="fl-b"/>
      </object_component>
      <object_component id="oc-e6">
         <name>.debug_line</name>
         <load_address>0x333e</load_address>
         <run_address>0x333e</run_address>
         <size>0x41b</size>
         <input_file_ref idref="fl-b"/>
      </object_component>
      <object_component id="oc-1a5">
         <name>.debug_line</name>
         <load_address>0x3759</load_address>
         <run_address>0x3759</run_address>
         <size>0x6a</size>
         <input_file_ref idref="fl-b"/>
      </object_component>
      <object_component id="oc-93">
         <name>.debug_line</name>
         <load_address>0x37c3</load_address>
         <run_address>0x37c3</run_address>
         <size>0x42</size>
         <input_file_ref idref="fl-c"/>
      </object_component>
      <object_component id="oc-36">
         <name>.debug_line</name>
         <load_address>0x3805</load_address>
         <run_address>0x3805</run_address>
         <size>0x42</size>
         <input_file_ref idref="fl-c"/>
      </object_component>
      <object_component id="oc-26">
         <name>.debug_line</name>
         <load_address>0x3847</load_address>
         <run_address>0x3847</run_address>
         <size>0xa2</size>
         <input_file_ref idref="fl-c"/>
      </object_component>
      <object_component id="oc-47">
         <name>.debug_line</name>
         <load_address>0x38e9</load_address>
         <run_address>0x38e9</run_address>
         <size>0x88</size>
         <input_file_ref idref="fl-c7"/>
      </object_component>
      <object_component id="oc-b4">
         <name>.debug_line</name>
         <load_address>0x3971</load_address>
         <run_address>0x3971</run_address>
         <size>0x79</size>
         <input_file_ref idref="fl-c8"/>
      </object_component>
      <object_component id="oc-124">
         <name>.debug_line</name>
         <load_address>0x39ea</load_address>
         <run_address>0x39ea</run_address>
         <size>0x9e</size>
         <input_file_ref idref="fl-c9"/>
      </object_component>
      <object_component id="oc-56">
         <name>.debug_line</name>
         <load_address>0x3a88</load_address>
         <run_address>0x3a88</run_address>
         <size>0x4f</size>
         <input_file_ref idref="fl-c9"/>
      </object_component>
      <object_component id="oc-b0">
         <name>.debug_line</name>
         <load_address>0x3ad7</load_address>
         <run_address>0x3ad7</run_address>
         <size>0x34</size>
         <input_file_ref idref="fl-c9"/>
      </object_component>
      <object_component id="oc-121">
         <name>.debug_line</name>
         <load_address>0x3b0b</load_address>
         <run_address>0x3b0b</run_address>
         <size>0x8a</size>
         <input_file_ref idref="fl-c9"/>
      </object_component>
      <object_component id="oc-ab">
         <name>.debug_line</name>
         <load_address>0x3b95</load_address>
         <run_address>0x3b95</run_address>
         <size>0x20</size>
         <input_file_ref idref="fl-ca"/>
      </object_component>
      <object_component id="oc-1b">
         <name>.debug_line</name>
         <load_address>0x3bb5</load_address>
         <run_address>0x3bb5</run_address>
         <size>0x55</size>
         <input_file_ref idref="fl-ca"/>
      </object_component>
      <object_component id="oc-4c">
         <name>.debug_line</name>
         <load_address>0x3c0a</load_address>
         <run_address>0x3c0a</run_address>
         <size>0x3a</size>
         <input_file_ref idref="fl-ca"/>
      </object_component>
      <object_component id="oc-a8">
         <name>.debug_line</name>
         <load_address>0x3c44</load_address>
         <run_address>0x3c44</run_address>
         <size>0x8a</size>
         <input_file_ref idref="fl-ca"/>
      </object_component>
      <object_component id="oc-11d">
         <name>.debug_line</name>
         <load_address>0x3cce</load_address>
         <run_address>0x3cce</run_address>
         <size>0x20</size>
         <input_file_ref idref="fl-cb"/>
      </object_component>
      <object_component id="oc-16">
         <name>.debug_line</name>
         <load_address>0x3cee</load_address>
         <run_address>0x3cee</run_address>
         <size>0xa9</size>
         <input_file_ref idref="fl-cb"/>
      </object_component>
      <object_component id="oc-3c">
         <name>.debug_line</name>
         <load_address>0x3d97</load_address>
         <run_address>0x3d97</run_address>
         <size>0x3a</size>
         <input_file_ref idref="fl-cb"/>
      </object_component>
      <object_component id="oc-11a">
         <name>.debug_line</name>
         <load_address>0x3dd1</load_address>
         <run_address>0x3dd1</run_address>
         <size>0x92</size>
         <input_file_ref idref="fl-cb"/>
      </object_component>
      <object_component id="oc-a1">
         <name>.debug_line</name>
         <load_address>0x3e63</load_address>
         <run_address>0x3e63</run_address>
         <size>0x8e</size>
         <input_file_ref idref="fl-cb"/>
      </object_component>
      <object_component id="oc-74">
         <name>.debug_line</name>
         <load_address>0x3ef1</load_address>
         <run_address>0x3ef1</run_address>
         <size>0x33</size>
         <input_file_ref idref="fl-cc"/>
      </object_component>
      <object_component id="oc-62">
         <name>.debug_line</name>
         <load_address>0x3f24</load_address>
         <run_address>0x3f24</run_address>
         <size>0x56</size>
         <input_file_ref idref="fl-cc"/>
      </object_component>
      <object_component id="oc-14a">
         <name>.debug_line</name>
         <load_address>0x3f7a</load_address>
         <run_address>0x3f7a</run_address>
         <size>0x3c</size>
         <input_file_ref idref="fl-cd"/>
      </object_component>
      <object_component id="oc-261">
         <name>.debug_line</name>
         <load_address>0x3fb6</load_address>
         <run_address>0x3fb6</run_address>
         <size>0xb7</size>
         <input_file_ref idref="fl-d0"/>
      </object_component>
      <object_component id="oc-159">
         <name>.debug_line</name>
         <load_address>0x406d</load_address>
         <run_address>0x406d</run_address>
         <size>0x6c</size>
         <input_file_ref idref="fl-d0"/>
      </object_component>
      <object_component id="oc-265">
         <name>.debug_line</name>
         <load_address>0x40d9</load_address>
         <run_address>0x40d9</run_address>
         <size>0x2e</size>
         <input_file_ref idref="fl-d0"/>
      </object_component>
      <object_component id="oc-27b">
         <name>.debug_line</name>
         <load_address>0x4107</load_address>
         <run_address>0x4107</run_address>
         <size>0x92</size>
         <input_file_ref idref="fl-d0"/>
      </object_component>
      <object_component id="oc-26a">
         <name>.debug_line</name>
         <load_address>0x4199</load_address>
         <run_address>0x4199</run_address>
         <size>0x8f</size>
         <input_file_ref idref="fl-d0"/>
      </object_component>
      <object_component id="oc-26f">
         <name>.debug_line</name>
         <load_address>0x4228</load_address>
         <run_address>0x4228</run_address>
         <size>0x8b</size>
         <input_file_ref idref="fl-d0"/>
      </object_component>
      <object_component id="oc-bb">
         <name>.debug_line</name>
         <load_address>0x42b3</load_address>
         <run_address>0x42b3</run_address>
         <size>0x40</size>
         <input_file_ref idref="fl-d1"/>
      </object_component>
      <object_component id="oc-233">
         <name>.debug_line</name>
         <load_address>0x42f3</load_address>
         <run_address>0x42f3</run_address>
         <size>0x82</size>
         <input_file_ref idref="fl-d3"/>
      </object_component>
      <object_component id="oc-12f">
         <name>.debug_line</name>
         <load_address>0x4375</load_address>
         <run_address>0x4375</run_address>
         <size>0x92</size>
         <input_file_ref idref="fl-d3"/>
      </object_component>
      <object_component id="oc-1d0">
         <name>.debug_line</name>
         <load_address>0x4407</load_address>
         <run_address>0x4407</run_address>
         <size>0x69</size>
         <input_file_ref idref="fl-d3"/>
      </object_component>
      <object_component id="oc-240">
         <name>.debug_line</name>
         <load_address>0x4470</load_address>
         <run_address>0x4470</run_address>
         <size>0x13d</size>
         <input_file_ref idref="fl-d5"/>
      </object_component>
      <object_component id="oc-23a">
         <name>.debug_line</name>
         <load_address>0x45ad</load_address>
         <run_address>0x45ad</run_address>
         <size>0x7f</size>
         <input_file_ref idref="fl-d5"/>
      </object_component>
      <object_component id="oc-23c">
         <name>.debug_line</name>
         <load_address>0x462c</load_address>
         <run_address>0x462c</run_address>
         <size>0x7f</size>
         <input_file_ref idref="fl-d5"/>
      </object_component>
      <object_component id="oc-274">
         <name>.debug_line</name>
         <load_address>0x46ab</load_address>
         <run_address>0x46ab</run_address>
         <size>0x7f</size>
         <input_file_ref idref="fl-d5"/>
      </object_component>
      <object_component id="oc-23e">
         <name>.debug_line</name>
         <load_address>0x472a</load_address>
         <run_address>0x472a</run_address>
         <size>0x7f</size>
         <input_file_ref idref="fl-d5"/>
      </object_component>
      <object_component id="oc-1d7">
         <name>.debug_line</name>
         <load_address>0x47a9</load_address>
         <run_address>0x47a9</run_address>
         <size>0x9e</size>
         <input_file_ref idref="fl-d5"/>
      </object_component>
      <object_component id="oc-1dd">
         <name>.debug_line</name>
         <load_address>0x4847</load_address>
         <run_address>0x4847</run_address>
         <size>0xb0</size>
         <input_file_ref idref="fl-d5"/>
      </object_component>
      <object_component id="oc-137">
         <name>.debug_line</name>
         <load_address>0x48f7</load_address>
         <run_address>0x48f7</run_address>
         <size>0x176</size>
         <input_file_ref idref="fl-d5"/>
      </object_component>
      <object_component id="oc-244">
         <name>.debug_line</name>
         <load_address>0x4a6d</load_address>
         <run_address>0x4a6d</run_address>
         <size>0x7f</size>
         <input_file_ref idref="fl-d5"/>
      </object_component>
      <object_component id="oc-1bc">
         <name>.debug_abbrev</name>
         <load_address>0x0</load_address>
         <run_address>0x0</run_address>
         <size>0x69</size>
         <input_file_ref idref="fl-2"/>
      </object_component>
      <object_component id="oc-100">
         <name>.debug_abbrev</name>
         <load_address>0x69</load_address>
         <run_address>0x69</run_address>
         <size>0x90</size>
         <input_file_ref idref="fl-2"/>
      </object_component>
      <object_component id="oc-96">
         <name>.debug_abbrev</name>
         <load_address>0xf9</load_address>
         <run_address>0xf9</run_address>
         <size>0x69</size>
         <input_file_ref idref="fl-2"/>
      </object_component>
      <object_component id="oc-40">
         <name>.debug_abbrev</name>
         <load_address>0x162</load_address>
         <run_address>0x162</run_address>
         <size>0x1f</size>
         <input_file_ref idref="fl-2"/>
      </object_component>
      <object_component id="oc-1c0">
         <name>.debug_abbrev</name>
         <load_address>0x181</load_address>
         <run_address>0x181</run_address>
         <size>0x72</size>
         <input_file_ref idref="fl-2"/>
      </object_component>
      <object_component id="oc-8a">
         <name>.debug_abbrev</name>
         <load_address>0x1f3</load_address>
         <run_address>0x1f3</run_address>
         <size>0x24</size>
         <input_file_ref idref="fl-2"/>
      </object_component>
      <object_component id="oc-114">
         <name>.debug_abbrev</name>
         <load_address>0x217</load_address>
         <run_address>0x217</run_address>
         <size>0x5c</size>
         <input_file_ref idref="fl-2"/>
      </object_component>
      <object_component id="oc-9b">
         <name>.debug_abbrev</name>
         <load_address>0x273</load_address>
         <run_address>0x273</run_address>
         <size>0x24</size>
         <input_file_ref idref="fl-2"/>
      </object_component>
      <object_component id="oc-8f">
         <name>.debug_abbrev</name>
         <load_address>0x297</load_address>
         <run_address>0x297</run_address>
         <size>0x24</size>
         <input_file_ref idref="fl-2"/>
      </object_component>
      <object_component id="oc-10e">
         <name>.debug_abbrev</name>
         <load_address>0x2bb</load_address>
         <run_address>0x2bb</run_address>
         <size>0x61</size>
         <input_file_ref idref="fl-2"/>
      </object_component>
      <object_component id="oc-246">
         <name>.debug_abbrev</name>
         <load_address>0x31c</load_address>
         <run_address>0x31c</run_address>
         <size>0x115</size>
         <input_file_ref idref="fl-3"/>
      </object_component>
      <object_component id="oc-18b">
         <name>.debug_abbrev</name>
         <load_address>0x431</load_address>
         <run_address>0x431</run_address>
         <size>0x5a</size>
         <input_file_ref idref="fl-3"/>
      </object_component>
      <object_component id="oc-24a">
         <name>.debug_abbrev</name>
         <load_address>0x48b</load_address>
         <run_address>0x48b</run_address>
         <size>0x24</size>
         <input_file_ref idref="fl-3"/>
      </object_component>
      <object_component id="oc-146">
         <name>.debug_abbrev</name>
         <load_address>0x4af</load_address>
         <run_address>0x4af</run_address>
         <size>0x24</size>
         <input_file_ref idref="fl-3"/>
      </object_component>
      <object_component id="oc-24f">
         <name>.debug_abbrev</name>
         <load_address>0x4d3</load_address>
         <run_address>0x4d3</run_address>
         <size>0x4b</size>
         <input_file_ref idref="fl-3"/>
      </object_component>
      <object_component id="oc-229">
         <name>.debug_abbrev</name>
         <load_address>0x51e</load_address>
         <run_address>0x51e</run_address>
         <size>0xb2</size>
         <input_file_ref idref="fl-4"/>
      </object_component>
      <object_component id="oc-227">
         <name>.debug_abbrev</name>
         <load_address>0x5d0</load_address>
         <run_address>0x5d0</run_address>
         <size>0x27</size>
         <input_file_ref idref="fl-4"/>
      </object_component>
      <object_component id="oc-220">
         <name>.debug_abbrev</name>
         <load_address>0x5f7</load_address>
         <run_address>0x5f7</run_address>
         <size>0x27</size>
         <input_file_ref idref="fl-4"/>
      </object_component>
      <object_component id="oc-21e">
         <name>.debug_abbrev</name>
         <load_address>0x61e</load_address>
         <run_address>0x61e</run_address>
         <size>0x27</size>
         <input_file_ref idref="fl-4"/>
      </object_component>
      <object_component id="oc-1b6">
         <name>.debug_abbrev</name>
         <load_address>0x645</load_address>
         <run_address>0x645</run_address>
         <size>0x103</size>
         <input_file_ref idref="fl-4"/>
      </object_component>
      <object_component id="oc-224">
         <name>.debug_abbrev</name>
         <load_address>0x748</load_address>
         <run_address>0x748</run_address>
         <size>0x4b</size>
         <input_file_ref idref="fl-4"/>
      </object_component>
      <object_component id="oc-212">
         <name>.debug_abbrev</name>
         <load_address>0x793</load_address>
         <run_address>0x793</run_address>
         <size>0x60</size>
         <input_file_ref idref="fl-5"/>
      </object_component>
      <object_component id="oc-18e">
         <name>.debug_abbrev</name>
         <load_address>0x7f3</load_address>
         <run_address>0x7f3</run_address>
         <size>0x9b</size>
         <input_file_ref idref="fl-5"/>
      </object_component>
      <object_component id="oc-1ea">
         <name>.debug_abbrev</name>
         <load_address>0x88e</load_address>
         <run_address>0x88e</run_address>
         <size>0xe9</size>
         <input_file_ref idref="fl-6"/>
      </object_component>
      <object_component id="oc-13e">
         <name>.debug_abbrev</name>
         <load_address>0x977</load_address>
         <run_address>0x977</run_address>
         <size>0xb8</size>
         <input_file_ref idref="fl-6"/>
      </object_component>
      <object_component id="oc-141">
         <name>.debug_abbrev</name>
         <load_address>0xa2f</load_address>
         <run_address>0xa2f</run_address>
         <size>0x1f</size>
         <input_file_ref idref="fl-6"/>
      </object_component>
      <object_component id="oc-1c9">
         <name>.debug_abbrev</name>
         <load_address>0xa4e</load_address>
         <run_address>0xa4e</run_address>
         <size>0x24</size>
         <input_file_ref idref="fl-6"/>
      </object_component>
      <object_component id="oc-1ee">
         <name>.debug_abbrev</name>
         <load_address>0xa72</load_address>
         <run_address>0xa72</run_address>
         <size>0x24</size>
         <input_file_ref idref="fl-6"/>
      </object_component>
      <object_component id="oc-10a">
         <name>.debug_abbrev</name>
         <load_address>0xa96</load_address>
         <run_address>0xa96</run_address>
         <size>0x97</size>
         <input_file_ref idref="fl-7"/>
      </object_component>
      <object_component id="oc-d4">
         <name>.debug_abbrev</name>
         <load_address>0xb2d</load_address>
         <run_address>0xb2d</run_address>
         <size>0x29</size>
         <input_file_ref idref="fl-7"/>
      </object_component>
      <object_component id="oc-108">
         <name>.debug_abbrev</name>
         <load_address>0xb56</load_address>
         <run_address>0xb56</run_address>
         <size>0x27</size>
         <input_file_ref idref="fl-7"/>
      </object_component>
      <object_component id="oc-86">
         <name>.debug_abbrev</name>
         <load_address>0xb7d</load_address>
         <run_address>0xb7d</run_address>
         <size>0x101</size>
         <input_file_ref idref="fl-7"/>
      </object_component>
      <object_component id="oc-82">
         <name>.debug_abbrev</name>
         <load_address>0xc7e</load_address>
         <run_address>0xc7e</run_address>
         <size>0x75</size>
         <input_file_ref idref="fl-8"/>
      </object_component>
      <object_component id="oc-22b">
         <name>.debug_abbrev</name>
         <load_address>0xcf3</load_address>
         <run_address>0xcf3</run_address>
         <size>0x148</size>
         <input_file_ref idref="fl-9"/>
      </object_component>
      <object_component id="oc-1c6">
         <name>.debug_abbrev</name>
         <load_address>0xe3b</load_address>
         <run_address>0xe3b</run_address>
         <size>0x101</size>
         <input_file_ref idref="fl-9"/>
      </object_component>
      <object_component id="oc-22f">
         <name>.debug_abbrev</name>
         <load_address>0xf3c</load_address>
         <run_address>0xf3c</run_address>
         <size>0x70</size>
         <input_file_ref idref="fl-9"/>
      </object_component>
      <object_component id="oc-187">
         <name>.debug_abbrev</name>
         <load_address>0xfac</load_address>
         <run_address>0xfac</run_address>
         <size>0x125</size>
         <input_file_ref idref="fl-a"/>
      </object_component>
      <object_component id="oc-d1">
         <name>.debug_abbrev</name>
         <load_address>0x10d1</load_address>
         <run_address>0x10d1</run_address>
         <size>0x51</size>
         <input_file_ref idref="fl-a"/>
      </object_component>
      <object_component id="oc-190">
         <name>.debug_abbrev</name>
         <load_address>0x1122</load_address>
         <run_address>0x1122</run_address>
         <size>0x27</size>
         <input_file_ref idref="fl-a"/>
      </object_component>
      <object_component id="oc-1b8">
         <name>.debug_abbrev</name>
         <load_address>0x1149</load_address>
         <run_address>0x1149</run_address>
         <size>0x27</size>
         <input_file_ref idref="fl-a"/>
      </object_component>
      <object_component id="oc-1ba">
[...]
      </symbol>
      <symbol id="sm-114">
         <name>sem_2hz</name>
         <value>0x2000c498</value>
      </symbol>
      <symbol id="sm-115">
         <name>sem_4hz</name>
         <value>0x2000c49c</value>
      </symbol>
      <symbol id="sm-116">
         <name>Task_2Hz</name>
         <value>0x2dbd</value>
         <object_component_ref idref="oc-bf"/>
      </symbol>
      <symbol id="sm-117">
         <name>timer_callback</name>
         <value>0x2e69</value>
         <object_component_ref idref="oc-bf"/>
      </symbol>
      <symbol id="sm-118">
         <name>main</name>
         <value>0x2ea1</value>
         <object_component_ref idref="oc-bf"/>
      </symbol>
      <symbol id="sm-119">
         <name>Task_4Hz</name>
         <value>0x2e13</value>
         <object_component_ref idref="oc-bf"/>
      </symbol>
      <symbol id="sm-148">
         <name>ulMaxSyscallInterruptPriority</name>
         <value>0x37a4</value>
         <object_component_ref idref="oc-79"/>
      </symbol>
      <symbol id="sm-149">
         <name>vPortSetupTimerInterrupt</name>
         <value>0x31bb</value>
         <object_component_ref idref="oc-2f"/>
      </symbol>
      <symbol id="sm-14a">
         <name>vPortEndScheduler</name>
         <value>0x315d</value>
         <object_component_ref idref="oc-2f"/>
      </symbol>
      <symbol id="sm-14b">
         <name>xPortSysTickHandler</name>
         <value>0x3195</value>
         <object_component_ref idref="oc-2f"/>
      </symbol>
      <symbol id="sm-14c">
         <name>pxPortInitialiseStack</name>
         <value>0x30c1</value>
         <object_component_ref idref="oc-2f"/>
      </symbol>
      <symbol id="sm-14d">
         <name>vPortExitCritical</name>
         <value>0x317f</value>
         <object_component_ref idref="oc-2f"/>
      </symbol>
      <symbol id="sm-14e">
         <name>xPortStartScheduler</name>
         <value>0x3127</value>
         <object_component_ref idref="oc-2f"/>
      </symbol>
      <symbol id="sm-14f">
         <name>vPortEnterCritical</name>
         <value>0x315f</value>
         <object_component_ref idref="oc-2f"/>
      </symbol>
      <symbol id="sm-15e">
         <name>vPortStartFirstTask</name>
         <value>0x3291</value>
         <object_component_ref idref="oc-2a"/>
      </symbol>
      <symbol id="sm-15f">
         <name>ulPortGetIPSR</name>
         <value>0x31f9</value>
         <object_component_ref idref="oc-2a"/>
      </symbol>
      <symbol id="sm-160">
         <name>vPortEnableVFP</name>
         <value>0x32ad</value>
         <object_component_ref idref="oc-2a"/>
      </symbol>
      <symbol id="sm-161">
         <name>xPortPendSVHandler</name>
         <value>0x3211</value>
         <object_component_ref idref="oc-2a"/>
      </symbol>
      <symbol id="sm-162">
         <name>vPortSVCHandler</name>
         <value>0x3271</value>
         <object_component_ref idref="oc-2a"/>
      </symbol>
      <symbol id="sm-1fd">
         <name>xQueueRegistry</name>
         <value>0x2000c3b4</value>
      </symbol>
      <symbol id="sm-1fe">
         <name>xQueuePeekFromISR</name>
         <value>0x2029</value>
         <object_component_ref idref="oc-127"/>
      </symbol>
      <symbol id="sm-1ff">
         <name>xQueueIsQueueEmptyFromISR</name>
         <value>0x22a3</value>
         <object_component_ref idref="oc-127"/>
      </symbol>
      <symbol id="sm-200">
         <name>xQueueGenericSendFromISR</name>
         <value>0x1d29</value>
         <object_component_ref idref="oc-127"/>
      </symbol>
      <symbol id="sm-201">
         <name>uxQueueMessagesWaiting</name>
         <value>0x207b</value>
         <object_component_ref idref="oc-127"/>
      </symbol>
      <symbol id="sm-202">
         <name>vQueueAddToRegistry</name>
         <value>0x2307</value>
         <object_component_ref idref="oc-127"/>
      </symbol>
      <symbol id="sm-203">
         <name>xQueueIsQueueFullFromISR</name>
         <value>0x22e5</value>
         <object_component_ref idref="oc-127"/>
      </symbol>
      <symbol id="sm-204">
         <name>xQueueGenericCreate</name>
         <value>0x1a75</value>
         <object_component_ref idref="oc-127"/>
      </symbol>
      <symbol id="sm-205">
         <name>xQueueCreateMutex</name>
         <value>0x1ae5</value>
         <object_component_ref idref="oc-127"/>
      </symbol>
      <symbol id="sm-206">
         <name>vQueueSetQueueNumber</name>
         <value>0x20e7</value>
         <object_component_ref idref="oc-127"/>
      </symbol>
      <symbol id="sm-207">
         <name>xQueueGenericSend</name>
         <value>0x1c01</value>
         <object_component_ref idref="oc-127"/>
      </symbol>
      <symbol id="sm-208">
         <name>xQueueGenericReset</name>
         <value>0x19d9</value>
         <object_component_ref idref="oc-127"/>
      </symbol>
      <symbol id="sm-209">
         <name>xQueueReceiveFromISR</name>
         <value>0x1fa3</value>
         <object_component_ref idref="oc-127"/>
      </symbol>
      <symbol id="sm-20a">
         <name>uxQueueSpacesAvailable</name>
         <value>0x2091</value>
         <object_component_ref idref="oc-127"/>
      </symbol>
      <symbol id="sm-20b">
         <name>xQueueGiveMutexRecursive</name>
         <value>0x1b5b</value>
         <object_component_ref idref="oc-127"/>
      </symbol>
      <symbol id="sm-20c">
         <name>vQueueUnregisterQueue</name>
         <value>0x2349</value>
         <object_component_ref idref="oc-127"/>
      </symbol>
      <symbol id="sm-20d">
         <name>xQueueGiveFromISR</name>
         <value>0x1db5</value>
         <object_component_ref idref="oc-127"/>
      </symbol>
      <symbol id="sm-20e">
         <name>uxQueueMessagesWaitingFromISR</name>
         <value>0x20b1</value>
         <object_component_ref idref="oc-127"/>
      </symbol>
      <symbol id="sm-20f">
         <name>uxQueueGetQueueNumber</name>
         <value>0x20d9</value>
         <object_component_ref idref="oc-127"/>
      </symbol>
      <symbol id="sm-210">
         <name>xQueueGenericReceive</name>
         <value>0x1e35</value>
         <object_component_ref idref="oc-127"/>
      </symbol>
      <symbol id="sm-211">
         <name>xQueueTakeMutexRecursive</name>
         <value>0x1b97</value>
         <object_component_ref idref="oc-127"/>
      </symbol>
      <symbol id="sm-212">
         <name>xQueueCreateCountingSemaphore</name>
         <value>0x1be1</value>
         <object_component_ref idref="oc-127"/>
      </symbol>
      <symbol id="sm-213">
         <name>vQueueWaitForMessageRestricted</name>
         <value>0x2383</value>
         <object_component_ref idref="oc-127"/>
      </symbol>
      <symbol id="sm-214">
         <name>vQueueDelete</name>
         <value>0x20c3</value>
         <object_component_ref idref="oc-127"/>
      </symbol>
      <symbol id="sm-215">
         <name>ucQueueGetQueueType</name>
         <value>0x20f9</value>
         <object_component_ref idref="oc-127"/>
      </symbol>
      <symbol id="sm-3de">
         <name>vTaskDelay</name>
         <value>0x467</value>
         <object_component_ref idref="oc-7c"/>
      </symbol>
      <symbol id="sm-3df">
         <name>vTaskSuspendAll</name>
         <value>0x8e9</value>
         <object_component_ref idref="oc-7c"/>
      </symbol>
      <symbol id="sm-3e0">
         <name>vTaskPriorityInherit</name>
         <value>0x139d</value>
         <object_component_ref idref="oc-7c"/>
      </symbol>
      <symbol id="sm-3e1">
         <name>vTaskPlaceOnEventList</name>
         <value>0xc6d</value>
         <object_component_ref idref="oc-7c"/>
      </symbol>
      <symbol id="sm-3e2">
         <name>vTaskSetTaskNumber</name>
         <value>0xf65</value>
         <object_component_ref idref="oc-7c"/>
      </symbol>
      <symbol id="sm-3e3">
         <name>uxTaskPriorityGetFromISR</name>
         <value>0x4f5</value>
         <object_component_ref idref="oc-7c"/>
      </symbol>
      <symbol id="sm-3e4">
         <name>ulTaskNotifyTake</name>
         <value>0x152f</value>
         <object_component_ref idref="oc-7c"/>
      </symbol>
      <symbol id="sm-3e5">
         <name>xTaskCheckForTimeOut</name>
         <value>0xebd</value>
         <object_component_ref idref="oc-7c"/>
      </symbol>
      <symbol id="sm-3e6">
         <name>xTaskRemoveFromUnorderedEventList</name>
         <value>0xe29</value>
         <object_component_ref idref="oc-7c"/>
      </symbol>
      <symbol id="sm-3e7">
         <name>vTaskPrioritySet</name>
         <value>0x549</value>
         <object_component_ref idref="oc-7c"/>
      </symbol>
      <symbol id="sm-3e8">
         <name>xTaskPriorityDisinherit</name>
         <value>0x1457</value>
         <object_component_ref idref="oc-7c"/>
      </symbol>
      <symbol id="sm-3e9">
         <name>vTaskStartScheduler</name>
         <value>0x865</value>
         <object_component_ref idref="oc-7c"/>
      </symbol>
      <symbol id="sm-3ea">
         <name>xTaskNotifyStateClear</name>
         <value>0x1987</value>
         <object_component_ref idref="oc-7c"/>
      </symbol>
      <symbol id="sm-3eb">
         <name>pvTaskIncrementMutexHeldCount</name>
         <value>0x1517</value>
         <object_component_ref idref="oc-7c"/>
      </symbol>
      <symbol id="sm-3ec">
         <name>xTaskGenericNotify</name>
         <value>0x16e7</value>
         <object_component_ref idref="oc-7c"/>
      </symbol>
      <symbol id="sm-3ed">
         <name>vTaskDelayUntil</name>
         <value>0x3bf</value>
         <object_component_ref idref="oc-7c"/>
      </symbol>
      <symbol id="sm-3ee">
         <name>uxTaskGetTaskNumber</name>
         <value>0xf3f</value>
         <object_component_ref idref="oc-7c"/>
      </symbol>
      <symbol id="sm-3ef">
         <name>vTaskEndScheduler</name>
         <value>0x8c9</value>
         <object_component_ref idref="oc-7c"/>
      </symbol>
      <symbol id="sm-3f0">
         <name>xTaskNotifyWait</name>
         <value>0x15fd</value>
         <object_component_ref idref="oc-7c"/>
      </symbol>
      <symbol id="sm-3f1">
         <name>vTaskMissedYield</name>
         <value>0xf37</value>
         <object_component_ref idref="oc-7c"/>
      </symbol>
      <symbol id="sm-3f2">
         <name>uxTaskGetNumberOfTasks</name>
         <value>0x9fd</value>
         <object_component_ref idref="oc-7c"/>
      </symbol>
      <symbol id="sm-3f3">
         <name>xTaskGenericNotifyFromISR</name>
         <value>0x17d9</value>
         <object_component_ref idref="oc-7c"/>
      </symbol>
      <symbol id="sm-3f4">
         <name>uxTaskPriorityGet</name>
         <value>0x4c3</value>
         <object_component_ref idref="oc-7c"/>
      </symbol>
      <symbol id="sm-3f5">
         <name>xTaskResumeAll</name>
         <value>0x8fd</value>
         <object_component_ref idref="oc-7c"/>
      </symbol>
      <symbol id="sm-3f6">
         <name>xTaskGetTickCount</name>
         <value>0x9d9</value>
         <object_component_ref idref="oc-7c"/>
      </symbol>
      <symbol id="sm-3f7">
         <name>xTaskGenericCreate</name>
         <value>0x209</value>
         <object_component_ref idref="oc-7c"/>
      </symbol>
      <symbol id="sm-3f8">
         <name>uxTaskGetSystemState</name>
         <value>0xa0d</value>
         <object_component_ref idref="oc-7c"/>
      </symbol>
      <symbol id="sm-3f9">
         <name>vTaskDelete</name>
         <value>0x323</value>
         <object_component_ref idref="oc-7c"/>
      </symbol>
      <symbol id="sm-3fa">
         <name>pxCurrentTCB</name>
         <value>0x2000c6a0</value>
         <object_component_ref idref="oc-76"/>
      </symbol>
      <symbol id="sm-3fb">
         <name>vTaskNotifyGiveFromISR</name>
         <value>0x18e1</value>
         <object_component_ref idref="oc-7c"/>
      </symbol>
      <symbol id="sm-3fc">
         <name>vTaskSuspend</name>
         <value>0x65d</value>
         <object_component_ref idref="oc-7c"/>
      </symbol>
      <symbol id="sm-3fd">
         <name>xTaskGetTickCountFromISR</name>
         <value>0x9e9</value>
         <object_component_ref idref="oc-7c"/>
      </symbol>
      <symbol id="sm-3fe">
         <name>vTaskResume</name>
         <value>0x751</value>
         <object_component_ref idref="oc-7c"/>
      </symbol>
      <symbol id="sm-3ff">
         <name>vTaskPlaceOnEventListRestricted</name>
         <value>0xd45</value>
         <object_component_ref idref="oc-7c"/>
      </symbol>
      <symbol id="sm-400">
         <name>vTaskSetTimeOutState</name>
         <value>0xe97</value>
         <object_component_ref idref="oc-7c"/>
      </symbol>
      <symbol id="sm-401">
         <name>xTaskIncrementTick</name>
         <value>0xadd</value>
         <object_component_ref idref="oc-7c"/>
      </symbol>
      <symbol id="sm-402">
         <name>vTaskSwitchContext</name>
         <value>0xc01</value>
         <object_component_ref idref="oc-7c"/>
      </symbol>
      <symbol id="sm-403">
         <name>uxTaskResetEventItemValue</name>
         <value>0x14f5</value>
         <object_component_ref idref="oc-7c"/>
      </symbol>
      <symbol id="sm-404">
         <name>xTaskGetSchedulerState</name>
         <value>0x1369</value>
         <object_component_ref idref="oc-7c"/>
      </symbol>
      <symbol id="sm-405">
         <name>xTaskResumeFromISR</name>
         <value>0x7d3</value>
         <object_component_ref idref="oc-7c"/>
      </symbol>
      <symbol id="sm-406">
         <name>xTaskGetCurrentTaskHandle</name>
         <value>0x1351</value>
         <object_component_ref idref="oc-7c"/>
      </symbol>
      <symbol id="sm-407">
         <name>vTaskPlaceOnUnorderedEventList</name>
         <value>0xccd</value>
         <object_component_ref idref="oc-7c"/>
      </symbol>
      <symbol id="sm-408">
         <name>xTaskRemoveFromEventList</name>
         <value>0xda9</value>
         <object_component_ref idref="oc-7c"/>
      </symbol>
      <symbol id="sm-48c">
         <name>xTimerCreateTimerTask</name>
         <value>0x23e1</value>
         <object_component_ref idref="oc-e2"/>
      </symbol>
      <symbol id="sm-48d">
         <name>pcTimerGetTimerName</name>
         <value>0x24db</value>
         <object_component_ref idref="oc-e2"/>
      </symbol>
      <symbol id="sm-48e">
         <name>xTimerIsTimerActive</name>
         <value>0x2899</value>
         <object_component_ref idref="oc-e2"/>
      </symbol>
      <symbol id="sm-48f">
         <name>xTimerCreate</name>
         <value>0x241b</value>
         <object_component_ref idref="oc-e2"/>
      </symbol>
      <symbol id="sm-490">
         <name>xTimerGenericCommand</name>
         <value>0x246f</value>
         <object_component_ref idref="oc-e2"/>
      </symbol>
      <symbol id="sm-491">
         <name>pvTimerGetTimerID</name>
         <value>0x28c5</value>
         <object_component_ref idref="oc-e2"/>
      </symbol>
      <symbol id="sm-492">
         <name>vTimerSetTimerID</name>
         <value>0x28df</value>
         <object_component_ref idref="oc-e2"/>
      </symbol>
      <symbol id="sm-4ae">
         <name>ResetISR</name>
         <value>0x3537</value>
         <object_component_ref idref="oc-24"/>
      </symbol>
      <symbol id="sm-4af">
         <name>g_pfnVectors</name>
         <value>0x0</value>
         <object_component_ref idref="oc-f"/>
      </symbol>
      <symbol id="sm-4ca">
         <name>memcpy</name>
         <value>0x32bb</value>
         <object_component_ref idref="oc-43"/>
      </symbol>
      <symbol id="sm-4cb">
         <name>__aeabi_memcpy</name>
         <value>0x32bb</value>
         <object_component_ref idref="oc-43"/>
      </symbol>
      <symbol id="sm-4cc">
         <name>__aeabi_memcpy8</name>
         <value>0x32bb</value>
         <object_component_ref idref="oc-43"/>
      </symbol>
      <symbol id="sm-4cd">
         <name>__aeabi_memcpy4</name>
         <value>0x32bb</value>
         <object_component_ref idref="oc-43"/>
      </symbol>
      <symbol id="sm-4dc">
         <name>__aeabi_memset</name>
         <value>0x3359</value>
         <object_component_ref idref="oc-b3"/>
      </symbol>
      <symbol id="sm-4dd">
         <name>memset</name>
         <value>0x335f</value>
         <object_component_ref idref="oc-b3"/>
      </symbol>
      <symbol id="sm-4de">
         <name>__aeabi_memset8</name>
         <value>0x3359</value>
         <object_component_ref idref="oc-b3"/>
      </symbol>
      <symbol id="sm-4df">
         <name>__aeabi_memset4</name>
         <value>0x3359</value>
         <object_component_ref idref="oc-b3"/>
      </symbol>
      <symbol id="sm-4e0">
         <name>__aeabi_memclr8</name>
         <value>0x3357</value>
         <object_component_ref idref="oc-b3"/>
      </symbol>
      <symbol id="sm-4e1">
         <name>__aeabi_memclr4</name>
         <value>0x3357</value>
         <object_component_ref idref="oc-b3"/>
      </symbol>
      <symbol id="sm-4e2">
         <name>__aeabi_memclr</name>
         <value>0x3357</value>
         <object_component_ref idref="oc-b3"/>
      </symbol>
      <symbol id="sm-4f9">
         <name>__TI_zero_init</name>
         <value>0x352b</value>
         <object_component_ref idref="oc-55"/>
      </symbol>
      <symbol id="sm-510">
         <name>__TI_decompress_none</name>
         <value>0x351d</value>
         <object_component_ref idref="oc-18"/>
      </symbol>
      <symbol id="sm-533">
         <name>__TI_decompress_lzss</name>
         <value>0x33d1</value>
         <object_component_ref idref="oc-12"/>
      </symbol>
      <symbol id="sm-546">
         <name>__stack</name>
         <value>0x2000c4a0</value>
         <object_component_ref idref="oc-21"/>
      </symbol>
      <symbol id="sm-547">
         <name>_c_int00_noargs</name>
         <value>0x34c5</value>
         <object_component_ref idref="oc-61"/>
      </symbol>
      <symbol id="sm-552">
         <name>C$$EXIT</name>
         <value>0x354d</value>
         <object_component_ref idref="oc-149"/>
      </symbol>
      <symbol id="sm-553">
         <name>abort</name>
         <value>0x354d</value>
         <object_component_ref idref="oc-149"/>
      </symbol>
      <symbol id="sm-57d">
         <name>__TI_auto_init_nobinit_nopinit</name>
         <value>0x3481</value>
         <object_component_ref idref="oc-155"/>
      </symbol>
      <symbol id="sm-587">
         <name>_system_pre_init</name>
         <value>0x3549</value>
         <object_component_ref idref="oc-b9"/>
      </symbol>
      <symbol id="sm-59a">
         <name>GPIOPinWrite</name>
         <value>0x3543</value>
         <object_component_ref idref="oc-12d"/>
      </symbol>
      <symbol id="sm-5fe">
         <name>SysCtlClockFreqSet</name>
         <value>0x2bd1</value>
         <object_component_ref idref="oc-133"/>
      </symbol>
      <symbol id="sm-600">
         <name>__TI_static_base__</name>
         <value>0x0</value>
      </symbol>
      <symbol id="sm-603">
         <name>__mpu_init</name>
         <value>0x0</value>
      </symbol>
      <symbol id="sm-604">
         <name>_system_post_cinit</name>
         <value>0x0</value>
      </symbol>
   </symbol_table>
   <title>Link successful</title>
</link_info>
