******************************************************************************
                  TI ARM Linker PC v18.1.1                     
******************************************************************************
>> Linked Thu Apr 26 04:08:15 2018

OUTPUT FILE NAME:   <tiva_tm4c.out>
ENTRY POINT SYMBOL: "_c_int00_noargs"  address: 00003c35


MEMORY CONFIGURATION

         name            origin    length      used     unused   attr    fill
----------------------  --------  ---------  --------  --------  ----  --------
  FLASH                 00000000   00100000  00004316  000fbcea  R  X
  SRAM                  20000000   00040000  0000c95c  000336a4  RW X


SEGMENT ALLOCATION MAP

run origin  load origin   length   init length attrs members
----------  ----------- ---------- ----------- ----- -------
00000000    00000000    00004318   00004318    r-x
  00000000    00000000    00000208   00000208    r-- .intvecs
  00000208    00000208    00003bc6   00003bc6    r-x .text
  00003dd0    00003dd0    00000508   00000508    r-- .const
  000042d8    000042d8    00000040   00000040    r-- .cinit
20000000    20000000    0000c95c   00000000    rw-
  20000000    20000000    0000026c   00000000    rw- .vtable
  2000026c    2000026c    0000c49c   00000000    rw- .bss
  2000c708    2000c708    00000200   00000000    rw- .stack
  2000c908    2000c908    00000054   00000000    rw- .data


SECTION ALLOCATION MAP

 output                                  attributes/
section   page    origin      length       input sections
--------  ----  ----------  ----------   ----------------
.intvecs   0    00000000    00000208     
                  00000000    00000208     tm4c1294ncpdt_startup_ccs.obj (.intvecs)

.text      0    00000208    00003bc6     
                  00000208    000017d0     tasks.obj (.text)
                  000019d8    00000a08     queue.obj (.text)
                  000023e0    00000534     timers.obj (.text)
                  00002914    000004dc     uartstdio.obj (.text)
                  00002df0    000002bc     heap_4.obj (.text)
                  000030ac    000001ec     driverlib.lib : sysctl.obj (.text:SysCtlClockFreqSet)
                  00003298    0000017c     main.obj (.text)
                  00003414    00000132     driverlib.lib : gpio.obj (.text:GPIOPadConfigSet)
                  00003546    0000012a     list.obj (.text)
                  00003670    00000128     port.obj (.text)
                  00003798    000000d2     portasm.obj (.text)
                  0000386a    0000009c     rtsv7M4_T_le_v4SPD16_eabi.lib : memcpy_t2.asm.obj (.text)
                  00003906    0000007a                                   : memset_t2.asm.obj (.text)
                  00003980    00000068     driverlib.lib : interrupt.obj (.text:IntEnable)
                  000039e8    00000068     rtsv7M4_T_le_v4SPD16_eabi.lib : copy_decompress_lzss.c.obj (.text:decompress:lzss:__TI_decompress_lzss)
                  00003a50    00000056     driverlib.lib : gpio.obj (.text:GPIOIntTypeSet)
                  00003aa6    00000002     rtsv7M4_T_le_v4SPD16_eabi.lib : div0.asm.obj (.text)
                  00003aa8    00000048     driverlib.lib : gpio.obj (.text:GPIOPinConfigure)
                  00003af0    00000048                   : sysctl.obj (.text:_SysCtlFrequencyGet)
                  00003b38    00000044     rtsv7M4_T_le_v4SPD16_eabi.lib : autoinit.c.obj (.text:__TI_auto_init_nobinit_nopinit:__TI_auto_init_nobinit_nopinit)
                  00003b7c    00000040     driverlib.lib : gpio.obj (.text:_GPIOIntNumberGet)
                  00003bbc    00000040     rtsv7M4_T_le_v4SPD16_eabi.lib : u_divt2.asm.obj (.text)
                  00003bfc    00000038     driverlib.lib : sysctl.obj (.text:SysCtlPeripheralReady)
                  00003c34    00000038     rtsv7M4_T_le_v4SPD16_eabi.lib : boot_cortex_m.c.obj (.text:_c_int00_noargs:_c_int00_noargs)
                  00003c6c    00000034     driverlib.lib : interrupt.obj (.text:IntRegister)
                  00003ca0    00000034                   : sysctl.obj (.text:SysCtlPeripheralEnable)
                  00003cd4    0000002a                   : gpio.obj (.text:GPIODirModeSet)
                  00003cfe    00000002     --HOLE-- [fill = 0]
                  00003d00    00000020                   : sysctl.obj (.text:_SysCtlMemTimingGet)
                  00003d20    00000018                   : gpio.obj (.text:GPIOIntRegister)
                  00003d38    00000018                   : gpio.obj (.text:GPIOPinTypeGPIOOutput)
                  00003d50    00000012                   : gpio.obj (.text:GPIOPinTypeGPIOInput)
                  00003d62    00000012                   : gpio.obj (.text:GPIOPinTypeUART)
                  00003d74    0000000e                   : gpio.obj (.text:GPIOIntStatus)
                  00003d82    0000000e     rtsv7M4_T_le_v4SPD16_eabi.lib : copy_decompress_none.c.obj (.text:decompress:none:__TI_decompress_none)
                  00003d90    0000000c     driverlib.lib : gpio.obj (.text:GPIOIntEnable)
                  00003d9c    0000000c     rtsv7M4_T_le_v4SPD16_eabi.lib : copy_zero_init.c.obj (.text:decompress:ZI:__TI_zero_init)
                  00003da8    0000000c     tm4c1294ncpdt_startup_ccs.obj (.text)
                  00003db4    00000006     driverlib.lib : gpio.obj (.text:GPIOIntClear)
                  00003dba    00000006                   : gpio.obj (.text:GPIOPinRead)
                  00003dc0    00000006                   : gpio.obj (.text:GPIOPinWrite)
                  00003dc6    00000004     rtsv7M4_T_le_v4SPD16_eabi.lib : pre_init.c.obj (.text:_system_pre_init)
                  00003dca    00000004                                   : exit.c.obj (.text:abort:abort)

.const     0    00003dd0    00000508     
                  00003dd0    000001b0     driverlib.lib : sysctl.obj (.const:g_pppui32XTALtoVCO)
                  00003f80    000000c0                   : gpio.obj (.const:g_ppui32GPIOIntMapBlizzard)
                  00004040    000000c0                   : gpio.obj (.const:g_ppui32GPIOIntMapSnowflake)
                  00004100    00000090                   : gpio.obj (.const:g_pui32GPIOBaseAddrs)
                  00004190    00000070                   : interrupt.obj (.const)
                  00004200    0000006c                   : sysctl.obj (.const:g_pui32Xtals)
                  0000426c    00000030                   : sysctl.obj (.const:g_sXTALtoMEMTIM)
                  0000429c    00000012     uartstdio.obj (.const:.string)
                  000042ae    00000002     --HOLE-- [fill = 0]
                  000042b0    0000000c     uartstdio.obj (.const:g_ui32UARTBase)
                  000042bc    0000000c     uartstdio.obj (.const:g_ui32UARTPeriph)
                  000042c8    00000008     driverlib.lib : sysctl.obj (.const)
                  000042d0    00000004     port.obj (.const)
                  000042d4    00000004     uartstdio.obj (.const)

.cinit     0    000042d8    00000040     
                  000042d8    0000000c     (__TI_handler_table)
                  000042e4    0000000b     (.cinit..data.load) [load image, compression = lzss]
                  000042ef    00000001     --HOLE-- [fill = 0]
                  000042f0    00000008     (.cinit..bss.load) [load image, compression = zero_init]
                  000042f8    00000008     (.cinit..vtable.load) [load image, compression = zero_init]
                  00004300    00000018     (__TI_cinit_table)

.init_array 
*          0    00000000    00000000     UNINITIALIZED

.vtable    0    20000000    0000026c     UNINITIALIZED
                  20000000    0000026c     driverlib.lib : interrupt.obj (.vtable)

.bss       0    2000026c    0000c49c     UNINITIALIZED
                  2000026c    0000c350     heap_4.obj (.bss:ucHeap)
                  2000c5bc    00000064     tasks.obj (.bss:pxReadyTasksLists)
                  2000c620    00000040     (.common:xQueueRegistry)
                  2000c660    00000014     timers.obj (.bss:xActiveTimerList1)
                  2000c674    00000014     timers.obj (.bss:xActiveTimerList2)
                  2000c688    00000014     tasks.obj (.bss:xDelayedTaskList1)
                  2000c69c    00000014     tasks.obj (.bss:xDelayedTaskList2)
                  2000c6b0    00000014     tasks.obj (.bss:xPendingReadyList)
                  2000c6c4    00000014     tasks.obj (.bss:xSuspendedTaskList)
                  2000c6d8    00000014     tasks.obj (.bss:xTasksWaitingTermination)
                  2000c6ec    00000008     tasks.obj (.bss)
                  2000c6f4    00000008     timers.obj (.bss)
                  2000c6fc    00000008     heap_4.obj (.bss:xStart)
                  2000c704    00000004     (.common:g_ui32SysClock)

.data      0    2000c908    00000054     UNINITIALIZED
                  2000c908    00000030     tasks.obj (.data)
                  2000c938    00000010     heap_4.obj (.data)
                  2000c948    00000008     timers.obj (.data)
                  2000c950    00000005     uartstdio.obj (.data)
                  2000c955    00000003     --HOLE--
                  2000c958    00000004     port.obj (.data)

.stack     0    2000c708    00000200     UNINITIALIZED
                  2000c708    00000004     rtsv7M4_T_le_v4SPD16_eabi.lib : boot_cortex_m.c.obj (.stack)
                  2000c70c    000001fc     --HOLE--

MODULE SUMMARY

       Module                          code    ro data   rw data
       ------                          ----    -------   -------
    .\
       heap_4.obj                      700     0         50024  
       tasks.obj                       6096    0         256    
       queue.obj                       2568    0         64     
       timers.obj                      1332    0         56     
       tm4c1294ncpdt_startup_ccs.obj   12      520       0      
       main.obj                        380     0         4      
       port.obj                        296     4         4      
       list.obj                        298     0         0      
       portasm.obj                     210     0         0      
    +--+-------------------------------+-------+---------+---------+
       Total:                          11892   524       50408  
                                                                
    .\src\
       uartstdio.obj                   1244    46        5      
    +--+-------------------------------+-------+---------+---------+
       Total:                          1244    46        5      
                                                                
    C:/ti/TivaWare_C_Series-2.1.3.156/driverlib/ccs/Debug/driverlib.lib
       sysctl.obj                      704     596       0      
       gpio.obj                        698     528       0      
       interrupt.obj                   156     112       620    
    +--+-------------------------------+-------+---------+---------+
       Total:                          1558    1236      620    
                                                                
    C:\ti\ccsv8\tools\compiler\ti-cgt-arm_18.1.1.LTS\lib\rtsv7M4_T_le_v4SPD16_eabi.lib
       memcpy_t2.asm.obj               156     0         0      
       memset_t2.asm.obj               122     0         0      
       copy_decompress_lzss.c.obj      104     0         0      
       autoinit.c.obj                  68      0         0      
       u_divt2.asm.obj                 64      0         0      
       boot_cortex_m.c.obj             56      0         0      
       copy_decompress_none.c.obj      14      0         0      
       copy_zero_init.c.obj            12      0         0      
       exit.c.obj                      4       0         0      
       pre_init.c.obj                  4       0         0      
       div0.asm.obj                    2       0         0      
    +--+-------------------------------+-------+---------+---------+
       Total:                          606     0         0      
                                                                
       Stack:                          0       0         512    
       Linker Generated:               0       63        0      
    +--+-------------------------------+-------+---------+---------+
       Grand Total:                    15300   1869      51545  


LINKER GENERATED COPY TABLES

__TI_cinit_table @ 00004300 records: 3, size/record: 8, table size: 24
	.data: load addr=000042e4, load size=0000000b bytes, run addr=2000c908, run size=00000054 bytes, compression=lzss
	.bss: load addr=000042f0, load size=00000008 bytes, run addr=2000026c, run size=0000c49c bytes, compression=zero_init
	.vtable: load addr=000042f8, load size=00000008 bytes, run addr=20000000, run size=0000026c bytes, compression=zero_init


LINKER GENERATED HANDLER TABLE

__TI_handler_table @ 000042d8 records: 3, size/record: 4, table size: 12
	index: 0, handler: __TI_zero_init
	index: 1, handler: __TI_decompress_lzss
	index: 2, handler: __TI_decompress_none


GLOBAL SYMBOLS: SORTED ALPHABETICALLY BY Name 

address   name                             
-------   ----                             
00003dcb  C$$EXIT                          
00003cd5  GPIODirModeSet                   
00003db5  GPIOIntClear                     
00003d91  GPIOIntEnable                    
00003d21  GPIOIntRegister                  
00003d75  GPIOIntStatus                    
00003a51  GPIOIntTypeSet                   
00003415  GPIOPadConfigSet                 
00003aa9  GPIOPinConfigure                 
00003dbb  GPIOPinRead                      
00003d51  GPIOPinTypeGPIOInput             
00003d39  GPIOPinTypeGPIOOutput            
00003d63  GPIOPinTypeUART                  
00003dc1  GPIOPinWrite                     
00003323  HC_SR04                          
00003981  IntEnable                        
00003c6d  IntRegister                      
000032e3  PortLIntHandler                  
00003da9  ResetISR                         
000030ad  SysCtlClockFreqSet               
00003ca1  SysCtlPeripheralEnable           
00003bfd  SysCtlPeripheralReady            
00003299  UART0_Init                       
00002915  UARTStdioConfig                  
00002a8d  UARTgetc                         
000029c7  UARTgets                         
00002dbb  UARTprintf                       
00002ac1  UARTvprintf                      
00002975  UARTwrite                        
2000c908  __STACK_END                      
00000200  __STACK_SIZE                     
2000c908  __STACK_TOP                      
00004300  __TI_CINIT_Base                  
00004318  __TI_CINIT_Limit                 
000042d8  __TI_Handler_Table_Base          
000042e4  __TI_Handler_Table_Limit         
00003b39  __TI_auto_init_nobinit_nopinit   
000039e9  __TI_decompress_lzss             
00003d83  __TI_decompress_none             
ffffffff  __TI_pprof_out_hndl              
ffffffff  __TI_prof_data_size              
ffffffff  __TI_prof_data_start             
00000000  __TI_static_base__               
00003d9d  __TI_zero_init                   
00003aa7  __aeabi_idiv0                    
00003aa7  __aeabi_ldiv0                    
00003907  __aeabi_memclr                   
00003907  __aeabi_memclr4                  
00003907  __aeabi_memclr8                  
0000386b  __aeabi_memcpy                   
0000386b  __aeabi_memcpy4                  
0000386b  __aeabi_memcpy8                  
00003909  __aeabi_memset                   
00003909  __aeabi_memset4                  
00003909  __aeabi_memset8                  
00003bbd  __aeabi_uidiv                    
00003bbd  __aeabi_uidivmod                 
ffffffff  __binit__                        
ffffffff  __c_args__                       
UNDEFED   __mpu_init                       
2000c708  __stack                          
00003c35  _c_int00_noargs                  
UNDEFED   _system_post_cinit               
00003dc7  _system_pre_init                 
00003dcb  abort                            
ffffffff  binit                            
20000000  g_pfnRAMVectors                  
00000000  g_pfnVectors                     
2000c704  g_ui32SysClock                   
0000338f  main                             
0000386b  memcpy                           
0000390f  memset                           
000024db  pcTimerGetTimerName              
00002df1  pvPortMalloc                     
00001517  pvTaskIncrementMutexHeldCount    
000028c5  pvTimerGetTimerID                
2000c908  pxCurrentTCB                     
00003671  pxPortInitialiseStack            
000020f9  ucQueueGetQueueType              
000042d0  ulMaxSyscallInterruptPriority    
000037a9  ulPortGetIPSR                    
0000152f  ulTaskNotifyTake                 
00003629  uxListRemove                     
000020d9  uxQueueGetQueueNumber            
0000207b  uxQueueMessagesWaiting           
000020b1  uxQueueMessagesWaitingFromISR    
00002091  uxQueueSpacesAvailable           
000009fd  uxTaskGetNumberOfTasks           
00000a0d  uxTaskGetSystemState             
00000f3f  uxTaskGetTaskNumber              
000004c3  uxTaskPriorityGet                
000004f5  uxTaskPriorityGetFromISR         
000014f5  uxTaskResetEventItemValue        
00003547  vListInitialise                  
00003577  vListInitialiseItem              
000035c3  vListInsert                      
00003587  vListInsertEnd                   
0000385d  vPortEnableVFP                   
0000370d  vPortEndScheduler                
0000370f  vPortEnterCritical               
0000372f  vPortExitCritical                
00002ef3  vPortFree                        
00002f51  vPortInitialiseBlocks            
00003821  vPortSVCHandler                  
0000376b  vPortSetupTimerInterrupt         
00003841  vPortStartFirstTask              
00002307  vQueueAddToRegistry              
000020c3  vQueueDelete                     
000020e7  vQueueSetQueueNumber             
00002349  vQueueUnregisterQueue            
00002383  vQueueWaitForMessageRestricted   
00000467  vTaskDelay                       
000003bf  vTaskDelayUntil                  
00000323  vTaskDelete                      
000008c9  vTaskEndScheduler                
00000f37  vTaskMissedYield                 
000018e1  vTaskNotifyGiveFromISR           
00000c6d  vTaskPlaceOnEventList            
00000d45  vTaskPlaceOnEventListRestricted  
00000ccd  vTaskPlaceOnUnorderedEventList   
0000139d  vTaskPriorityInherit             
00000549  vTaskPrioritySet                 
00000751  vTaskResume                      
00000f65  vTaskSetTaskNumber               
00000e97  vTaskSetTimeOutState             
00000865  vTaskStartScheduler              
0000065d  vTaskSuspend                     
000008e9  vTaskSuspendAll                  
00000c01  vTaskSwitchContext               
000028df  vTimerSetTimerID                 
00002f45  xPortGetFreeHeapSize             
00002f4b  xPortGetMinimumEverFreeHeapSize  
000037c1  xPortPendSVHandler               
000036d7  xPortStartScheduler              
00003745  xPortSysTickHandler              
00001be1  xQueueCreateCountingSemaphore    
00001ae5  xQueueCreateMutex                
00001a75  xQueueGenericCreate              
00001e35  xQueueGenericReceive             
000019d9  xQueueGenericReset               
00001c01  xQueueGenericSend                
00001d29  xQueueGenericSendFromISR         
00001db5  xQueueGiveFromISR                
00001b5b  xQueueGiveMutexRecursive         
000022a3  xQueueIsQueueEmptyFromISR        
000022e5  xQueueIsQueueFullFromISR         
00002029  xQueuePeekFromISR                
00001fa3  xQueueReceiveFromISR             
2000c620  xQueueRegistry                   
00001b97  xQueueTakeMutexRecursive         
00000ebd  xTaskCheckForTimeOut             
00000209  xTaskGenericCreate               
000016e7  xTaskGenericNotify               
000017d9  xTaskGenericNotifyFromISR        
00001351  xTaskGetCurrentTaskHandle        
00001369  xTaskGetSchedulerState           
000009d9  xTaskGetTickCount                
000009e9  xTaskGetTickCountFromISR         
00000add  xTaskIncrementTick               
00001987  xTaskNotifyStateClear            
000015fd  xTaskNotifyWait                  
00001457  xTaskPriorityDisinherit          
00000da9  xTaskRemoveFromEventList         
00000e29  xTaskRemoveFromUnorderedEventList
000008fd  xTaskResumeAll                   
000007d3  xTaskResumeFromISR               
0000241b  xTimerCreate                     
000023e1  xTimerCreateTimerTask            
0000246f  xTimerGenericCommand             
00002899  xTimerIsTimerActive              


GLOBAL SYMBOLS: SORTED BY Symbol Address 

address   name                             
-------   ----                             
00000000  __TI_static_base__               
00000000  g_pfnVectors                     
00000200  __STACK_SIZE                     
00000209  xTaskGenericCreate               
00000323  vTaskDelete                      
000003bf  vTaskDelayUntil                  
00000467  vTaskDelay                       
000004c3  uxTaskPriorityGet                
000004f5  uxTaskPriorityGetFromISR         
00000549  vTaskPrioritySet                 
0000065d  vTaskSuspend                     
00000751  vTaskResume                      
000007d3  xTaskResumeFromISR               
00000865  vTaskStartScheduler              
000008c9  vTaskEndScheduler                
000008e9  vTaskSuspendAll                  
000008fd  xTaskResumeAll                   
000009d9  xTaskGetTickCount                
000009e9  xTaskGetTickCountFromISR         
000009fd  uxTaskGetNumberOfTasks           
00000a0d  uxTaskGetSystemState             
00000add  xTaskIncrementTick               
00000c01  vTaskSwitchContext               
00000c6d  vTaskPlaceOnEventList            
00000ccd  vTaskPlaceOnUnorderedEventList   
00000d45  vTaskPlaceOnEventListRestricted  
00000da9  xTaskRemoveFromEventList         
00000e29  xTaskRemoveFromUnorderedEventList
00000e97  vTaskSetTimeOutState             
00000ebd  xTaskCheckForTimeOut             
00000f37  vTaskMissedYield                 
00000f3f  uxTaskGetTaskNumber              
00000f65  vTaskSetTaskNumber               
00001351  xTaskGetCurrentTaskHandle        
00001369  xTaskGetSchedulerState           
0000139d  vTaskPriorityInherit             
00001457  xTaskPriorityDisinherit          
000014f5  uxTaskResetEventItemValue        
00001517  pvTaskIncrementMutexHeldCount    
0000152f  ulTaskNotifyTake                 
000015fd  xTaskNotifyWait                  
000016e7  xTaskGenericNotify               
000017d9  xTaskGenericNotifyFromISR        
000018e1  vTaskNotifyGiveFromISR           
00001987  xTaskNotifyStateClear            
000019d9  xQueueGenericReset               
00001a75  xQueueGenericCreate              
00001ae5  xQueueCreateMutex                
00001b5b  xQueueGiveMutexRecursive         
00001b97  xQueueTakeMutexRecursive         
00001be1  xQueueCreateCountingSemaphore    
00001c01  xQueueGenericSend                
00001d29  xQueueGenericSendFromISR         
00001db5  xQueueGiveFromISR                
00001e35  xQueueGenericReceive             
00001fa3  xQueueReceiveFromISR             
00002029  xQueuePeekFromISR                
0000207b  uxQueueMessagesWaiting           
00002091  uxQueueSpacesAvailable           
000020b1  uxQueueMessagesWaitingFromISR    
000020c3  vQueueDelete                     
000020d9  uxQueueGetQueueNumber            
000020e7  vQueueSetQueueNumber             
000020f9  ucQueueGetQueueType              
000022a3  xQueueIsQueueEmptyFromISR        
000022e5  xQueueIsQueueFullFromISR         
00002307  vQueueAddToRegistry              
00002349  vQueueUnregisterQueue            
00002383  vQueueWaitForMessageRestricted   
000023e1  xTimerCreateTimerTask            
0000241b  xTimerCreate                     
0000246f  xTimerGenericCommand             
000024db  pcTimerGetTimerName              
00002899  xTimerIsTimerActive              
000028c5  pvTimerGetTimerID                
000028df  vTimerSetTimerID                 
00002915  UARTStdioConfig                  
00002975  UARTwrite                        
000029c7  UARTgets                         
00002a8d  UARTgetc                         
00002ac1  UARTvprintf                      
00002dbb  UARTprintf                       
00002df1  pvPortMalloc                     
00002ef3  vPortFree                        
00002f45  xPortGetFreeHeapSize             
00002f4b  xPortGetMinimumEverFreeHeapSize  
00002f51  vPortInitialiseBlocks            
000030ad  SysCtlClockFreqSet               
00003299  UART0_Init                       
000032e3  PortLIntHandler                  
00003323  HC_SR04                          
0000338f  main                             
00003415  GPIOPadConfigSet                 
00003547  vListInitialise                  
00003577  vListInitialiseItem              
00003587  vListInsertEnd                   
000035c3  vListInsert                      
00003629  uxListRemove                     
00003671  pxPortInitialiseStack            
000036d7  xPortStartScheduler              
0000370d  vPortEndScheduler                
0000370f  vPortEnterCritical               
0000372f  vPortExitCritical                
00003745  xPortSysTickHandler              
0000376b  vPortSetupTimerInterrupt         
000037a9  ulPortGetIPSR                    
000037c1  xPortPendSVHandler               
00003821  vPortSVCHandler                  
00003841  vPortStartFirstTask              
0000385d  vPortEnableVFP                   
0000386b  __aeabi_memcpy                   
0000386b  __aeabi_memcpy4                  
0000386b  __aeabi_memcpy8                  
0000386b  memcpy                           
00003907  __aeabi_memclr                   
00003907  __aeabi_memclr4                  
00003907  __aeabi_memclr8                  
00003909  __aeabi_memset                   
00003909  __aeabi_memset4                  
00003909  __aeabi_memset8                  
0000390f  memset                           
00003981  IntEnable                        
000039e9  __TI_decompress_lzss             
00003a51  GPIOIntTypeSet                   
00003aa7  __aeabi_idiv0                    
00003aa7  __aeabi_ldiv0                    
00003aa9  GPIOPinConfigure                 
00003b39  __TI_auto_init_nobinit_nopinit   
00003bbd  __aeabi_uidiv                    
00003bbd  __aeabi_uidivmod                 
00003bfd  SysCtlPeripheralReady            
00003c35  _c_int00_noargs                  
00003c6d  IntRegister                      
00003ca1  SysCtlPeripheralEnable           
00003cd5  GPIODirModeSet                   
00003d21  GPIOIntRegister                  
00003d39  GPIOPinTypeGPIOOutput            
00003d51  GPIOPinTypeGPIOInput             
00003d63  GPIOPinTypeUART                  
00003d75  GPIOIntStatus                    
00003d83  __TI_decompress_none             
00003d91  GPIOIntEnable                    
00003d9d  __TI_zero_init                   
00003da9  ResetISR                         
00003db5  GPIOIntClear                     
00003dbb  GPIOPinRead                      
00003dc1  GPIOPinWrite                     
00003dc7  _system_pre_init                 
00003dcb  C$$EXIT                          
00003dcb  abort                            
000042d0  ulMaxSyscallInterruptPriority    
000042d8  __TI_Handler_Table_Base          
000042e4  __TI_Handler_Table_Limit         
00004300  __TI_CINIT_Base                  
00004318  __TI_CINIT_Limit                 
20000000  g_pfnRAMVectors                  
2000c620  xQueueRegistry                   
2000c704  g_ui32SysClock                   
2000c708  __stack                          
2000c908  __STACK_END                      
2000c908  __STACK_TOP                      
2000c908  pxCurrentTCB                     
ffffffff  __TI_pprof_out_hndl              
ffffffff  __TI_prof_data_size              
ffffffff  __TI_prof_data_start             
ffffffff  __binit__                        
ffffffff  __c_args__                       
ffffffff  binit                            
UNDEFED   __mpu_init                       
UNDEFED   _system_post_cinit               

[170 symbols]
