******************************************************************************
                  TI ARM Linker PC v18.1.1                     
******************************************************************************
>> Linked Sun Apr 29 02:00:01 2018

OUTPUT FILE NAME:   <tiva_tm4c.out>
ENTRY POINT SYMBOL: "_c_int00_noargs"  address: 000069f5


MEMORY CONFIGURATION

         name            origin    length      used     unused   attr    fill
----------------------  --------  ---------  --------  --------  ----  --------
  FLASH                 00000000   00100000  00007494  000f8b6c  R  X
  SRAM                  20000000   00040000  0000c9b4  0003364c  RW X


SEGMENT ALLOCATION MAP

run origin  load origin   length   init length attrs members
----------  ----------- ---------- ----------- ----- -------
00000000    00000000    00007498   00007498    r-x
  00000000    00000000    00000208   00000208    r-- .intvecs
  00000208    00000208    00006bb8   00006bb8    r-x .text
  00006dc0    00006dc0    0000068c   0000068c    r-- .const
  00007450    00007450    00000048   00000048    r-- .cinit
20000000    20000000    0000c9b4   00000000    rw-
  20000000    20000000    0000026c   00000000    rw- .vtable
  2000026c    2000026c    0000c4e4   00000000    rw- .bss
  2000c750    2000c750    00000200   00000000    rw- .stack
  2000c950    2000c950    00000064   00000000    rw- .data


SECTION ALLOCATION MAP

 output                                  attributes/
section   page    origin      length       input sections
--------  ----  ----------  ----------   ----------------
.intvecs   0    00000000    00000208     
                  00000000    00000208     tm4c1294ncpdt_startup_ccs.obj (.intvecs)

.text      0    00000208    00006bb8     
                  00000208    000017d0     tasks.obj (.text)
                  000019d8    00000a5e     rtsv7M4_T_le_v4SPD16_eabi.lib : _printfi.c.obj (.text:__TI_printfi)
                  00002436    00000002                                   : div0.asm.obj (.text)
                  00002438    00000a08     queue.obj (.text)
                  00002e40    0000092c     bme280.obj (.text)
                  0000376c    00000534     timers.obj (.text)
                  00003ca0    000004dc     uartstdio.obj (.text)
                  0000417c    0000032c     hcsr04.obj (.text)
                  000044a8    000002bc     heap_4.obj (.text)
                  00004764    00000270     rtsv7M4_T_le_v4SPD16_eabi.lib : _printfi.c.obj (.text:_pconv_a)
                  000049d4    0000026c     main.obj (.text)
                  00004c40    000001ec     driverlib.lib : sysctl.obj (.text:SysCtlClockFreqSet)
                  00004e2c    000001d0     rtsv7M4_T_le_v4SPD16_eabi.lib : _printfi.c.obj (.text:_pconv_g)
                  00004ffc    000001cc     i2c0_rw.obj (.text)
                  000051c8    000001b6     rtsv7M4_T_le_v4SPD16_eabi.lib : fd_add_t2.asm.obj (.text)
                  0000537e    00000002     --HOLE-- [fill = 0]
                  00005380    00000148     comm_task.obj (.text)
                  000054c8    0000013c     rtsv7M4_T_le_v4SPD16_eabi.lib : _printfi.c.obj (.text:_pconv_e)
                  00005604    00000136                                   : fd_div_t2.asm.obj (.text)
                  0000573a    00000132     driverlib.lib : gpio.obj (.text:GPIOPadConfigSet)
                  0000586c    0000012a     list.obj (.text)
                  00005996    00000002     --HOLE-- [fill = 0]
                  00005998    00000128     port.obj (.text)
                  00005ac0    00000120     rtsv7M4_T_le_v4SPD16_eabi.lib : _printfi.c.obj (.text:fcvt)
                  00005be0    00000110                                   : s_scalbn.c.obj (.text:scalbn)
                  00005cf0    00000100     uart_comm.obj (.text)
                  00005df0    000000fc     rtsv7M4_T_le_v4SPD16_eabi.lib : fd_mul_t2.asm.obj (.text)
                  00005eec    000000d2     portasm.obj (.text)
                  00005fbe    00000002     --HOLE-- [fill = 0]
                  00005fc0    000000b1     rtsv7M4_T_le_v4SPD16_eabi.lib : _printfi.c.obj (.text:_ltostr)
                  00006071    00000001     --HOLE-- [fill = 0]
                  00006072    0000009c                                   : memcpy_t2.asm.obj (.text)
                  0000610e    00000096                                   : ull_div_t2.asm.obj (.text)
                  000061a4    00000086                                   : fd_cmp_t2.asm.obj (.text:__aeabi_cdcmple)
                  0000622a    00000086                                   : fd_cmp_t2.asm.obj (.text:__aeabi_cdrcmple)
                  000062b0    0000007a                                   : memset_t2.asm.obj (.text)
                  0000632a    0000006e                                   : _printfi.c.obj (.text:_mcpy)
                  00006398    00000068     driverlib.lib : interrupt.obj (.text:IntEnable)
                  00006400    00000068     rtsv7M4_T_le_v4SPD16_eabi.lib : copy_decompress_lzss.c.obj (.text:decompress:lzss:__TI_decompress_lzss)
                  00006468    00000064                                   : s_frexp.c.obj (.text:frexp)
                  000064cc    00000060     driverlib.lib : timer.obj (.text:TimerConfigure)
                  0000652c    00000056                   : gpio.obj (.text:GPIOIntTypeSet)
                  00006582    00000056     rtsv7M4_T_le_v4SPD16_eabi.lib : _printfi.c.obj (.text:_pconv_f)
                  000065d8    00000054                                   : ltoa.c.obj (.text:ltoa)
                  0000662c    00000052                                   : _printfi.c.obj (.text:_ecpy)
                  0000667e    00000002     --HOLE-- [fill = 0]
                  00006680    00000050     driverlib.lib : sysctl.obj (.text:SysCtlPeripheralReset)
                  000066d0    0000004c     rtsv7M4_T_le_v4SPD16_eabi.lib : atoi.c.obj (.text:atoi)
                  0000671c    00000048     driverlib.lib : gpio.obj (.text:GPIOPinConfigure)
                  00006764    00000048                   : sysctl.obj (.text:_SysCtlFrequencyGet)
                  000067ac    00000048     rtsv7M4_T_le_v4SPD16_eabi.lib : fd_toi_t2.asm.obj (.text)
                  000067f4    00000044     driverlib.lib : i2c.obj (.text:I2CMasterGlitchFilterConfigSet)
                  00006838    00000044     rtsv7M4_T_le_v4SPD16_eabi.lib : autoinit.c.obj (.text:__TI_auto_init_nobinit_nopinit:__TI_auto_init_nobinit_nopinit)
                  0000687c    00000040     driverlib.lib : gpio.obj (.text:_GPIOIntNumberGet)
                  000068bc    00000040                   : uart.obj (.text:_UARTIntNumberGet)
                  000068fc    00000040     rtsv7M4_T_le_v4SPD16_eabi.lib : u_divt2.asm.obj (.text)
                  0000693c    00000040                                   : sprintf.c.obj (.text:sprintf)
                  0000697c    0000003e                                   : _printfi.c.obj (.text:_fcpy)
                  000069ba    00000002     --HOLE-- [fill = 0]
                  000069bc    00000038     driverlib.lib : sysctl.obj (.text:SysCtlPeripheralReady)
                  000069f4    00000038     rtsv7M4_T_le_v4SPD16_eabi.lib : boot_cortex_m.c.obj (.text:_c_int00_noargs:_c_int00_noargs)
                  00006a2c    00000038                                   : fs_tod_t2.asm.obj (.text)
                  00006a64    00000034     driverlib.lib : interrupt.obj (.text:IntRegister)
                  00006a98    00000034                   : sysctl.obj (.text:SysCtlPeripheralDisable)
                  00006acc    00000034                   : sysctl.obj (.text:SysCtlPeripheralEnable)
                  00006b00    0000002e     rtsv7M4_T_le_v4SPD16_eabi.lib : i_tofd_t2.asm.obj (.text)
                  00006b2e    0000002a     driverlib.lib : gpio.obj (.text:GPIODirModeSet)
                  00006b58    00000020                   : sysctl.obj (.text:_SysCtlMemTimingGet)
                  00006b78    00000020     rtsv7M4_T_le_v4SPD16_eabi.lib : u_tofd_t2.asm.obj (.text)
                  00006b98    0000001c                                   : memccpy.c.obj (.text:memccpy)
                  00006bb4    00000018     driverlib.lib : gpio.obj (.text:GPIOIntRegister)
                  00006bcc    00000018                   : gpio.obj (.text:GPIOPinTypeGPIOOutput)
                  00006be4    00000018                   : timer.obj (.text:TimerDisable)
                  00006bfc    00000018                   : uart.obj (.text:UARTIntRegister)
                  00006c14    00000018     rtsv7M4_T_le_v4SPD16_eabi.lib : sprintf.c.obj (.text:_outs)
                  00006c2c    00000016                                   : strchr.c.obj (.text:strchr)
                  00006c42    00000014                                   : s_copysign.c.obj (.text:copysign)
                  00006c56    00000014                                   : strlen.c.obj (.text:strlen)
                  00006c6a    00000012     driverlib.lib : gpio.obj (.text:GPIOPinTypeGPIOInput)
                  00006c7c    00000012                   : gpio.obj (.text:GPIOPinTypeI2C)
                  00006c8e    00000012                   : gpio.obj (.text:GPIOPinTypeI2CSCL)
                  00006ca0    00000012                   : gpio.obj (.text:GPIOPinTypeUART)
                  00006cb2    00000012                   : timer.obj (.text:TimerLoadSet)
                  00006cc4    00000012     rtsv7M4_T_le_v4SPD16_eabi.lib : wcslen.c.obj (.text:wcslen)
                  00006cd6    0000000e     driverlib.lib : gpio.obj (.text:GPIOIntStatus)
                  00006ce4    0000000e                   : timer.obj (.text:TimerEnable)
                  00006cf2    0000000e                   : uart.obj (.text:UARTCharsAvail)
                  00006d00    0000000e     rtsv7M4_T_le_v4SPD16_eabi.lib : copy_decompress_none.c.obj (.text:decompress:none:__TI_decompress_none)
                  00006d0e    0000000c     driverlib.lib : gpio.obj (.text:GPIOIntEnable)
                  00006d1a    0000000c     rtsv7M4_T_le_v4SPD16_eabi.lib : copy_zero_init.c.obj (.text:decompress:ZI:__TI_zero_init)
                  00006d26    0000000c     tm4c1294ncpdt_startup_ccs.obj (.text)
                  00006d32    0000000a     driverlib.lib : i2c.obj (.text:I2CMasterEnable)
                  00006d3c    0000000a                   : timer.obj (.text:TimerValueGet)
                  00006d46    0000000a                   : uart.obj (.text:UARTCharGet)
                  00006d50    0000000a                   : uart.obj (.text:UARTCharPut)
                  00006d5a    0000000a     rtsv7M4_T_le_v4SPD16_eabi.lib : sprintf.c.obj (.text:_outc)
                  00006d64    00000008     driverlib.lib : i2c.obj (.text:I2CMasterBusBusy)
                  00006d6c    00000008                   : i2c.obj (.text:I2CMasterBusy)
                  00006d74    00000008                   : i2c.obj (.text:I2CMasterSlaveAddrSet)
                  00006d7c    00000008                   : uart.obj (.text:UARTIntEnable)
                  00006d84    00000008     rtsv7M4_T_le_v4SPD16_eabi.lib : errno.c.obj (.text:__aeabi_errno_addr)
                  00006d8c    00000008                                   : bzero.c.obj (.text:bzero)
                  00006d94    00000006     driverlib.lib : gpio.obj (.text:GPIOIntClear)
                  00006d9a    00000006                   : gpio.obj (.text:GPIOPinRead)
                  00006da0    00000006                   : gpio.obj (.text:GPIOPinWrite)
                  00006da6    00000006                   : sysctl.obj (.text:SysCtlDelay)
                  00006dac    00000004                   : i2c.obj (.text:I2CMasterControl)
                  00006db0    00000004                   : i2c.obj (.text:I2CMasterDataGet)
                  00006db4    00000004                   : i2c.obj (.text:I2CMasterDataPut)
                  00006db8    00000004     rtsv7M4_T_le_v4SPD16_eabi.lib : pre_init.c.obj (.text:_system_pre_init)
                  00006dbc    00000004                                   : exit.c.obj (.text:abort:abort)

.const     0    00006dc0    0000068c     
                  00006dc0    000001b0     driverlib.lib : sysctl.obj (.const:g_pppui32XTALtoVCO)
                  00006f70    00000101     rtsv7M4_T_le_v4SPD16_eabi.lib : ctype.c.obj (.const:.string:_ctypes_)
                  00007071    00000003     --HOLE-- [fill = 0]
                  00007074    000000c0     driverlib.lib : gpio.obj (.const:g_ppui32GPIOIntMapBlizzard)
                  00007134    000000c0                   : gpio.obj (.const:g_ppui32GPIOIntMapSnowflake)
                  000071f4    00000090                   : gpio.obj (.const:g_pui32GPIOBaseAddrs)
                  00007284    00000070                   : interrupt.obj (.const)
                  000072f4    0000006c                   : sysctl.obj (.const:g_pui32Xtals)
                  00007360    00000040                   : uart.obj (.const:g_ppui32UARTIntMap)
                  000073a0    00000040                   : uart.obj (.const:g_ppui32UARTIntMapSnowflake)
                  000073e0    00000030                   : sysctl.obj (.const:g_sXTALtoMEMTIM)
                  00007410    00000012     uartstdio.obj (.const:.string)
                  00007422    00000002     --HOLE-- [fill = 0]
                  00007424    0000000c     uartstdio.obj (.const:g_ui32UARTBase)
                  00007430    0000000c     uartstdio.obj (.const:g_ui32UARTPeriph)
                  0000743c    00000008     driverlib.lib : sysctl.obj (.const)
                  00007444    00000004     port.obj (.const)
                  00007448    00000004     uartstdio.obj (.const)

.cinit     0    00007450    00000048     
                  00007450    0000000d     (.cinit..data.load) [load image, compression = lzss]
                  0000745d    00000003     --HOLE-- [fill = 0]
                  00007460    0000000c     (__TI_handler_table)
                  0000746c    00000004     --HOLE-- [fill = 0]
                  00007470    00000008     (.cinit..bss.load) [load image, compression = zero_init]
                  00007478    00000008     (.cinit..vtable.load) [load image, compression = zero_init]
                  00007480    00000018     (__TI_cinit_table)

.init_array 
*          0    00000000    00000000     UNINITIALIZED

.vtable    0    20000000    0000026c     UNINITIALIZED
                  20000000    0000026c     driverlib.lib : interrupt.obj (.vtable)

.bss       0    2000026c    0000c4e4     UNINITIALIZED
                  2000026c    0000c350     heap_4.obj (.bss:ucHeap)
                  2000c5bc    00000064     tasks.obj (.bss:pxReadyTasksLists)
                  2000c620    00000040     (.common:xQueueRegistry)
                  2000c660    00000014     timers.obj (.bss:xActiveTimerList1)
                  2000c674    00000014     timers.obj (.bss:xActiveTimerList2)
                  2000c688    00000014     tasks.obj (.bss:xDelayedTaskList1)
                  2000c69c    00000014     tasks.obj (.bss:xDelayedTaskList2)
                  2000c6b0    00000014     tasks.obj (.bss:xPendingReadyList)
                  2000c6c4    00000014     tasks.obj (.bss:xSuspendedTaskList)
                  2000c6d8    00000014     tasks.obj (.bss:xTasksWaitingTermination)
                  2000c6ec    00000008     tasks.obj (.bss)
                  2000c6f4    00000008     timers.obj (.bss)
                  2000c6fc    00000008     heap_4.obj (.bss:xStart)
                  2000c704    00000004     (.common:comm_receive_queue)
                  2000c708    00000004     (.common:comm_send_queue)
                  2000c70c    00000004     (.common:comm_task_events)
                  2000c710    00000004     (.common:comm_task_sem)
                  2000c714    00000004     (.common:g_ui32SysClock)
                  2000c718    00000004     (.common:pwm_width_1)
                  2000c71c    00000004     (.common:pwm_width_2)
                  2000c720    00000004     (.common:sem_bme280_acq)
                  2000c724    00000004     (.common:sem_hcsr04_acq)
                  2000c728    00000004     (.common:sem_hcsr04_update)
                  2000c72c    00000003     (.common:receive_packet)
                  2000c72f    00000001     (.common:dig_H1)
                  2000c730    00000002     (.common:dig_H2)
                  2000c732    00000002     (.common:dig_H4)
                  2000c734    00000002     (.common:dig_H5)
                  2000c736    00000002     (.common:dig_P1)
                  2000c738    00000002     (.common:dig_P2)
                  2000c73a    00000002     (.common:dig_P3)
                  2000c73c    00000002     (.common:dig_P4)
                  2000c73e    00000002     (.common:dig_P5)
                  2000c740    00000002     (.common:dig_P6)
                  2000c742    00000002     (.common:dig_P7)
                  2000c744    00000002     (.common:dig_P8)
                  2000c746    00000002     (.common:dig_P9)
                  2000c748    00000002     (.common:dig_T1)
                  2000c74a    00000002     (.common:dig_T2)
                  2000c74c    00000002     (.common:dig_T3)
                  2000c74e    00000001     (.common:dig_H3)
                  2000c74f    00000001     (.common:dig_H6)

.data      0    2000c950    00000064     UNINITIALIZED
                  2000c950    00000030     tasks.obj (.data)
                  2000c980    00000010     heap_4.obj (.data)
                  2000c990    00000008     timers.obj (.data)
                  2000c998    00000005     uartstdio.obj (.data)
                  2000c99d    00000003     --HOLE--
                  2000c9a0    00000004     bme280.obj (.data)
                  2000c9a4    00000004     main.obj (.data)
                  2000c9a8    00000004     port.obj (.data)
                  2000c9ac    00000004     rtsv7M4_T_le_v4SPD16_eabi.lib : errno.c.obj (.data)
                  2000c9b0    00000004     uart_comm.obj (.data)

.stack     0    2000c750    00000200     UNINITIALIZED
                  2000c750    00000004     rtsv7M4_T_le_v4SPD16_eabi.lib : boot_cortex_m.c.obj (.stack)
                  2000c754    000001fc     --HOLE--

MODULE SUMMARY

       Module                          code    ro data   rw data
       ------                          ----    -------   -------
    .\
       main.obj                        620     0         39     
       tm4c1294ncpdt_startup_ccs.obj   12      520       0      
    +--+-------------------------------+-------+---------+---------+
       Total:                          632     520       39     
                                                                
    .\FreeRTOS\
       heap_4.obj                      700     0         50024  
       tasks.obj                       6096    0         256    
       queue.obj                       2568    0         64     
       timers.obj                      1332    0         56     
       port.obj                        296     4         4      
       list.obj                        298     0         0      
       portasm.obj                     210     0         0      
    +--+-------------------------------+-------+---------+---------+
       Total:                          11500   4         50404  
                                                                
    .\src\
       bme280.obj                      2348    0         37     
       uartstdio.obj                   1244    46        5      
       hcsr04.obj                      812     0         8      
       i2c0_rw.obj                     460     0         0      
       comm_task.obj                   328     0         0      
       uart_comm.obj                   256     0         4      
    +--+-------------------------------+-------+---------+---------+
       Total:                          5448    46        54     
                                                                
    C:/ti/TivaWare_C_Series-2.1.3.156/driverlib/ccs/Debug/driverlib.lib
       sysctl.obj                      842     596       0      
       gpio.obj                        734     528       0      
       interrupt.obj                   156     112       620    
       uart.obj                        130     128       0      
       timer.obj                       162     0         0      
       i2c.obj                         114     0         0      
    +--+-------------------------------+-------+---------+---------+
       Total:                          2138    1364      620    
                                                                
    C:\ti\ccsv8\tools\compiler\ti-cgt-arm_18.1.1.LTS\lib\rtsv7M4_T_le_v4SPD16_eabi.lib
       _printfi.c.obj                  4863    0         0      
       fd_add_t2.asm.obj               438     0         0      
       fd_div_t2.asm.obj               310     0         0      
       s_scalbn.c.obj                  272     0         0      
       fd_cmp_t2.asm.obj               268     0         0      
       ctype.c.obj                     0       257       0      
       fd_mul_t2.asm.obj               252     0         0      
       memcpy_t2.asm.obj               156     0         0      
       ull_div_t2.asm.obj              150     0         0      
       memset_t2.asm.obj               122     0         0      
       copy_decompress_lzss.c.obj      104     0         0      
       s_frexp.c.obj                   100     0         0      
       sprintf.c.obj                   98      0         0      
       ltoa.c.obj                      84      0         0      
       atoi.c.obj                      76      0         0      
       fd_toi_t2.asm.obj               72      0         0      
       autoinit.c.obj                  68      0         0      
       u_divt2.asm.obj                 64      0         0      
       boot_cortex_m.c.obj             56      0         0      
       fs_tod_t2.asm.obj               56      0         0      
       i_tofd_t2.asm.obj               46      0         0      
       u_tofd_t2.asm.obj               32      0         0      
       memccpy.c.obj                   28      0         0      
       strchr.c.obj                    22      0         0      
       s_copysign.c.obj                20      0         0      
       strlen.c.obj                    20      0         0      
       wcslen.c.obj                    18      0         0      
       copy_decompress_none.c.obj      14      0         0      
       copy_zero_init.c.obj            12      0         0      
       errno.c.obj                     8       0         4      
       bzero.c.obj                     8       0         0      
       exit.c.obj                      4       0         0      
       pre_init.c.obj                  4       0         0      
       div0.asm.obj                    2       0         0      
    +--+-------------------------------+-------+---------+---------+
       Total:                          7847    257       4      
                                                                
       Stack:                          0       0         512    
       Linker Generated:               0       65        0      
    +--+-------------------------------+-------+---------+---------+
       Grand Total:                    27565   2256      51633  


LINKER GENERATED COPY TABLES

__TI_cinit_table @ 00007480 records: 3, size/record: 8, table size: 24
	.data: load addr=00007450, load size=0000000d bytes, run addr=2000c950, run size=00000064 bytes, compression=lzss
	.bss: load addr=00007470, load size=00000008 bytes, run addr=2000026c, run size=0000c4e4 bytes, compression=zero_init
	.vtable: load addr=00007478, load size=00000008 bytes, run addr=20000000, run size=0000026c bytes, compression=zero_init


LINKER GENERATED HANDLER TABLE

__TI_handler_table @ 00007460 records: 3, size/record: 4, table size: 12
	index: 0, handler: __TI_zero_init
	index: 1, handler: __TI_decompress_lzss
	index: 2, handler: __TI_decompress_none


GLOBAL SYMBOLS: SORTED ALPHABETICALLY BY Name 

address   name                             
-------   ----                             
00002fbb  BME280_Configure                 
000035a9  BME280_GetCompensatedData        
00002e41  BME280_Init                      
00003199  BME280_compensate_P_double       
00003021  BME280_compensate_T_double       
00006dbd  C$$EXIT                          
00006b2f  GPIODirModeSet                   
00006d95  GPIOIntClear                     
00006d0f  GPIOIntEnable                    
00006bb5  GPIOIntRegister                  
00006cd7  GPIOIntStatus                    
0000652d  GPIOIntTypeSet                   
0000573b  GPIOPadConfigSet                 
0000671d  GPIOPinConfigure                 
00006d9b  GPIOPinRead                      
00006c6b  GPIOPinTypeGPIOInput             
00006bcd  GPIOPinTypeGPIOOutput            
00006c7d  GPIOPinTypeI2C                   
00006c8f  GPIOPinTypeI2CSCL                
00006ca1  GPIOPinTypeUART                  
00006da1  GPIOPinWrite                     
00004291  HCSR04_1_Init                    
000042cf  HCSR04_2_Init                    
00004ffd  I2C0_Init                        
000050b7  I2C0_Read                        
00005059  I2C0_Write                       
00006d65  I2CMasterBusBusy                 
00006d6d  I2CMasterBusy                    
00006dad  I2CMasterControl                 
00006db1  I2CMasterDataGet                 
00006db5  I2CMasterDataPut                 
00006d33  I2CMasterEnable                  
000067f5  I2CMasterGlitchFilterConfigSet   
00006d75  I2CMasterSlaveAddrSet            
00006399  IntEnable                        
00006a65  IntRegister                      
00004223  PortHIntHandler                  
000041b5  PortLIntHandler                  
00006d27  ResetISR                         
00004c41  SysCtlClockFreqSet               
00006da7  SysCtlDelay                      
00006a99  SysCtlPeripheralDisable          
00006acd  SysCtlPeripheralEnable           
000069bd  SysCtlPeripheralReady            
00006681  SysCtlPeripheralReset            
0000417d  TIMER0_Init                      
00004199  TIMER1_Init                      
0000367d  Task_BME280                      
0000430d  Task_HCSR04                      
000064cd  TimerConfigure                   
00006be5  TimerDisable                     
00006ce5  TimerEnable                      
00006cb3  TimerLoadSet                     
00006d3d  TimerValueGet                    
00004a0d  UART0_Init                       
00006d47  UARTCharGet                      
00006d51  UARTCharPut                      
00006cf3  UARTCharsAvail                   
00006d7d  UARTIntEnable                    
00006bfd  UARTIntRegister                  
00005d9b  UARTSend                         
00003ca1  UARTStdioConfig                  
00005cf1  UARTStdioIntHandler              
00005d55  UART_Configure                   
00003e19  UARTgetc                         
00003d53  UARTgets                         
00004147  UARTprintf                       
00003e4d  UARTvprintf                      
00003d01  UARTwrite                        
2000c950  __STACK_END                      
00000200  __STACK_SIZE                     
2000c950  __STACK_TOP                      
00007480  __TI_CINIT_Base                  
00007498  __TI_CINIT_Limit                 
00007460  __TI_Handler_Table_Base          
0000746c  __TI_Handler_Table_Limit         
00006839  __TI_auto_init_nobinit_nopinit   
00006401  __TI_decompress_lzss             
00006d01  __TI_decompress_none             
ffffffff  __TI_pprof_out_hndl              
000019d9  __TI_printfi                     
ffffffff  __TI_prof_data_size              
ffffffff  __TI_prof_data_start             
00000000  __TI_static_base__               
00006d1b  __TI_zero_init                   
000061a5  __aeabi_cdcmpeq                  
000061a5  __aeabi_cdcmple                  
0000622b  __aeabi_cdrcmple                 
000067ad  __aeabi_d2iz                     
000051d3  __aeabi_dadd                     
00005605  __aeabi_ddiv                     
00005df1  __aeabi_dmul                     
000051c9  __aeabi_dsub                     
00006d85  __aeabi_errno_addr               
00006a2d  __aeabi_f2d                      
00006b01  __aeabi_i2d                      
00002437  __aeabi_idiv0                    
00002437  __aeabi_ldiv0                    
000062b1  __aeabi_memclr                   
000062b1  __aeabi_memclr4                  
000062b1  __aeabi_memclr8                  
00006073  __aeabi_memcpy                   
00006073  __aeabi_memcpy4                  
00006073  __aeabi_memcpy8                  
000062b3  __aeabi_memset                   
000062b3  __aeabi_memset4                  
000062b3  __aeabi_memset8                  
00006b79  __aeabi_ui2d                     
000068fd  __aeabi_uidiv                    
000068fd  __aeabi_uidivmod                 
0000610f  __aeabi_uldivmod                 
ffffffff  __binit__                        
ffffffff  __c_args__                       
UNDEFED   __mpu_init                       
2000c750  __stack                          
000069f5  _c_int00_noargs                  
00006f70  _ctypes_                         
UNDEFED   _system_post_cinit               
00006db9  _system_pre_init                 
00006dbd  abort                            
000066d1  atoi                             
ffffffff  binit                            
0000340d  bme280_compensate_H_double       
00006d8d  bzero                            
2000c704  comm_receive_queue               
2000c708  comm_send_queue                  
2000c70c  comm_task_events                 
2000c710  comm_task_sem                    
00006c43  copysign                         
00006c43  copysignl                        
2000c72f  dig_H1                           
2000c730  dig_H2                           
2000c74e  dig_H3                           
2000c732  dig_H4                           
2000c734  dig_H5                           
2000c74f  dig_H6                           
2000c736  dig_P1                           
2000c738  dig_P2                           
2000c73a  dig_P3                           
2000c73c  dig_P4                           
2000c73e  dig_P5                           
2000c740  dig_P6                           
2000c742  dig_P7                           
2000c744  dig_P8                           
2000c746  dig_P9                           
2000c748  dig_T1                           
2000c74a  dig_T2                           
2000c74c  dig_T3                           
2000c9ac  errno                            
00006469  frexp                            
00006469  frexpl                           
20000000  g_pfnRAMVectors                  
00000000  g_pfnVectors                     
2000c714  g_ui32SysClock                   
00005be1  ldexp                            
00005be1  ldexpl                           
000065d9  ltoa                             
00004a57  main                             
00006b99  memccpy                          
00006073  memcpy                           
000062b9  memset                           
00003867  pcTimerGetTimerName              
000044a9  pvPortMalloc                     
00001517  pvTaskIncrementMutexHeldCount    
00003c51  pvTimerGetTimerID                
2000c718  pwm_width_1                      
2000c71c  pwm_width_2                      
2000c950  pxCurrentTCB                     
00005999  pxPortInitialiseStack            
2000c72c  receive_packet                   
00005be1  scalbn                           
00005be1  scalbnl                          
2000c720  sem_bme280_acq                   
2000c724  sem_hcsr04_acq                   
2000c728  sem_hcsr04_update                
0000693d  sprintf                          
00006c2d  strchr                           
00006c57  strlen                           
2000c9a0  t_fine                           
000049d5  timer_callback                   
00002b59  ucQueueGetQueueType              
00007444  ulMaxSyscallInterruptPriority    
00005efd  ulPortGetIPSR                    
0000152f  ulTaskNotifyTake                 
0000594f  uxListRemove                     
00002b39  uxQueueGetQueueNumber            
00002adb  uxQueueMessagesWaiting           
00002b11  uxQueueMessagesWaitingFromISR    
00002af1  uxQueueSpacesAvailable           
000009fd  uxTaskGetNumberOfTasks           
00000a0d  uxTaskGetSystemState             
00000f3f  uxTaskGetTaskNumber              
000004c3  uxTaskPriorityGet                
000004f5  uxTaskPriorityGetFromISR         
000014f5  uxTaskResetEventItemValue        
00005381  vCommTask                        
0000586d  vListInitialise                  
0000589d  vListInitialiseItem              
000058e9  vListInsert                      
000058ad  vListInsertEnd                   
00005fb1  vPortEnableVFP                   
00005a35  vPortEndScheduler                
00005a37  vPortEnterCritical               
00005a57  vPortExitCritical                
000045ab  vPortFree                        
00004609  vPortInitialiseBlocks            
00005f75  vPortSVCHandler                  
00005a93  vPortSetupTimerInterrupt         
00005f95  vPortStartFirstTask              
00002d67  vQueueAddToRegistry              
00002b23  vQueueDelete                     
00002b47  vQueueSetQueueNumber             
00002da9  vQueueUnregisterQueue            
00002de3  vQueueWaitForMessageRestricted   
00000467  vTaskDelay                       
000003bf  vTaskDelayUntil                  
00000323  vTaskDelete                      
000008c9  vTaskEndScheduler                
00000f37  vTaskMissedYield                 
000018e1  vTaskNotifyGiveFromISR           
00000c6d  vTaskPlaceOnEventList            
00000d45  vTaskPlaceOnEventListRestricted  
00000ccd  vTaskPlaceOnUnorderedEventList   
0000139d  vTaskPriorityInherit             
00000549  vTaskPrioritySet                 
00000751  vTaskResume                      
00000f65  vTaskSetTaskNumber               
00000e97  vTaskSetTimeOutState             
00000865  vTaskStartScheduler              
0000065d  vTaskSuspend                     
000008e9  vTaskSuspendAll                  
00000c01  vTaskSwitchContext               
00003c6b  vTimerSetTimerID                 
00006cc5  wcslen                           
000045fd  xPortGetFreeHeapSize             
00004603  xPortGetMinimumEverFreeHeapSize  
00005f15  xPortPendSVHandler               
000059ff  xPortStartScheduler              
00005a6d  xPortSysTickHandler              
00002641  xQueueCreateCountingSemaphore    
00002545  xQueueCreateMutex                
000024d5  xQueueGenericCreate              
00002895  xQueueGenericReceive             
00002439  xQueueGenericReset               
00002661  xQueueGenericSend                
00002789  xQueueGenericSendFromISR         
00002815  xQueueGiveFromISR                
000025bb  xQueueGiveMutexRecursive         
00002d03  xQueueIsQueueEmptyFromISR        
00002d45  xQueueIsQueueFullFromISR         
00002a89  xQueuePeekFromISR                
00002a03  xQueueReceiveFromISR             
2000c620  xQueueRegistry                   
000025f7  xQueueTakeMutexRecursive         
00000ebd  xTaskCheckForTimeOut             
00000209  xTaskGenericCreate               
000016e7  xTaskGenericNotify               
000017d9  xTaskGenericNotifyFromISR        
00001351  xTaskGetCurrentTaskHandle        
00001369  xTaskGetSchedulerState           
000009d9  xTaskGetTickCount                
000009e9  xTaskGetTickCountFromISR         
00000add  xTaskIncrementTick               
00001987  xTaskNotifyStateClear            
000015fd  xTaskNotifyWait                  
00001457  xTaskPriorityDisinherit          
00000da9  xTaskRemoveFromEventList         
00000e29  xTaskRemoveFromUnorderedEventList
000008fd  xTaskResumeAll                   
000007d3  xTaskResumeFromISR               
000037a7  xTimerCreate                     
0000376d  xTimerCreateTimerTask            
000037fb  xTimerGenericCommand             
00003c25  xTimerIsTimerActive              


GLOBAL SYMBOLS: SORTED BY Symbol Address 

address   name                             
-------   ----                             
00000000  __TI_static_base__               
00000000  g_pfnVectors                     
00000200  __STACK_SIZE                     
00000209  xTaskGenericCreate               
00000323  vTaskDelete                      
000003bf  vTaskDelayUntil                  
00000467  vTaskDelay                       
000004c3  uxTaskPriorityGet                
000004f5  uxTaskPriorityGetFromISR         
00000549  vTaskPrioritySet                 
0000065d  vTaskSuspend                     
00000751  vTaskResume                      
000007d3  xTaskResumeFromISR               
00000865  vTaskStartScheduler              
000008c9  vTaskEndScheduler                
000008e9  vTaskSuspendAll                  
000008fd  xTaskResumeAll                   
000009d9  xTaskGetTickCount                
000009e9  xTaskGetTickCountFromISR         
000009fd  uxTaskGetNumberOfTasks           
00000a0d  uxTaskGetSystemState             
00000add  xTaskIncrementTick               
00000c01  vTaskSwitchContext               
00000c6d  vTaskPlaceOnEventList            
00000ccd  vTaskPlaceOnUnorderedEventList   
00000d45  vTaskPlaceOnEventListRestricted  
00000da9  xTaskRemoveFromEventList         
00000e29  xTaskRemoveFromUnorderedEventList
00000e97  vTaskSetTimeOutState             
00000ebd  xTaskCheckForTimeOut             
00000f37  vTaskMissedYield                 
00000f3f  uxTaskGetTaskNumber              
00000f65  vTaskSetTaskNumber               
00001351  xTaskGetCurrentTaskHandle        
00001369  xTaskGetSchedulerState           
0000139d  vTaskPriorityInherit             
00001457  xTaskPriorityDisinherit          
000014f5  uxTaskResetEventItemValue        
00001517  pvTaskIncrementMutexHeldCount    
0000152f  ulTaskNotifyTake                 
000015fd  xTaskNotifyWait                  
000016e7  xTaskGenericNotify               
000017d9  xTaskGenericNotifyFromISR        
000018e1  vTaskNotifyGiveFromISR           
00001987  xTaskNotifyStateClear            
000019d9  __TI_printfi                     
00002437  __aeabi_idiv0                    
00002437  __aeabi_ldiv0                    
00002439  xQueueGenericReset               
000024d5  xQueueGenericCreate              
00002545  xQueueCreateMutex                
000025bb  xQueueGiveMutexRecursive         
000025f7  xQueueTakeMutexRecursive         
00002641  xQueueCreateCountingSemaphore    
00002661  xQueueGenericSend                
00002789  xQueueGenericSendFromISR         
00002815  xQueueGiveFromISR                
00002895  xQueueGenericReceive             
00002a03  xQueueReceiveFromISR             
00002a89  xQueuePeekFromISR                
00002adb  uxQueueMessagesWaiting           
00002af1  uxQueueSpacesAvailable           
00002b11  uxQueueMessagesWaitingFromISR    
00002b23  vQueueDelete                     
00002b39  uxQueueGetQueueNumber            
00002b47  vQueueSetQueueNumber             
00002b59  ucQueueGetQueueType              
00002d03  xQueueIsQueueEmptyFromISR        
00002d45  xQueueIsQueueFullFromISR         
00002d67  vQueueAddToRegistry              
00002da9  vQueueUnregisterQueue            
00002de3  vQueueWaitForMessageRestricted   
00002e41  BME280_Init                      
00002fbb  BME280_Configure                 
00003021  BME280_compensate_T_double       
00003199  BME280_compensate_P_double       
0000340d  bme280_compensate_H_double       
000035a9  BME280_GetCompensatedData        
0000367d  Task_BME280                      
0000376d  xTimerCreateTimerTask            
000037a7  xTimerCreate                     
000037fb  xTimerGenericCommand             
00003867  pcTimerGetTimerName              
00003c25  xTimerIsTimerActive              
00003c51  pvTimerGetTimerID                
00003c6b  vTimerSetTimerID                 
00003ca1  UARTStdioConfig                  
00003d01  UARTwrite                        
00003d53  UARTgets                         
00003e19  UARTgetc                         
00003e4d  UARTvprintf                      
00004147  UARTprintf                       
0000417d  TIMER0_Init                      
00004199  TIMER1_Init                      
000041b5  PortLIntHandler                  
00004223  PortHIntHandler                  
00004291  HCSR04_1_Init                    
000042cf  HCSR04_2_Init                    
0000430d  Task_HCSR04                      
000044a9  pvPortMalloc                     
000045ab  vPortFree                        
000045fd  xPortGetFreeHeapSize             
00004603  xPortGetMinimumEverFreeHeapSize  
00004609  vPortInitialiseBlocks            
000049d5  timer_callback                   
00004a0d  UART0_Init                       
00004a57  main                             
00004c41  SysCtlClockFreqSet               
00004ffd  I2C0_Init                        
00005059  I2C0_Write                       
000050b7  I2C0_Read                        
000051c9  __aeabi_dsub                     
000051d3  __aeabi_dadd                     
00005381  vCommTask                        
00005605  __aeabi_ddiv                     
0000573b  GPIOPadConfigSet                 
0000586d  vListInitialise                  
0000589d  vListInitialiseItem              
000058ad  vListInsertEnd                   
000058e9  vListInsert                      
0000594f  uxListRemove                     
00005999  pxPortInitialiseStack            
000059ff  xPortStartScheduler              
00005a35  vPortEndScheduler                
00005a37  vPortEnterCritical               
00005a57  vPortExitCritical                
00005a6d  xPortSysTickHandler              
00005a93  vPortSetupTimerInterrupt         
00005be1  ldexp                            
00005be1  ldexpl                           
00005be1  scalbn                           
00005be1  scalbnl                          
00005cf1  UARTStdioIntHandler              
00005d55  UART_Configure                   
00005d9b  UARTSend                         
00005df1  __aeabi_dmul                     
00005efd  ulPortGetIPSR                    
00005f15  xPortPendSVHandler               
00005f75  vPortSVCHandler                  
00005f95  vPortStartFirstTask              
00005fb1  vPortEnableVFP                   
00006073  __aeabi_memcpy                   
00006073  __aeabi_memcpy4                  
00006073  __aeabi_memcpy8                  
00006073  memcpy                           
0000610f  __aeabi_uldivmod                 
000061a5  __aeabi_cdcmpeq                  
000061a5  __aeabi_cdcmple                  
0000622b  __aeabi_cdrcmple                 
000062b1  __aeabi_memclr                   
000062b1  __aeabi_memclr4                  
000062b1  __aeabi_memclr8                  
000062b3  __aeabi_memset                   
000062b3  __aeabi_memset4                  
000062b3  __aeabi_memset8                  
000062b9  memset                           
00006399  IntEnable                        
00006401  __TI_decompress_lzss             
00006469  frexp                            
00006469  frexpl                           
000064cd  TimerConfigure                   
0000652d  GPIOIntTypeSet                   
000065d9  ltoa                             
00006681  SysCtlPeripheralReset            
000066d1  atoi                             
0000671d  GPIOPinConfigure                 
000067ad  __aeabi_d2iz                     
000067f5  I2CMasterGlitchFilterConfigSet   
00006839  __TI_auto_init_nobinit_nopinit   
000068fd  __aeabi_uidiv                    
000068fd  __aeabi_uidivmod                 
0000693d  sprintf                          
000069bd  SysCtlPeripheralReady            
000069f5  _c_int00_noargs                  
00006a2d  __aeabi_f2d                      
00006a65  IntRegister                      
00006a99  SysCtlPeripheralDisable          
00006acd  SysCtlPeripheralEnable           
00006b01  __aeabi_i2d                      
00006b2f  GPIODirModeSet                   
00006b79  __aeabi_ui2d                     
00006b99  memccpy                          
00006bb5  GPIOIntRegister                  
00006bcd  GPIOPinTypeGPIOOutput            
00006be5  TimerDisable                     
00006bfd  UARTIntRegister                  
00006c2d  strchr                           
00006c43  copysign                         
00006c43  copysignl                        
00006c57  strlen                           
00006c6b  GPIOPinTypeGPIOInput             
00006c7d  GPIOPinTypeI2C                   
00006c8f  GPIOPinTypeI2CSCL                
00006ca1  GPIOPinTypeUART                  
00006cb3  TimerLoadSet                     
00006cc5  wcslen                           
00006cd7  GPIOIntStatus                    
00006ce5  TimerEnable                      
00006cf3  UARTCharsAvail                   
00006d01  __TI_decompress_none             
00006d0f  GPIOIntEnable                    
00006d1b  __TI_zero_init                   
00006d27  ResetISR                         
00006d33  I2CMasterEnable                  
00006d3d  TimerValueGet                    
00006d47  UARTCharGet                      
00006d51  UARTCharPut                      
00006d65  I2CMasterBusBusy                 
00006d6d  I2CMasterBusy                    
00006d75  I2CMasterSlaveAddrSet            
00006d7d  UARTIntEnable                    
00006d85  __aeabi_errno_addr               
00006d8d  bzero                            
00006d95  GPIOIntClear                     
00006d9b  GPIOPinRead                      
00006da1  GPIOPinWrite                     
00006da7  SysCtlDelay                      
00006dad  I2CMasterControl                 
00006db1  I2CMasterDataGet                 
00006db5  I2CMasterDataPut                 
00006db9  _system_pre_init                 
00006dbd  C$$EXIT                          
00006dbd  abort                            
00006f70  _ctypes_                         
00007444  ulMaxSyscallInterruptPriority    
00007460  __TI_Handler_Table_Base          
0000746c  __TI_Handler_Table_Limit         
00007480  __TI_CINIT_Base                  
00007498  __TI_CINIT_Limit                 
20000000  g_pfnRAMVectors                  
2000c620  xQueueRegistry                   
2000c704  comm_receive_queue               
2000c708  comm_send_queue                  
2000c70c  comm_task_events                 
2000c710  comm_task_sem                    
2000c714  g_ui32SysClock                   
2000c718  pwm_width_1                      
2000c71c  pwm_width_2                      
2000c720  sem_bme280_acq                   
2000c724  sem_hcsr04_acq                   
2000c728  sem_hcsr04_update                
2000c72c  receive_packet                   
2000c72f  dig_H1                           
2000c730  dig_H2                           
2000c732  dig_H4                           
2000c734  dig_H5                           
2000c736  dig_P1                           
2000c738  dig_P2                           
2000c73a  dig_P3                           
2000c73c  dig_P4                           
2000c73e  dig_P5                           
2000c740  dig_P6                           
2000c742  dig_P7                           
2000c744  dig_P8                           
2000c746  dig_P9                           
2000c748  dig_T1                           
2000c74a  dig_T2                           
2000c74c  dig_T3                           
2000c74e  dig_H3                           
2000c74f  dig_H6                           
2000c750  __stack                          
2000c950  __STACK_END                      
2000c950  __STACK_TOP                      
2000c950  pxCurrentTCB                     
2000c9a0  t_fine                           
2000c9ac  errno                            
ffffffff  __TI_pprof_out_hndl              
ffffffff  __TI_prof_data_size              
ffffffff  __TI_prof_data_start             
ffffffff  __binit__                        
ffffffff  __c_args__                       
ffffffff  binit                            
UNDEFED   __mpu_init                       
UNDEFED   _system_post_cinit               

[274 symbols]
