<?xml version="1.0" encoding="ISO-8859-1" ?>
<link_info>
   <banner>TI ARM Linker PC v18.1.1.LTS</banner>
   <copyright>Copyright (c) 1996-2017 Texas Instruments Incorporated</copyright>
   <link_time>0x5ae623c1</link_time>
   <link_errors>0x0</link_errors>
   <output_file>UART_Structure.out</output_file>
   <entry_point>
      <name>_c_int00_noargs</name>
      <address>0x7155</address>
   </entry_point>
   <input_file_list>
      <input_file id="fl-2">
         <path>.\</path>
         <kind>object</kind>
         <file>heap_4.obj</file>
         <name>heap_4.obj</name>
      </input_file>
      <input_file id="fl-3">
         <path>.\</path>
         <kind>object</kind>
         <file>main.obj</file>
         <name>main.obj</name>
      </input_file>
      <input_file id="fl-4">
         <path>.\</path>
         <kind>object</kind>
         <file>tm4c1294ncpdt_startup_ccs.obj</file>
         <name>tm4c1294ncpdt_startup_ccs.obj</name>
      </input_file>
      <input_file id="fl-5">
         <path>.\FreeRTOS\</path>
         <kind>object</kind>
         <file>croutine.obj</file>
         <name>croutine.obj</name>
      </input_file>
      <input_file id="fl-6">
         <path>.\FreeRTOS\</path>
         <kind>object</kind>
         <file>event_groups.obj</file>
         <name>event_groups.obj</name>
      </input_file>
      <input_file id="fl-7">
         <path>.\FreeRTOS\</path>
         <kind>object</kind>
         <file>list.obj</file>
         <name>list.obj</name>
      </input_file>
      <input_file id="fl-8">
         <path>.\FreeRTOS\</path>
         <kind>object</kind>
         <file>port.obj</file>
         <name>port.obj</name>
      </input_file>
      <input_file id="fl-9">
         <path>.\FreeRTOS\</path>
         <kind>object</kind>
         <file>portasm.obj</file>
         <name>portasm.obj</name>
      </input_file>
      <input_file id="fl-a">
         <path>.\FreeRTOS\</path>
         <kind>object</kind>
         <file>queue.obj</file>
         <name>queue.obj</name>
      </input_file>
      <input_file id="fl-b">
         <path>.\FreeRTOS\</path>
         <kind>object</kind>
         <file>stream_buffer.obj</file>
         <name>stream_buffer.obj</name>
      </input_file>
      <input_file id="fl-c">
         <path>.\FreeRTOS\</path>
         <kind>object</kind>
         <file>tasks.obj</file>
         <name>tasks.obj</name>
      </input_file>
      <input_file id="fl-d">
         <path>.\FreeRTOS\</path>
         <kind>object</kind>
         <file>timers.obj</file>
         <name>timers.obj</name>
      </input_file>
      <input_file id="fl-e">
         <path>.\UART\</path>
         <kind>object</kind>
         <file>uart_comm.obj</file>
         <name>uart_comm.obj</name>
      </input_file>
      <input_file id="fl-f">
         <path>.\UART\</path>
         <kind>object</kind>
         <file>uartstdio.obj</file>
         <name>uartstdio.obj</name>
      </input_file>
      <input_file id="fl-10">
         <path>.\src\</path>
         <kind>object</kind>
         <file>bme280.obj</file>
         <name>bme280.obj</name>
      </input_file>
      <input_file id="fl-11">
         <path>.\src\</path>
         <kind>object</kind>
         <file>comm_task.obj</file>
         <name>comm_task.obj</name>
      </input_file>
      <input_file id="fl-12">
         <path>.\src\</path>
         <kind>object</kind>
         <file>hcsr04.obj</file>
         <name>hcsr04.obj</name>
      </input_file>
      <input_file id="fl-13">
         <path>.\src\</path>
         <kind>object</kind>
         <file>i2c0_rw.obj</file>
         <name>i2c0_rw.obj</name>
      </input_file>
      <input_file id="fl-18">
         <kind>object</kind>
         <file>&lt;internal&gt;</file>
         <name>&lt;internal&gt;</name>
      </input_file>
      <input_file id="fl-ce">
         <path>C:\ti\ccsv8\tools\compiler\ti-cgt-arm_18.1.1.LTS\lib\</path>
         <kind>archive</kind>
         <file>rtsv7M4_T_le_v4SPD16_eabi.lib</file>
         <name>u_divt2.asm.obj</name>
      </input_file>
      <input_file id="fl-cf">
         <path>C:\ti\ccsv8\tools\compiler\ti-cgt-arm_18.1.1.LTS\lib\</path>
         <kind>archive</kind>
         <file>rtsv7M4_T_le_v4SPD16_eabi.lib</file>
         <name>fd_add_t2.asm.obj</name>
      </input_file>
      <input_file id="fl-d0">
         <path>C:\ti\ccsv8\tools\compiler\ti-cgt-arm_18.1.1.LTS\lib\</path>
         <kind>archive</kind>
         <file>rtsv7M4_T_le_v4SPD16_eabi.lib</file>
         <name>fd_cmp_t2.asm.obj</name>
      </input_file>
      <input_file id="fl-d1">
         <path>C:\ti\ccsv8\tools\compiler\ti-cgt-arm_18.1.1.LTS\lib\</path>
         <kind>archive</kind>
         <file>rtsv7M4_T_le_v4SPD16_eabi.lib</file>
         <name>fd_div_t2.asm.obj</name>
      </input_file>
      <input_file id="fl-d2">
         <path>C:\ti\ccsv8\tools\compiler\ti-cgt-arm_18.1.1.LTS\lib\</path>
         <kind>archive</kind>
         <file>rtsv7M4_T_le_v4SPD16_eabi.lib</file>
         <name>fd_mul_t2.asm.obj</name>
      </input_file>
      <input_file id="fl-d3">
         <path>C:\ti\ccsv8\tools\compiler\ti-cgt-arm_18.1.1.LTS\lib\</path>
         <kind>archive</kind>
         <file>rtsv7M4_T_le_v4SPD16_eabi.lib</file>
         <name>fd_toi_t2.asm.obj</name>
      </input_file>
      <input_file id="fl-d4">
         <path>C:\ti\ccsv8\tools\compiler\ti-cgt-arm_18.1.1.LTS\lib\</path>
         <kind>archive</kind>
         <file>rtsv7M4_T_le_v4SPD16_eabi.lib</file>
         <name>i_tofd_t2.asm.obj</name>
      </input_file>
      <input_file id="fl-d5">
         <path>C:\ti\ccsv8\tools\compiler\ti-cgt-arm_18.1.1.LTS\lib\</path>
         <kind>archive</kind>
         <file>rtsv7M4_T_le_v4SPD16_eabi.lib</file>
         <name>memcpy_t2.asm.obj</name>
      </input_file>
      <input_file id="fl-d6">
         <path>C:\ti\ccsv8\tools\compiler\ti-cgt-arm_18.1.1.LTS\lib\</path>
         <kind>archive</kind>
         <file>rtsv7M4_T_le_v4SPD16_eabi.lib</file>
         <name>u_tofd_t2.asm.obj</name>
      </input_file>
      <input_file id="fl-d7">
         <path>C:\ti\ccsv8\tools\compiler\ti-cgt-arm_18.1.1.LTS\lib\</path>
         <kind>archive</kind>
         <file>rtsv7M4_T_le_v4SPD16_eabi.lib</file>
         <name>memset_t2.asm.obj</name>
      </input_file>
      <input_file id="fl-d8">
         <path>C:\ti\ccsv8\tools\compiler\ti-cgt-arm_18.1.1.LTS\lib\</path>
         <kind>archive</kind>
         <file>rtsv7M4_T_le_v4SPD16_eabi.lib</file>
         <name>copy_zero_init.c.obj</name>
      </input_file>
      <input_file id="fl-d9">
         <path>C:\ti\ccsv8\tools\compiler\ti-cgt-arm_18.1.1.LTS\lib\</path>
         <kind>archive</kind>
         <file>rtsv7M4_T_le_v4SPD16_eabi.lib</file>
         <name>copy_decompress_none.c.obj</name>
      </input_file>
      <input_file id="fl-da">
         <path>C:\ti\ccsv8\tools\compiler\ti-cgt-arm_18.1.1.LTS\lib\</path>
         <kind>archive</kind>
         <file>rtsv7M4_T_le_v4SPD16_eabi.lib</file>
         <name>copy_decompress_lzss.c.obj</name>
      </input_file>
      <input_file id="fl-db">
         <path>C:\ti\ccsv8\tools\compiler\ti-cgt-arm_18.1.1.LTS\lib\</path>
         <kind>archive</kind>
         <file>rtsv7M4_T_le_v4SPD16_eabi.lib</file>
         <name>boot_cortex_m.c.obj</name>
      </input_file>
      <input_file id="fl-dc">
         <path>C:\ti\ccsv8\tools\compiler\ti-cgt-arm_18.1.1.LTS\lib\</path>
         <kind>archive</kind>
         <file>rtsv7M4_T_le_v4SPD16_eabi.lib</file>
         <name>exit.c.obj</name>
      </input_file>
      <input_file id="fl-dd">
         <path>C:\ti\ccsv8\tools\compiler\ti-cgt-arm_18.1.1.LTS\lib\</path>
         <kind>archive</kind>
         <file>rtsv7M4_T_le_v4SPD16_eabi.lib</file>
         <name>_lock.c.obj</name>
      </input_file>
      <input_file id="fl-de">
         <path>C:\ti\ccsv8\tools\compiler\ti-cgt-arm_18.1.1.LTS\lib\</path>
         <kind>archive</kind>
         <file>rtsv7M4_T_le_v4SPD16_eabi.lib</file>
         <name>args_main.c.obj</name>
      </input_file>
      <input_file id="fl-df">
         <path>C:\ti\ccsv8\tools\compiler\ti-cgt-arm_18.1.1.LTS\lib\</path>
         <kind>archive</kind>
         <file>rtsv7M4_T_le_v4SPD16_eabi.lib</file>
         <name>bzero.c.obj</name>
      </input_file>
      <input_file id="fl-e0">
         <path>C:\ti\ccsv8\tools\compiler\ti-cgt-arm_18.1.1.LTS\lib\</path>
         <kind>archive</kind>
         <file>rtsv7M4_T_le_v4SPD16_eabi.lib</file>
         <name>sprintf.c.obj</name>
      </input_file>
      <input_file id="fl-e1">
         <path>C:\ti\ccsv8\tools\compiler\ti-cgt-arm_18.1.1.LTS\lib\</path>
         <kind>archive</kind>
         <file>rtsv7M4_T_le_v4SPD16_eabi.lib</file>
         <name>strcpy.c.obj</name>
      </input_file>
      <input_file id="fl-e2">
         <path>C:\ti\ccsv8\tools\compiler\ti-cgt-arm_18.1.1.LTS\lib\</path>
         <kind>archive</kind>
         <file>rtsv7M4_T_le_v4SPD16_eabi.lib</file>
         <name>div0.asm.obj</name>
      </input_file>
      <input_file id="fl-e3">
         <path>C:\ti\ccsv8\tools\compiler\ti-cgt-arm_18.1.1.LTS\lib\</path>
         <kind>archive</kind>
         <file>rtsv7M4_T_le_v4SPD16_eabi.lib</file>
         <name>autoinit.c.obj</name>
      </input_file>
      <input_file id="fl-e4">
         <path>C:\ti\ccsv8\tools\compiler\ti-cgt-arm_18.1.1.LTS\lib\</path>
         <kind>archive</kind>
         <file>rtsv7M4_T_le_v4SPD16_eabi.lib</file>
         <name>pre_init.c.obj</name>
      </input_file>
      <input_file id="fl-e5">
         <path>C:\ti\ccsv8\tools\compiler\ti-cgt-arm_18.1.1.LTS\lib\</path>
         <kind>archive</kind>
         <file>rtsv7M4_T_le_v4SPD16_eabi.lib</file>
         <name>cpy_tbl.c.obj</name>
      </input_file>
      <input_file id="fl-e6">
         <path>C:\ti\ccsv8\tools\compiler\ti-cgt-arm_18.1.1.LTS\lib\</path>
         <kind>archive</kind>
         <file>rtsv7M4_T_le_v4SPD16_eabi.lib</file>
         <name>_printfi.c.obj</name>
      </input_file>
      <input_file id="fl-e7">
         <path>C:\ti\ccsv8\tools\compiler\ti-cgt-arm_18.1.1.LTS\lib\</path>
         <kind>archive</kind>
         <file>rtsv7M4_T_le_v4SPD16_eabi.lib</file>
         <name>atoi.c.obj</name>
      </input_file>
      <input_file id="fl-e8">
         <path>C:\ti\ccsv8\tools\compiler\ti-cgt-arm_18.1.1.LTS\lib\</path>
         <kind>archive</kind>
         <file>rtsv7M4_T_le_v4SPD16_eabi.lib</file>
         <name>ctype.c.obj</name>
      </input_file>
      <input_file id="fl-e9">
         <path>C:\ti\ccsv8\tools\compiler\ti-cgt-arm_18.1.1.LTS\lib\</path>
         <kind>archive</kind>
         <file>rtsv7M4_T_le_v4SPD16_eabi.lib</file>
         <name>ltoa.c.obj</name>
      </input_file>
      <input_file id="fl-ea">
         <path>C:\ti\ccsv8\tools\compiler\ti-cgt-arm_18.1.1.LTS\lib\</path>
         <kind>archive</kind>
         <file>rtsv7M4_T_le_v4SPD16_eabi.lib</file>
         <name>memccpy.c.obj</name>
      </input_file>
      <input_file id="fl-eb">
         <path>C:\ti\ccsv8\tools\compiler\ti-cgt-arm_18.1.1.LTS\lib\</path>
         <kind>archive</kind>
         <file>rtsv7M4_T_le_v4SPD16_eabi.lib</file>
         <name>strchr.c.obj</name>
      </input_file>
      <input_file id="fl-ec">
         <path>C:\ti\ccsv8\tools\compiler\ti-cgt-arm_18.1.1.LTS\lib\</path>
         <kind>archive</kind>
         <file>rtsv7M4_T_le_v4SPD16_eabi.lib</file>
         <name>strlen.c.obj</name>
      </input_file>
      <input_file id="fl-ed">
         <path>C:\ti\ccsv8\tools\compiler\ti-cgt-arm_18.1.1.LTS\lib\</path>
         <kind>archive</kind>
         <file>rtsv7M4_T_le_v4SPD16_eabi.lib</file>
         <name>s_frexp.c.obj</name>
      </input_file>
      <input_file id="fl-ee">
         <path>C:\ti\ccsv8\tools\compiler\ti-cgt-arm_18.1.1.LTS\lib\</path>
         <kind>archive</kind>
         <file>rtsv7M4_T_le_v4SPD16_eabi.lib</file>
         <name>s_scalbn.c.obj</name>
      </input_file>
      <input_file id="fl-ef">
         <path>C:\ti\ccsv8\tools\compiler\ti-cgt-arm_18.1.1.LTS\lib\</path>
         <kind>archive</kind>
         <file>rtsv7M4_T_le_v4SPD16_eabi.lib</file>
         <name>s_copysign.c.obj</name>
      </input_file>
      <input_file id="fl-f0">
         <path>C:\ti\ccsv8\tools\compiler\ti-cgt-arm_18.1.1.LTS\lib\</path>
         <kind>archive</kind>
         <file>rtsv7M4_T_le_v4SPD16_eabi.lib</file>
         <name>wcslen.c.obj</name>
      </input_file>
      <input_file id="fl-f1">
         <path>C:\ti\ccsv8\tools\compiler\ti-cgt-arm_18.1.1.LTS\lib\</path>
         <kind>archive</kind>
         <file>rtsv7M4_T_le_v4SPD16_eabi.lib</file>
         <name>ull_div_t2.asm.obj</name>
      </input_file>
      <input_file id="fl-f2">
         <path>C:\ti\ccsv8\tools\compiler\ti-cgt-arm_18.1.1.LTS\lib\</path>
         <kind>archive</kind>
         <file>rtsv7M4_T_le_v4SPD16_eabi.lib</file>
         <name>errno.c.obj</name>
      </input_file>
      <input_file id="fl-f3">
         <path>C:\ti\TivaWare_C_Series-2.1.4.178\driverlib\ccs\Debug\</path>
         <kind>archive</kind>
         <file>driverlib.lib</file>
         <name>gpio.obj</name>
      </input_file>
      <input_file id="fl-f4">
         <path>C:\ti\TivaWare_C_Series-2.1.4.178\driverlib\ccs\Debug\</path>
         <kind>archive</kind>
         <file>driverlib.lib</file>
         <name>i2c.obj</name>
      </input_file>
      <input_file id="fl-f5">
         <path>C:\ti\TivaWare_C_Series-2.1.4.178\driverlib\ccs\Debug\</path>
         <kind>archive</kind>
         <file>driverlib.lib</file>
         <name>interrupt.obj</name>
      </input_file>
      <input_file id="fl-f6">
         <path>C:\ti\TivaWare_C_Series-2.1.4.178\driverlib\ccs\Debug\</path>
         <kind>archive</kind>
         <file>driverlib.lib</file>
         <name>sysctl.obj</name>
      </input_file>
      <input_file id="fl-f7">
         <path>C:\ti\TivaWare_C_Series-2.1.4.178\driverlib\ccs\Debug\</path>
         <kind>archive</kind>
         <file>driverlib.lib</file>
         <name>timer.obj</name>
      </input_file>
      <input_file id="fl-f8">
         <path>C:\ti\TivaWare_C_Series-2.1.4.178\driverlib\ccs\Debug\</path>
         <kind>archive</kind>
         <file>driverlib.lib</file>
         <name>uart.obj</name>
      </input_file>
      <input_file id="fl-f9">
         <path>C:\ti\TivaWare_C_Series-2.1.4.178\driverlib\ccs\Debug\</path>
         <kind>archive</kind>
         <file>driverlib.lib</file>
         <name>cpu.obj</name>
      </input_file>
   </input_file_list>
   <object_component_list>
      <object_component id="oc-f">
         <name>.intvecs</name>
         <load_address>0x0</load_address>
         <run_address>0x0</run_address>
         <size>0x208</size>
         <input_file_ref idref="fl-4"/>
      </object_component>
      <object_component id="oc-7c">
         <name>.text</name>
         <load_address>0x208</load_address>
         <run_address>0x208</run_address>
         <size>0x18bc</size>
         <input_file_ref idref="fl-c"/>
      </object_component>
      <object_component id="oc-12c">
         <name>.text</name>
         <load_address>0x1ac4</load_address>
         <run_address>0x1ac4</run_address>
         <size>0xd04</size>
         <input_file_ref idref="fl-a"/>
      </object_component>
      <object_component id="oc-3dd">
         <name>.text:__TI_printfi</name>
         <load_address>0x27c8</load_address>
         <run_address>0x27c8</run_address>
         <size>0xa5e</size>
         <input_file_ref idref="fl-e6"/>
      </object_component>
      <object_component id="oc-496">
         <name>.text</name>
         <load_address>0x3226</load_address>
         <run_address>0x3226</run_address>
         <size>0x2</size>
         <input_file_ref idref="fl-e2"/>
      </object_component>
      <object_component id="oc-16b">
         <name>.text</name>
         <load_address>0x3228</load_address>
         <run_address>0x3228</run_address>
         <size>0x9fc</size>
         <input_file_ref idref="fl-10"/>
      </object_component>
      <object_component id="oc-245">
         <name>.text</name>
         <load_address>0x3c24</load_address>
         <run_address>0x3c24</run_address>
         <size>0x770</size>
         <input_file_ref idref="fl-f"/>
      </object_component>
      <object_component id="oc-f3">
         <name>.text</name>
         <load_address>0x4394</load_address>
         <run_address>0x4394</run_address>
         <size>0x594</size>
         <input_file_ref idref="fl-d"/>
      </object_component>
      <object_component id="oc-165">
         <name>.text</name>
         <load_address>0x4928</load_address>
         <run_address>0x4928</run_address>
         <size>0x2e8</size>
         <input_file_ref idref="fl-12"/>
      </object_component>
      <object_component id="oc-db">
         <name>.text</name>
         <load_address>0x4c10</load_address>
         <run_address>0x4c10</run_address>
         <size>0x2bc</size>
         <input_file_ref idref="fl-2"/>
      </object_component>
      <object_component id="oc-4d7">
         <name>.text:_pconv_a</name>
         <load_address>0x4ecc</load_address>
         <run_address>0x4ecc</run_address>
         <size>0x270</size>
         <input_file_ref idref="fl-e6"/>
      </object_component>
      <object_component id="oc-132">
         <name>.text:SysCtlClockFreqSet</name>
         <load_address>0x513c</load_address>
         <run_address>0x513c</run_address>
         <size>0x200</size>
         <input_file_ref idref="fl-f6"/>
      </object_component>
      <object_component id="oc-bf">
         <name>.text</name>
         <load_address>0x533c</load_address>
         <run_address>0x533c</run_address>
         <size>0x1ec</size>
         <input_file_ref idref="fl-3"/>
      </object_component>
      <object_component id="oc-4c5">
         <name>.text:_pconv_g</name>
         <load_address>0x5528</load_address>
         <run_address>0x5528</run_address>
         <size>0x1d0</size>
         <input_file_ref idref="fl-e6"/>
      </object_component>
      <object_component id="oc-2eb">
         <name>.text</name>
         <load_address>0x56f8</load_address>
         <run_address>0x56f8</run_address>
         <size>0x1cc</size>
         <input_file_ref idref="fl-13"/>
      </object_component>
      <object_component id="oc-300">
         <name>.text</name>
         <load_address>0x58c4</load_address>
         <run_address>0x58c4</run_address>
         <size>0x1b6</size>
         <input_file_ref idref="fl-cf"/>
      </object_component>
      <object_component id="oc-15f">
         <name>.text</name>
         <load_address>0x5a7c</load_address>
         <run_address>0x5a7c</run_address>
         <size>0x184</size>
         <input_file_ref idref="fl-11"/>
      </object_component>
      <object_component id="oc-4d1">
         <name>.text:_pconv_e</name>
         <load_address>0x5c00</load_address>
         <run_address>0x5c00</run_address>
         <size>0x13c</size>
         <input_file_ref idref="fl-e6"/>
      </object_component>
      <object_component id="oc-2f">
         <name>.text</name>
         <load_address>0x5d3c</load_address>
         <run_address>0x5d3c</run_address>
         <size>0x13c</size>
         <input_file_ref idref="fl-8"/>
      </object_component>
      <object_component id="oc-2f6">
         <name>.text</name>
         <load_address>0x5e78</load_address>
         <run_address>0x5e78</run_address>
         <size>0x136</size>
         <input_file_ref idref="fl-d1"/>
      </object_component>
      <object_component id="oc-39b">
         <name>.text:GPIOPadConfigSet</name>
         <load_address>0x5fae</load_address>
         <run_address>0x5fae</run_address>
         <size>0x132</size>
         <input_file_ref idref="fl-f3"/>
      </object_component>
      <object_component id="oc-e1">
         <name>.text</name>
         <load_address>0x60e0</load_address>
         <run_address>0x60e0</run_address>
         <size>0x12a</size>
         <input_file_ref idref="fl-7"/>
      </object_component>
      <object_component id="oc-551">
         <name>.text:fcvt</name>
         <load_address>0x620c</load_address>
         <run_address>0x620c</run_address>
         <size>0x120</size>
         <input_file_ref idref="fl-e6"/>
      </object_component>
      <object_component id="oc-565">
         <name>.text:scalbn</name>
         <load_address>0x632c</load_address>
         <run_address>0x632c</run_address>
         <size>0x110</size>
         <input_file_ref idref="fl-ee"/>
      </object_component>
      <object_component id="oc-144">
         <name>.text</name>
         <load_address>0x643c</load_address>
         <run_address>0x643c</run_address>
         <size>0x108</size>
         <input_file_ref idref="fl-e"/>
      </object_component>
      <object_component id="oc-305">
         <name>.text</name>
         <load_address>0x6544</load_address>
         <run_address>0x6544</run_address>
         <size>0xfc</size>
         <input_file_ref idref="fl-d2"/>
      </object_component>
      <object_component id="oc-2a">
         <name>.text</name>
         <load_address>0x6640</load_address>
         <run_address>0x6640</run_address>
         <size>0xda</size>
         <input_file_ref idref="fl-9"/>
      </object_component>
      <object_component id="oc-4bf">
         <name>.text:_ltostr</name>
         <load_address>0x671c</load_address>
         <run_address>0x671c</run_address>
         <size>0xb1</size>
         <input_file_ref idref="fl-e6"/>
      </object_component>
      <object_component id="oc-43">
         <name>.text</name>
         <load_address>0x67ce</load_address>
         <run_address>0x67ce</run_address>
         <size>0x9c</size>
         <input_file_ref idref="fl-d5"/>
      </object_component>
      <object_component id="oc-538">
         <name>.text</name>
         <load_address>0x686a</load_address>
         <run_address>0x686a</run_address>
         <size>0x96</size>
         <input_file_ref idref="fl-f1"/>
      </object_component>
      <object_component id="oc-321">
         <name>.text:__aeabi_cdcmple</name>
         <load_address>0x6900</load_address>
         <run_address>0x6900</run_address>
         <size>0x86</size>
         <input_file_ref idref="fl-d0"/>
      </object_component>
      <object_component id="oc-329">
         <name>.text:__aeabi_cdrcmple</name>
         <load_address>0x6986</load_address>
         <run_address>0x6986</run_address>
         <size>0x86</size>
         <input_file_ref idref="fl-d0"/>
      </object_component>
      <object_component id="oc-b3">
         <name>.text</name>
         <load_address>0x6a0c</load_address>
         <run_address>0x6a0c</run_address>
         <size>0x7a</size>
         <input_file_ref idref="fl-d7"/>
      </object_component>
      <object_component id="oc-54a">
         <name>.text:_mcpy</name>
         <load_address>0x6a86</load_address>
         <run_address>0x6a86</run_address>
         <size>0x6e</size>
         <input_file_ref idref="fl-e6"/>
      </object_component>
      <object_component id="oc-3d2">
         <name>.text:IntEnable</name>
         <load_address>0x6af4</load_address>
         <run_address>0x6af4</run_address>
         <size>0x68</size>
         <input_file_ref idref="fl-f5"/>
      </object_component>
      <object_component id="oc-12">
         <name>.text:decompress:lzss:__TI_decompress_lzss</name>
         <load_address>0x6b5c</load_address>
         <run_address>0x6b5c</run_address>
         <size>0x68</size>
         <input_file_ref idref="fl-da"/>
      </object_component>
      <object_component id="oc-55f">
         <name>.text:frexp</name>
         <load_address>0x6bc4</load_address>
         <run_address>0x6bc4</run_address>
         <size>0x64</size>
         <input_file_ref idref="fl-ed"/>
      </object_component>
      <object_component id="oc-291">
         <name>.text:TimerConfigure</name>
         <load_address>0x6c28</load_address>
         <run_address>0x6c28</run_address>
         <size>0x60</size>
         <input_file_ref idref="fl-f7"/>
      </object_component>
      <object_component id="oc-2d3">
         <name>.text:GPIOIntTypeSet</name>
         <load_address>0x6c88</load_address>
         <run_address>0x6c88</run_address>
         <size>0x56</size>
         <input_file_ref idref="fl-f3"/>
      </object_component>
      <object_component id="oc-4cb">
         <name>.text:_pconv_f</name>
         <load_address>0x6cde</load_address>
         <run_address>0x6cde</run_address>
         <size>0x56</size>
         <input_file_ref idref="fl-e6"/>
      </object_component>
      <object_component id="oc-53e">
         <name>.text:ltoa</name>
         <load_address>0x6d34</load_address>
         <run_address>0x6d34</run_address>
         <size>0x54</size>
         <input_file_ref idref="fl-e9"/>
      </object_component>
      <object_component id="oc-544">
         <name>.text:_ecpy</name>
         <load_address>0x6d88</load_address>
         <run_address>0x6d88</run_address>
         <size>0x52</size>
         <input_file_ref idref="fl-e6"/>
      </object_component>
      <object_component id="oc-41a">
         <name>.text:SysCtlPeripheralReset</name>
         <load_address>0x6ddc</load_address>
         <run_address>0x6ddc</run_address>
         <size>0x50</size>
         <input_file_ref idref="fl-f6"/>
      </object_component>
      <object_component id="oc-4b9">
         <name>.text:atoi</name>
         <load_address>0x6e2c</load_address>
         <run_address>0x6e2c</run_address>
         <size>0x4c</size>
         <input_file_ref idref="fl-e7"/>
      </object_component>
      <object_component id="oc-239">
         <name>.text:GPIOPinConfigure</name>
         <load_address>0x6e78</load_address>
         <run_address>0x6e78</run_address>
         <size>0x48</size>
         <input_file_ref idref="fl-f3"/>
      </object_component>
      <object_component id="oc-20f">
         <name>.text:_SysCtlFrequencyGet</name>
         <load_address>0x6ec0</load_address>
         <run_address>0x6ec0</run_address>
         <size>0x48</size>
         <input_file_ref idref="fl-f6"/>
      </object_component>
      <object_component id="oc-30a">
         <name>.text</name>
         <load_address>0x6f08</load_address>
         <run_address>0x6f08</run_address>
         <size>0x48</size>
         <input_file_ref idref="fl-d3"/>
      </object_component>
      <object_component id="oc-426">
         <name>.text:I2CMasterGlitchFilterConfigSet</name>
         <load_address>0x6f50</load_address>
         <run_address>0x6f50</run_address>
         <size>0x44</size>
         <input_file_ref idref="fl-f4"/>
      </object_component>
      <object_component id="oc-3fa">
         <name>.text:_GPIOIntNumberGet</name>
         <load_address>0x6f94</load_address>
         <run_address>0x6f94</run_address>
         <size>0x44</size>
         <input_file_ref idref="fl-f3"/>
      </object_component>
      <object_component id="oc-188">
         <name>.text:__TI_auto_init_nobinit_nopinit:__TI_auto_init_nobinit_nopinit</name>
         <load_address>0x6fd8</load_address>
         <run_address>0x6fd8</run_address>
         <size>0x44</size>
         <input_file_ref idref="fl-e3"/>
      </object_component>
      <object_component id="oc-3c6">
         <name>.text:_UARTIntNumberGet</name>
         <load_address>0x701c</load_address>
         <run_address>0x701c</run_address>
         <size>0x40</size>
         <input_file_ref idref="fl-f8"/>
      </object_component>
      <object_component id="oc-3b7">
         <name>.text</name>
         <load_address>0x705c</load_address>
         <run_address>0x705c</run_address>
         <size>0x40</size>
         <input_file_ref idref="fl-ce"/>
      </object_component>
      <object_component id="oc-28a">
         <name>.text:sprintf</name>
         <load_address>0x709c</load_address>
         <run_address>0x709c</run_address>
         <size>0x40</size>
         <input_file_ref idref="fl-e0"/>
      </object_component>
      <object_component id="oc-557">
         <name>.text:_fcpy</name>
         <load_address>0x70dc</load_address>
         <run_address>0x70dc</run_address>
         <size>0x3e</size>
         <input_file_ref idref="fl-e6"/>
      </object_component>
      <object_component id="oc-13e">
         <name>.text:SysCtlPeripheralReady</name>
         <load_address>0x711c</load_address>
         <run_address>0x711c</run_address>
         <size>0x38</size>
         <input_file_ref idref="fl-f6"/>
      </object_component>
      <object_component id="oc-61">
         <name>.text:_c_int00_noargs:_c_int00_noargs</name>
         <load_address>0x7154</load_address>
         <run_address>0x7154</run_address>
         <size>0x38</size>
         <input_file_ref idref="fl-db"/>
      </object_component>
      <object_component id="oc-3cc">
         <name>.text:IntRegister</name>
         <load_address>0x718c</load_address>
         <run_address>0x718c</run_address>
         <size>0x34</size>
         <input_file_ref idref="fl-f5"/>
      </object_component>
      <object_component id="oc-414">
         <name>.text:SysCtlPeripheralDisable</name>
         <load_address>0x71c0</load_address>
         <run_address>0x71c0</run_address>
         <size>0x34</size>
         <input_file_ref idref="fl-f6"/>
      </object_component>
      <object_component id="oc-138">
         <name>.text:SysCtlPeripheralEnable</name>
         <load_address>0x71f4</load_address>
         <run_address>0x71f4</run_address>
         <size>0x34</size>
         <input_file_ref idref="fl-f6"/>
      </object_component>
      <object_component id="oc-2f1">
         <name>.text</name>
         <load_address>0x7228</load_address>
         <run_address>0x7228</run_address>
         <size>0x2e</size>
         <input_file_ref idref="fl-d4"/>
      </object_component>
      <object_component id="oc-395">
         <name>.text:GPIODirModeSet</name>
         <load_address>0x7256</load_address>
         <run_address>0x7256</run_address>
         <size>0x2a</size>
         <input_file_ref idref="fl-f3"/>
      </object_component>
      <object_component id="oc-209">
         <name>.text:_SysCtlMemTimingGet</name>
         <load_address>0x7280</load_address>
         <run_address>0x7280</run_address>
         <size>0x20</size>
         <input_file_ref idref="fl-f6"/>
      </object_component>
      <object_component id="oc-2fb">
         <name>.text</name>
         <load_address>0x72a0</load_address>
         <run_address>0x72a0</run_address>
         <size>0x20</size>
         <input_file_ref idref="fl-d6"/>
      </object_component>
      <object_component id="oc-24">
         <name>.text</name>
         <load_address>0x72c0</load_address>
         <run_address>0x72c0</run_address>
         <size>0x20</size>
         <input_file_ref idref="fl-4"/>
      </object_component>
      <object_component id="oc-4dd">
         <name>.text:memccpy</name>
         <load_address>0x72e0</load_address>
         <run_address>0x72e0</run_address>
         <size>0x1c</size>
         <input_file_ref idref="fl-ea"/>
      </object_component>
      <object_component id="oc-2c1">
         <name>.text:GPIOIntRegister</name>
         <load_address>0x72fc</load_address>
         <run_address>0x72fc</run_address>
         <size>0x18</size>
         <input_file_ref idref="fl-f3"/>
      </object_component>
      <object_component id="oc-2c7">
         <name>.text:GPIOPinTypeGPIOOutput</name>
         <load_address>0x7314</load_address>
         <run_address>0x7314</run_address>
         <size>0x18</size>
         <input_file_ref idref="fl-f3"/>
      </object_component>
      <object_component id="oc-2af">
         <name>.text:TimerDisable</name>
         <load_address>0x732c</load_address>
         <run_address>0x732c</run_address>
         <size>0x18</size>
         <input_file_ref idref="fl-f7"/>
      </object_component>
      <object_component id="oc-24b">
         <name>.text:UARTIntRegister</name>
         <load_address>0x7344</load_address>
         <run_address>0x7344</run_address>
         <size>0x18</size>
         <input_file_ref idref="fl-f8"/>
      </object_component>
      <object_component id="oc-3e3">
         <name>.text:_outs</name>
         <load_address>0x735c</load_address>
         <run_address>0x735c</run_address>
         <size>0x18</size>
         <input_file_ref idref="fl-e0"/>
      </object_component>
      <object_component id="oc-56b">
         <name>.text:strchr</name>
         <load_address>0x7374</load_address>
         <run_address>0x7374</run_address>
         <size>0x16</size>
         <input_file_ref idref="fl-eb"/>
      </object_component>
      <object_component id="oc-5ac">
         <name>.text:copysign</name>
         <load_address>0x738a</load_address>
         <run_address>0x738a</run_address>
         <size>0x14</size>
         <input_file_ref idref="fl-ef"/>
      </object_component>
      <object_component id="oc-32e">
         <name>.text:strcpy</name>
         <load_address>0x739e</load_address>
         <run_address>0x739e</run_address>
         <size>0x14</size>
         <input_file_ref idref="fl-e1"/>
      </object_component>
      <object_component id="oc-4b3">
         <name>.text:strlen</name>
         <load_address>0x73b2</load_address>
         <run_address>0x73b2</run_address>
         <size>0x14</size>
         <input_file_ref idref="fl-ec"/>
      </object_component>
      <object_component id="oc-2cd">
         <name>.text:GPIOPinTypeGPIOInput</name>
         <load_address>0x73c6</load_address>
         <run_address>0x73c6</run_address>
         <size>0x12</size>
         <input_file_ref idref="fl-f3"/>
      </object_component>
      <object_component id="oc-40e">
         <name>.text:GPIOPinTypeI2C</name>
         <load_address>0x73d8</load_address>
         <run_address>0x73d8</run_address>
         <size>0x12</size>
         <input_file_ref idref="fl-f3"/>
      </object_component>
      <object_component id="oc-408">
         <name>.text:GPIOPinTypeI2CSCL</name>
         <load_address>0x73ea</load_address>
         <run_address>0x73ea</run_address>
         <size>0x12</size>
         <input_file_ref idref="fl-f3"/>
      </object_component>
      <object_component id="oc-23f">
         <name>.text:GPIOPinTypeUART</name>
         <load_address>0x73fc</load_address>
         <run_address>0x73fc</run_address>
         <size>0x12</size>
         <input_file_ref idref="fl-f3"/>
      </object_component>
      <object_component id="oc-29d">
         <name>.text:TimerLoadSet</name>
         <load_address>0x740e</load_address>
         <run_address>0x740e</run_address>
         <size>0x12</size>
         <input_file_ref idref="fl-f7"/>
      </object_component>
      <object_component id="oc-4e3">
         <name>.text:wcslen</name>
         <load_address>0x7420</load_address>
         <run_address>0x7420</run_address>
         <size>0x12</size>
         <input_file_ref idref="fl-f0"/>
      </object_component>
      <object_component id="oc-2b5">
         <name>.text:GPIOIntStatus</name>
         <load_address>0x7432</load_address>
         <run_address>0x7432</run_address>
         <size>0xe</size>
         <input_file_ref idref="fl-f3"/>
      </object_component>
      <object_component id="oc-2a3">
         <name>.text:TimerEnable</name>
         <load_address>0x7440</load_address>
         <run_address>0x7440</run_address>
         <size>0xe</size>
         <input_file_ref idref="fl-f7"/>
      </object_component>
      <object_component id="oc-233">
         <name>.text:UARTCharsAvail</name>
         <load_address>0x744e</load_address>
         <run_address>0x744e</run_address>
         <size>0xe</size>
         <input_file_ref idref="fl-f8"/>
      </object_component>
      <object_component id="oc-18">
         <name>.text:decompress:none:__TI_decompress_none</name>
         <load_address>0x745c</load_address>
         <run_address>0x745c</run_address>
         <size>0xe</size>
         <input_file_ref idref="fl-d9"/>
      </object_component>
      <object_component id="oc-2d9">
         <name>.text:GPIOIntEnable</name>
         <load_address>0x746a</load_address>
         <run_address>0x746a</run_address>
         <size>0xc</size>
         <input_file_ref idref="fl-f3"/>
      </object_component>
      <object_component id="oc-55">
         <name>.text:decompress:ZI:__TI_zero_init</name>
         <load_address>0x7476</load_address>
         <run_address>0x7476</run_address>
         <size>0xc</size>
         <input_file_ref idref="fl-d8"/>
      </object_component>
      <object_component id="oc-420">
         <name>.text:I2CMasterEnable</name>
         <load_address>0x7482</load_address>
         <run_address>0x7482</run_address>
         <size>0xa</size>
         <input_file_ref idref="fl-f4"/>
      </object_component>
      <object_component id="oc-2a9">
         <name>.text:TimerValueGet</name>
         <load_address>0x748c</load_address>
         <run_address>0x748c</run_address>
         <size>0xa</size>
         <input_file_ref idref="fl-f7"/>
      </object_component>
      <object_component id="oc-22d">
         <name>.text:UARTCharGet</name>
         <load_address>0x7496</load_address>
         <run_address>0x7496</run_address>
         <size>0xa</size>
         <input_file_ref idref="fl-f8"/>
      </object_component>
      <object_component id="oc-257">
         <name>.text:UARTCharPut</name>
         <load_address>0x74a0</load_address>
         <run_address>0x74a0</run_address>
         <size>0xa</size>
         <input_file_ref idref="fl-f8"/>
      </object_component>
      <object_component id="oc-3e9">
         <name>.text:_outc</name>
         <load_address>0x74aa</load_address>
         <run_address>0x74aa</run_address>
         <size>0xa</size>
         <input_file_ref idref="fl-e0"/>
      </object_component>
      <object_component id="oc-444">
         <name>.text:I2CMasterBusBusy</name>
         <load_address>0x74b4</load_address>
         <run_address>0x74b4</run_address>
         <size>0x8</size>
         <input_file_ref idref="fl-f4"/>
      </object_component>
      <object_component id="oc-43e">
         <name>.text:I2CMasterBusy</name>
         <load_address>0x74bc</load_address>
         <run_address>0x74bc</run_address>
         <size>0x8</size>
         <input_file_ref idref="fl-f4"/>
      </object_component>
      <object_component id="oc-42c">
         <name>.text:I2CMasterSlaveAddrSet</name>
         <load_address>0x74c4</load_address>
         <run_address>0x74c4</run_address>
         <size>0x8</size>
         <input_file_ref idref="fl-f4"/>
      </object_component>
      <object_component id="oc-251">
         <name>.text:UARTIntEnable</name>
         <load_address>0x74cc</load_address>
         <run_address>0x74cc</run_address>
         <size>0x8</size>
         <input_file_ref idref="fl-f8"/>
      </object_component>
      <object_component id="oc-4e9">
         <name>.text:__aeabi_errno_addr</name>
         <load_address>0x74d4</load_address>
         <run_address>0x74d4</run_address>
         <size>0x8</size>
         <input_file_ref idref="fl-f2"/>
      </object_component>
      <object_component id="oc-284">
         <name>.text:bzero</name>
         <load_address>0x74dc</load_address>
         <run_address>0x74dc</run_address>
         <size>0x8</size>
         <input_file_ref idref="fl-df"/>
      </object_component>
      <object_component id="oc-2bb">
         <name>.text:GPIOIntClear</name>
         <load_address>0x74e4</load_address>
         <run_address>0x74e4</run_address>
         <size>0x6</size>
         <input_file_ref idref="fl-f3"/>
      </object_component>
      <object_component id="oc-297">
         <name>.text:GPIOPinRead</name>
         <load_address>0x74ea</load_address>
         <run_address>0x74ea</run_address>
         <size>0x6</size>
         <input_file_ref idref="fl-f3"/>
      </object_component>
      <object_component id="oc-2df">
         <name>.text:GPIOPinWrite</name>
         <load_address>0x74f0</load_address>
         <run_address>0x74f0</run_address>
         <size>0x6</size>
         <input_file_ref idref="fl-f3"/>
      </object_component>
      <object_component id="oc-2e5">
         <name>.text:SysCtlDelay</name>
         <load_address>0x74f6</load_address>
         <run_address>0x74f6</run_address>
         <size>0x6</size>
         <input_file_ref idref="fl-f6"/>
      </object_component>
      <object_component id="oc-438">
         <name>.text:I2CMasterControl</name>
         <load_address>0x74fc</load_address>
         <run_address>0x74fc</run_address>
         <size>0x4</size>
         <input_file_ref idref="fl-f4"/>
      </object_component>
      <object_component id="oc-44a">
         <name>.text:I2CMasterDataGet</name>
         <load_address>0x7500</load_address>
         <run_address>0x7500</run_address>
         <size>0x4</size>
         <input_file_ref idref="fl-f4"/>
      </object_component>
      <object_component id="oc-432">
         <name>.text:I2CMasterDataPut</name>
         <load_address>0x7504</load_address>
         <run_address>0x7504</run_address>
         <size>0x4</size>
         <input_file_ref idref="fl-f4"/>
      </object_component>
      <object_component id="oc-227">
         <name>.text:UARTIntClear</name>
         <load_address>0x7508</load_address>
         <run_address>0x7508</run_address>
         <size>0x4</size>
         <input_file_ref idref="fl-f8"/>
      </object_component>
      <object_component id="oc-b9">
         <name>.text:_system_pre_init</name>
         <load_address>0x750c</load_address>
         <run_address>0x750c</run_address>
         <size>0x4</size>
         <input_file_ref idref="fl-e4"/>
      </object_component>
      <object_component id="oc-17c">
         <name>.text:abort:abort</name>
         <load_address>0x7510</load_address>
         <run_address>0x7510</run_address>
         <size>0x4</size>
         <input_file_ref idref="fl-dc"/>
      </object_component>
      <object_component id="oc-218">
         <name>.const:g_pppui32XTALtoVCO</name>
         <load_address>0x7514</load_address>
         <run_address>0x7514</run_address>
         <size>0x1b0</size>
         <input_file_ref idref="fl-f6"/>
      </object_component>
      <object_component id="oc-533">
         <name>.const:.string:_ctypes_</name>
         <load_address>0x76c4</load_address>
         <run_address>0x76c4</run_address>
         <size>0x101</size>
         <input_file_ref idref="fl-e8"/>
      </object_component>
      <object_component id="oc-504">
         <name>.const:g_ppui32GPIOIntMapSnowflake</name>
         <load_address>0x77c8</load_address>
         <run_address>0x77c8</run_address>
         <size>0xd8</size>
         <input_file_ref idref="fl-f3"/>
      </object_component>
      <object_component id="oc-501">
         <name>.const:g_ppui32GPIOIntMapBlizzard</name>
         <load_address>0x78a0</load_address>
         <run_address>0x78a0</run_address>
         <size>0xc0</size>
         <input_file_ref idref="fl-f3"/>
      </object_component>
      <object_component id="oc-390">
         <name>.const:g_pui32GPIOBaseAddrs</name>
         <load_address>0x7960</load_address>
         <run_address>0x7960</run_address>
         <size>0x90</size>
         <input_file_ref idref="fl-f3"/>
      </object_component>
      <object_component id="oc-4ad">
         <name>.const</name>
         <load_address>0x79f0</load_address>
         <run_address>0x79f0</run_address>
         <size>0x70</size>
         <input_file_ref idref="fl-f5"/>
      </object_component>
      <object_component id="oc-215">
         <name>.const:g_pui32Xtals</name>
         <load_address>0x7a60</load_address>
         <run_address>0x7a60</run_address>
         <size>0x6c</size>
         <input_file_ref idref="fl-f6"/>
      </object_component>
      <object_component id="oc-4a1">
         <name>.const:g_ppui32UARTIntMap</name>
         <load_address>0x7acc</load_address>
         <run_address>0x7acc</run_address>
         <size>0x40</size>
         <input_file_ref idref="fl-f8"/>
      </object_component>
      <object_component id="oc-4a4">
         <name>.const:g_ppui32UARTIntMapSnowflake</name>
         <load_address>0x7b0c</load_address>
         <run_address>0x7b0c</run_address>
         <size>0x40</size>
         <input_file_ref idref="fl-f8"/>
      </object_component>
      <object_component id="oc-37a">
         <name>.const:g_sXTALtoMEMTIM</name>
         <load_address>0x7b4c</load_address>
         <run_address>0x7b4c</run_address>
         <size>0x30</size>
         <input_file_ref idref="fl-f6"/>
      </object_component>
      <object_component id="oc-49c">
         <name>.const:.string</name>
         <load_address>0x7b7c</load_address>
         <run_address>0x7b7c</run_address>
         <size>0x12</size>
         <input_file_ref idref="fl-f"/>
      </object_component>
      <object_component id="oc-3b1">
         <name>.const:g_ui32UARTBase</name>
         <load_address>0x7b90</load_address>
         <run_address>0x7b90</run_address>
         <size>0xc</size>
         <input_file_ref idref="fl-f"/>
      </object_component>
      <object_component id="oc-3a5">
         <name>.const:g_ui32UARTInt</name>
         <load_address>0x7b9c</load_address>
         <run_address>0x7b9c</run_address>
         <size>0xc</size>
         <input_file_ref idref="fl-f"/>
      </object_component>
      <object_component id="oc-3ae">
         <name>.const:g_ui32UARTPeriph</name>
         <load_address>0x7ba8</load_address>
         <run_address>0x7ba8</run_address>
         <size>0xc</size>
         <input_file_ref idref="fl-f"/>
      </object_component>
      <object_component id="oc-21b">
         <name>.const</name>
         <load_address>0x7bb4</load_address>
         <run_address>0x7bb4</run_address>
         <size>0x8</size>
         <input_file_ref idref="fl-f6"/>
      </object_component>
      <object_component id="oc-79">
         <name>.const</name>
         <load_address>0x7bbc</load_address>
         <run_address>0x7bbc</run_address>
         <size>0x4</size>
         <input_file_ref idref="fl-8"/>
      </object_component>
      <object_component id="oc-3bc">
         <name>.const</name>
         <load_address>0x7bc0</load_address>
         <run_address>0x7bc0</run_address>
         <size>0x4</size>
         <input_file_ref idref="fl-f"/>
      </object_component>
      <object_component id="oc-602">
         <name>.cinit..data.load</name>
         <load_address>0x7bc8</load_address>
         <run_address>0x7bc8</run_address>
         <size>0xd</size>
      </object_component>
      <object_component id="oc-5ff">
         <name>__TI_handler_table</name>
         <load_address>0x7bd8</load_address>
         <run_address>0x7bd8</run_address>
         <size>0xc</size>
      </object_component>
      <object_component id="oc-603">
         <name>.cinit..bss.load</name>
         <load_address>0x7be8</load_address>
         <run_address>0x7be8</run_address>
         <size>0x8</size>
      </object_component>
      <object_component id="oc-601">
         <name>.cinit..vtable.load</name>
         <load_address>0x7bf0</load_address>
         <run_address>0x7bf0</run_address>
         <size>0x8</size>
      </object_component>
      <object_component id="oc-600">
         <name>__TI_cinit_table</name>
         <load_address>0x7bf8</load_address>
         <run_address>0x7bf8</run_address>
         <size>0x18</size>
      </object_component>
      <object_component id="oc-4a8">
         <name>.vtable</name>
         <uninitialized>true</uninitialized>
         <run_address>0x20000000</run_address>
         <size>0x26c</size>
         <input_file_ref idref="fl-f5"/>
      </object_component>
      <object_component id="oc-1cb">
         <name>.data</name>
         <load_address>0x2000ce30</load_address>
         <run_address>0x2000ce30</run_address>
         <size>0x10</size>
         <input_file_ref idref="fl-2"/>
      </object_component>
      <object_component id="oc-14a">
         <name>.data</name>
         <load_address>0x2000ce50</load_address>
         <run_address>0x2000ce50</run_address>
         <size>0x4</size>
         <input_file_ref idref="fl-3"/>
      </object_component>
      <object_component id="oc-83">
         <name>.data</name>
         <load_address>0x2000ce54</load_address>
         <run_address>0x2000ce54</run_address>
         <size>0x4</size>
         <input_file_ref idref="fl-8"/>
      </object_component>
      <object_component id="oc-76">
         <name>.data</name>
         <load_address>0x2000cde8</load_address>
         <run_address>0x2000cde8</run_address>
         <size>0x34</size>
         <input_file_ref idref="fl-c"/>
      </object_component>
      <object_component id="oc-1df">
         <name>.data</name>
         <load_address>0x2000ce40</load_address>
         <run_address>0x2000ce40</run_address>
         <size>0xc</size>
         <input_file_ref idref="fl-d"/>
      </object_component>
      <object_component id="oc-25e">
         <name>.data</name>
         <load_address>0x2000ce5c</load_address>
         <run_address>0x2000ce5c</run_address>
         <size>0x4</size>
         <input_file_ref idref="fl-e"/>
      </object_component>
      <object_component id="oc-3a2">
         <name>.data</name>
         <load_address>0x2000ce1c</load_address>
         <run_address>0x2000ce1c</run_address>
         <size>0x14</size>
         <input_file_ref idref="fl-f"/>
      </object_component>
      <object_component id="oc-326">
         <name>.data</name>
         <load_address>0x2000ce4c</load_address>
         <run_address>0x2000ce4c</run_address>
         <size>0x4</size>
         <input_file_ref idref="fl-10"/>
      </object_component>
      <object_component id="oc-57b">
         <name>.data</name>
         <load_address>0x2000ce58</load_address>
         <run_address>0x2000ce58</run_address>
         <size>0x4</size>
         <input_file_ref idref="fl-f2"/>
      </object_component>
      <object_component id="oc-1d1">
         <name>.bss:ucHeap</name>
         <uninitialized>true</uninitialized>
         <run_address>0x2000026c</run_address>
         <size>0xc350</size>
         <input_file_ref idref="fl-2"/>
      </object_component>
      <object_component id="oc-1ce">
         <name>.bss:xStart</name>
         <uninitialized>true</uninitialized>
         <run_address>0x2000cb84</run_address>
         <size>0x8</size>
         <input_file_ref idref="fl-2"/>
      </object_component>
      <object_component id="oc-e7">
         <name>.bss:pxReadyTasksLists</name>
         <uninitialized>true</uninitialized>
         <run_address>0x2000ca3c</run_address>
         <size>0x64</size>
         <input_file_ref idref="fl-c"/>
      </object_component>
      <object_component id="oc-fc">
         <name>.bss:xDelayedTaskList1</name>
         <uninitialized>true</uninitialized>
         <run_address>0x2000cb08</run_address>
         <size>0x14</size>
         <input_file_ref idref="fl-c"/>
      </object_component>
      <object_component id="oc-ff">
         <name>.bss:xDelayedTaskList2</name>
         <uninitialized>true</uninitialized>
         <run_address>0x2000cb1c</run_address>
         <size>0x14</size>
         <input_file_ref idref="fl-c"/>
      </object_component>
      <object_component id="oc-ed">
         <name>.bss</name>
         <uninitialized>true</uninitialized>
         <run_address>0x2000cb6c</run_address>
         <size>0x8</size>
         <input_file_ref idref="fl-c"/>
      </object_component>
      <object_component id="oc-f9">
         <name>.bss:xPendingReadyList</name>
         <uninitialized>true</uninitialized>
         <run_address>0x2000cb30</run_address>
         <size>0x14</size>
         <input_file_ref idref="fl-c"/>
      </object_component>
      <object_component id="oc-ea">
         <name>.bss:xTasksWaitingTermination</name>
         <uninitialized>true</uninitialized>
         <run_address>0x2000cb58</run_address>
         <size>0x14</size>
         <input_file_ref idref="fl-c"/>
      </object_component>
      <object_component id="oc-f0">
         <name>.bss:xSuspendedTaskList</name>
         <uninitialized>true</uninitialized>
         <run_address>0x2000cb44</run_address>
         <size>0x14</size>
         <input_file_ref idref="fl-c"/>
      </object_component>
      <object_component id="oc-1e5">
         <name>.bss:xActiveTimerList1</name>
         <uninitialized>true</uninitialized>
         <run_address>0x2000cae0</run_address>
         <size>0x14</size>
         <input_file_ref idref="fl-d"/>
      </object_component>
      <object_component id="oc-1e8">
         <name>.bss:xActiveTimerList2</name>
         <uninitialized>true</uninitialized>
         <run_address>0x2000caf4</run_address>
         <size>0x14</size>
         <input_file_ref idref="fl-d"/>
      </object_component>
      <object_component id="oc-1e2">
         <name>.bss</name>
         <uninitialized>true</uninitialized>
         <run_address>0x2000cb74</run_address>
         <size>0x8</size>
         <input_file_ref idref="fl-d"/>
      </object_component>
      <object_component id="oc-3a8">
         <name>.bss</name>
         <uninitialized>true</uninitialized>
         <run_address>0x2000cb7c</run_address>
         <size>0x8</size>
         <input_file_ref idref="fl-f"/>
      </object_component>
      <object_component id="oc-3ab">
         <name>.bss:g_pcUARTTxBuffer</name>
         <uninitialized>true</uninitialized>
         <run_address>0x2000c5bc</run_address>
         <size>0x400</size>
         <input_file_ref idref="fl-f"/>
      </object_component>
      <object_component id="oc-3b4">
         <name>.bss:g_pcUARTRxBuffer</name>
         <uninitialized>true</uninitialized>
         <run_address>0x2000c9bc</run_address>
         <size>0x80</size>
         <input_file_ref idref="fl-f"/>
      </object_component>
      <object_component id="oc-158">
         <name>.common:sys_clock_get</name>
         <uninitialized>true</uninitialized>
         <run_address>0x2000cbbc</run_address>
         <size>0x4</size>
      </object_component>
      <object_component id="oc-159">
         <name>.common:comm_send_queue</name>
         <uninitialized>true</uninitialized>
         <run_address>0x2000cb98</run_address>
         <size>0x4</size>
      </object_component>
      <object_component id="oc-15a">
         <name>.common:comm_receive_queue</name>
         <uninitialized>true</uninitialized>
         <run_address>0x2000cb94</run_address>
         <size>0x4</size>
      </object_component>
      <object_component id="oc-15b">
         <name>.common:bme280_queue</name>
         <uninitialized>true</uninitialized>
         <run_address>0x2000cb90</run_address>
         <size>0x4</size>
      </object_component>
      <object_component id="oc-15c">
         <name>.common:hcsr04_queue</name>
         <uninitialized>true</uninitialized>
         <run_address>0x2000cba4</run_address>
         <size>0x4</size>
      </object_component>
      <object_component id="oc-15d">
         <name>.common:comm_task_sem</name>
         <uninitialized>true</uninitialized>
         <run_address>0x2000cba0</run_address>
         <size>0x4</size>
      </object_component>
      <object_component id="oc-154">
         <name>.common:sem_bme280_acq</name>
         <uninitialized>true</uninitialized>
         <run_address>0x2000cbb0</run_address>
         <size>0x4</size>
      </object_component>
      <object_component id="oc-157">
         <name>.common:sem_hcsr04_acq</name>
         <uninitialized>true</uninitialized>
         <run_address>0x2000cbb4</run_address>
         <size>0x4</size>
      </object_component>
      <object_component id="oc-15e">
         <name>.common:sem_hcsr04_update</name>
         <uninitialized>true</uninitialized>
         <run_address>0x2000cbb8</run_address>
         <size>0x4</size>
      </object_component>
      <object_component id="oc-25f">
         <name>.common:comm_task_events</name>
         <uninitialized>true</uninitialized>
         <run_address>0x2000cb9c</run_address>
         <size>0x4</size>
      </object_component>
      <object_component id="oc-25d">
         <name>.common:receive_packet</name>
         <uninitialized>true</uninitialized>
         <run_address>0x2000cbc0</run_address>
         <size>0x3</size>
      </object_component>
      <object_component id="oc-14b">
         <name>.common:BME280_task_events</name>
         <uninitialized>true</uninitialized>
         <run_address>0x2000cb8c</run_address>
         <size>0x4</size>
      </object_component>
      <object_component id="oc-200">
         <name>.common:xQueueRegistry</name>
         <uninitialized>true</uninitialized>
         <run_address>0x2000caa0</run_address>
         <size>0x40</size>
      </object_component>
      <object_component id="oc-30f">
         <name>.common:dig_T1</name>
         <uninitialized>true</uninitialized>
         <run_address>0x2000cbdc</run_address>
         <size>0x2</size>
      </object_component>
      <object_component id="oc-310">
         <name>.common:dig_T2</name>
         <uninitialized>true</uninitialized>
         <run_address>0x2000cbde</run_address>
         <size>0x2</size>
      </object_component>
      <object_component id="oc-311">
         <name>.common:dig_T3</name>
         <uninitialized>true</uninitialized>
         <run_address>0x2000cbe0</run_address>
         <size>0x2</size>
      </object_component>
      <object_component id="oc-312">
         <name>.common:dig_P1</name>
         <uninitialized>true</uninitialized>
         <run_address>0x2000cbca</run_address>
         <size>0x2</size>
      </object_component>
      <object_component id="oc-313">
         <name>.common:dig_P2</name>
         <uninitialized>true</uninitialized>
         <run_address>0x2000cbcc</run_address>
         <size>0x2</size>
      </object_component>
      <object_component id="oc-314">
         <name>.common:dig_P3</name>
         <uninitialized>true</uninitialized>
         <run_address>0x2000cbce</run_address>
         <size>0x2</size>
      </object_component>
      <object_component id="oc-31e">
         <name>.common:dig_P4</name>
         <uninitialized>true</uninitialized>
         <run_address>0x2000cbd0</run_address>
         <size>0x2</size>
      </object_component>
      <object_component id="oc-31f">
         <name>.common:dig_P5</name>
         <uninitialized>true</uninitialized>
         <run_address>0x2000cbd2</run_address>
         <size>0x2</size>
      </object_component>
      <object_component id="oc-320">
         <name>.common:dig_P6</name>
         <uninitialized>true</uninitialized>
         <run_address>0x2000cbd4</run_address>
         <size>0x2</size>
      </object_component>
      <object_component id="oc-315">
         <name>.common:dig_P7</name>
         <uninitialized>true</uninitialized>
         <run_address>0x2000cbd6</run_address>
         <size>0x2</size>
      </object_component>
      <object_component id="oc-316">
         <name>.common:dig_P8</name>
         <uninitialized>true</uninitialized>
         <run_address>0x2000cbd8</run_address>
         <size>0x2</size>
      </object_component>
      <object_component id="oc-317">
         <name>.common:dig_P9</name>
         <uninitialized>true</uninitialized>
         <run_address>0x2000cbda</run_address>
         <size>0x2</size>
      </object_component>
      <object_component id="oc-318">
         <name>.common:dig_H1</name>
         <uninitialized>true</uninitialized>
         <run_address>0x2000cbc3</run_address>
         <size>0x1</size>
      </object_component>
      <object_component id="oc-319">
         <name>.common:dig_H2</name>
         <uninitialized>true</uninitialized>
         <run_address>0x2000cbc4</run_address>
         <size>0x2</size>
      </object_component>
      <object_component id="oc-31a">
         <name>.common:dig_H3</name>
         <uninitialized>true</uninitialized>
         <run_address>0x2000cbe2</run_address>
         <size>0x1</size>
      </object_component>
      <object_component id="oc-31b">
         <name>.common:dig_H4</name>
         <uninitialized>true</uninitialized>
         <run_address>0x2000cbc6</run_address>
         <size>0x2</size>
      </object_component>
      <object_component id="oc-31c">
         <name>.common:dig_H5</name>
         <uninitialized>true</uninitialized>
         <run_address>0x2000cbc8</run_address>
         <size>0x2</size>
      </object_component>
      <object_component id="oc-31d">
         <name>.common:dig_H6</name>
         <uninitialized>true</uninitialized>
         <run_address>0x2000cbe3</run_address>
         <size>0x1</size>
      </object_component>
      <object_component id="oc-2e6">
         <name>.common:pwm_width_1</name>
         <uninitialized>true</uninitialized>
         <run_address>0x2000cba8</run_address>
         <size>0x4</size>
      </object_component>
      <object_component id="oc-2e9">
         <name>.common:pwm_width_2</name>
         <uninitialized>true</uninitialized>
         <run_address>0x2000cbac</run_address>
         <size>0x4</size>
      </object_component>
      <object_component id="oc-21">
         <name>.stack</name>
         <uninitialized>true</uninitialized>
         <run_address>0x2000cbe8</run_address>
         <size>0x4</size>
         <input_file_ref idref="fl-db"/>
      </object_component>
      <object_component id="oc-604">
         <name>.stack</name>
         <uninitialized>true</uninitialized>
         <run_address>0x2000cbe8</run_address>
         <size>0x0</size>
      </object_component>
      <object_component id="oc-116">
         <name>.debug_info</name>
         <load_address>0x0</load_address>
         <run_address>0x0</run_address>
         <size>0x3ea</size>
         <input_file_ref idref="fl-2"/>
      </object_component>
      <object_component id="oc-1d2">
         <name>.debug_info</name>
         <load_address>0x3ea</load_address>
         <run_address>0x3ea</run_address>
         <size>0xd1</size>
         <input_file_ref idref="fl-2"/>
      </object_component>
      <object_component id="oc-1cf">
         <name>.debug_info</name>
         <load_address>0x4bb</load_address>
         <run_address>0x4bb</run_address>
         <size>0xd1</size>
         <input_file_ref idref="fl-2"/>
      </object_component>
      <object_component id="oc-1cc">
         <name>.debug_info</name>
         <load_address>0x58c</load_address>
         <run_address>0x58c</run_address>
         <size>0x185</size>
         <input_file_ref idref="fl-2"/>
      </object_component>
      <object_component id="oc-dc">
         <name>.debug_info</name>
         <load_address>0x711</load_address>
         <run_address>0x711</run_address>
         <size>0x618</size>
         <input_file_ref idref="fl-2"/>
      </object_component>
      <object_component id="oc-d4">
         <name>.debug_info</name>
         <load_address>0xd29</load_address>
         <run_address>0xd29</run_address>
         <size>0x30c</size>
         <input_file_ref idref="fl-2"/>
      </object_component>
      <object_component id="oc-1bc">
         <name>.debug_info</name>
         <load_address>0x1035</load_address>
         <run_address>0x1035</run_address>
         <size>0x110</size>
         <input_file_ref idref="fl-2"/>
      </object_component>
      <object_component id="oc-94">
         <name>.debug_info</name>
         <load_address>0x1145</load_address>
         <run_address>0x1145</run_address>
         <size>0x26b</size>
         <input_file_ref idref="fl-2"/>
      </object_component>
      <object_component id="oc-1c6">
         <name>.debug_info</name>
         <load_address>0x13b0</load_address>
         <run_address>0x13b0</run_address>
         <size>0x44c</size>
         <input_file_ref idref="fl-2"/>
      </object_component>
      <object_component id="oc-1fb">
         <name>.debug_info</name>
         <load_address>0x17fc</load_address>
         <run_address>0x17fc</run_address>
         <size>0x62</size>
         <input_file_ref idref="fl-2"/>
      </object_component>
      <object_component id="oc-3e">
         <name>.debug_info</name>
         <load_address>0x185e</load_address>
         <run_address>0x185e</run_address>
         <size>0x84</size>
         <input_file_ref idref="fl-2"/>
      </object_component>
      <object_component id="oc-88">
         <name>.debug_info</name>
         <load_address>0x18e2</load_address>
         <run_address>0x18e2</run_address>
         <size>0x2c</size>
         <input_file_ref idref="fl-2"/>
      </object_component>
      <object_component id="oc-117">
         <name>.debug_info</name>
         <load_address>0x190e</load_address>
         <run_address>0x190e</run_address>
         <size>0x297</size>
         <input_file_ref idref="fl-2"/>
      </object_component>
      <object_component id="oc-99">
         <name>.debug_info</name>
         <load_address>0x1ba5</load_address>
         <run_address>0x1ba5</run_address>
         <size>0xbb</size>
         <input_file_ref idref="fl-2"/>
      </object_component>
      <object_component id="oc-8d">
         <name>.debug_info</name>
         <load_address>0x1c60</load_address>
         <run_address>0x1c60</run_address>
         <size>0x53</size>
         <input_file_ref idref="fl-2"/>
      </object_component>
      <object_component id="oc-10c">
         <name>.debug_info</name>
         <load_address>0x1cb3</load_address>
         <run_address>0x1cb3</run_address>
         <size>0x14c</size>
         <input_file_ref idref="fl-2"/>
      </object_component>
      <object_component id="oc-152">
         <name>.debug_info</name>
         <load_address>0x1dff</load_address>
         <run_address>0x1dff</run_address>
         <size>0x9b7</size>
         <input_file_ref idref="fl-3"/>
      </object_component>
      <object_component id="oc-c0">
         <name>.debug_info</name>
         <load_address>0x27b6</load_address>
         <run_address>0x27b6</run_address>
         <size>0x414</size>
         <input_file_ref idref="fl-3"/>
      </object_component>
      <object_component id="oc-27b">
         <name>.debug_info</name>
         <load_address>0x2bca</load_address>
         <run_address>0x2bca</run_address>
         <size>0x44c</size>
         <input_file_ref idref="fl-3"/>
      </object_component>
      <object_component id="oc-335">
         <name>.debug_info</name>
         <load_address>0x3016</load_address>
         <run_address>0x3016</run_address>
         <size>0xe1</size>
         <input_file_ref idref="fl-3"/>
      </object_component>
      <object_component id="oc-172">
         <name>.debug_info</name>
         <load_address>0x30f7</load_address>
         <run_address>0x30f7</run_address>
         <size>0x8b</size>
         <input_file_ref idref="fl-3"/>
      </object_component>
      <object_component id="oc-268">
         <name>.debug_info</name>
         <load_address>0x3182</load_address>
         <run_address>0x3182</run_address>
         <size>0x39</size>
         <input_file_ref idref="fl-3"/>
      </object_component>
      <object_component id="oc-204">
         <name>.debug_info</name>
         <load_address>0x31bb</load_address>
         <run_address>0x31bb</run_address>
         <size>0x46</size>
         <input_file_ref idref="fl-3"/>
      </object_component>
      <object_component id="oc-26d">
         <name>.debug_info</name>
         <load_address>0x3201</load_address>
         <run_address>0x3201</run_address>
         <size>0x2c</size>
         <input_file_ref idref="fl-3"/>
      </object_component>
      <object_component id="oc-177">
         <name>.debug_info</name>
         <load_address>0x322d</load_address>
         <run_address>0x322d</run_address>
         <size>0x46</size>
         <input_file_ref idref="fl-3"/>
      </object_component>
      <object_component id="oc-276">
         <name>.debug_info</name>
         <load_address>0x3273</load_address>
         <run_address>0x3273</run_address>
         <size>0xcc</size>
         <input_file_ref idref="fl-3"/>
      </object_component>
      <object_component id="oc-3c1">
         <name>.debug_info</name>
         <load_address>0x333f</load_address>
         <run_address>0x333f</run_address>
         <size>0x2c</size>
         <input_file_ref idref="fl-3"/>
      </object_component>
      <object_component id="oc-263">
         <name>.debug_info</name>
         <load_address>0x336b</load_address>
         <run_address>0x336b</run_address>
         <size>0xcd</size>
         <input_file_ref idref="fl-3"/>
      </object_component>
      <object_component id="oc-37">
         <name>.debug_info</name>
         <load_address>0x3438</load_address>
         <run_address>0x3438</run_address>
         <size>0x332</size>
         <input_file_ref idref="fl-4"/>
      </object_component>
      <object_component id="oc-10">
         <name>.debug_info</name>
         <load_address>0x376a</load_address>
         <run_address>0x376a</run_address>
         <size>0xf1</size>
         <input_file_ref idref="fl-4"/>
      </object_component>
      <object_component id="oc-28">
         <name>.debug_info</name>
         <load_address>0x385b</load_address>
         <run_address>0x385b</run_address>
         <size>0x289</size>
         <input_file_ref idref="fl-4"/>
      </object_component>
      <object_component id="oc-1f8">
         <name>.debug_info</name>
         <load_address>0x3ae4</load_address>
         <run_address>0x3ae4</run_address>
         <size>0x1d8</size>
         <input_file_ref idref="fl-5"/>
      </object_component>
      <object_component id="oc-111">
         <name>.debug_info</name>
         <load_address>0x3cbc</load_address>
         <run_address>0x3cbc</run_address>
         <size>0x44c</size>
         <input_file_ref idref="fl-5"/>
      </object_component>
      <object_component id="oc-36e">
         <name>.debug_info</name>
         <load_address>0x4108</load_address>
         <run_address>0x4108</run_address>
         <size>0xcc</size>
         <input_file_ref idref="fl-5"/>
      </object_component>
      <object_component id="oc-107">
         <name>.debug_info</name>
         <load_address>0x41d4</load_address>
         <run_address>0x41d4</run_address>
         <size>0x53</size>
         <input_file_ref idref="fl-5"/>
      </object_component>
      <object_component id="oc-1d6">
         <name>.debug_info</name>
         <load_address>0x4227</load_address>
         <run_address>0x4227</run_address>
         <size>0x360</size>
         <input_file_ref idref="fl-7"/>
      </object_component>
      <object_component id="oc-e3">
         <name>.debug_info</name>
         <load_address>0x4587</load_address>
         <run_address>0x4587</run_address>
         <size>0x4ac</size>
         <input_file_ref idref="fl-7"/>
      </object_component>
      <object_component id="oc-87">
         <name>.debug_info</name>
         <load_address>0x4a33</load_address>
         <run_address>0x4a33</run_address>
         <size>0x3df</size>
         <input_file_ref idref="fl-8"/>
      </object_component>
      <object_component id="oc-7a">
         <name>.debug_info</name>
         <load_address>0x4e12</load_address>
         <run_address>0x4e12</run_address>
         <size>0x107</size>
         <input_file_ref idref="fl-8"/>
      </object_component>
      <object_component id="oc-84">
         <name>.debug_info</name>
         <load_address>0x4f19</load_address>
         <run_address>0x4f19</run_address>
         <size>0xee</size>
         <input_file_ref idref="fl-8"/>
      </object_component>
      <object_component id="oc-30">
         <name>.debug_info</name>
         <load_address>0x5007</load_address>
         <run_address>0x5007</run_address>
         <size>0x53e</size>
         <input_file_ref idref="fl-8"/>
      </object_component>
      <object_component id="oc-2b">
         <name>.debug_info</name>
         <load_address>0x5545</load_address>
         <run_address>0x5545</run_address>
         <size>0x23f</size>
         <input_file_ref idref="fl-9"/>
      </object_component>
      <object_component id="oc-201">
         <name>.debug_info</name>
         <load_address>0x5784</load_address>
         <run_address>0x5784</run_address>
         <size>0x87d</size>
         <input_file_ref idref="fl-a"/>
      </object_component>
      <object_component id="oc-12d">
         <name>.debug_info</name>
         <load_address>0x6001</load_address>
         <run_address>0x6001</run_address>
         <size>0x35f6</size>
         <input_file_ref idref="fl-a"/>
      </object_component>
      <object_component id="oc-375">
         <name>.debug_info</name>
         <load_address>0x95f7</load_address>
         <run_address>0x95f7</run_address>
         <size>0x1cd</size>
         <input_file_ref idref="fl-a"/>
      </object_component>
      <object_component id="oc-123">
         <name>.debug_info</name>
         <load_address>0x97c4</load_address>
         <run_address>0x97c4</run_address>
         <size>0x2c</size>
         <input_file_ref idref="fl-b"/>
      </object_component>
      <object_component id="oc-d3">
         <name>.debug_info</name>
         <load_address>0x97f0</load_address>
         <run_address>0x97f0</run_address>
         <size>0x75c</size>
         <input_file_ref idref="fl-c"/>
      </object_component>
      <object_component id="oc-77">
         <name>.debug_info</name>
         <load_address>0x9f4c</load_address>
         <run_address>0x9f4c</run_address>
         <size>0x349</size>
         <input_file_ref idref="fl-c"/>
      </object_component>
      <object_component id="oc-e8">
         <name>.debug_info</name>
         <load_address>0xa295</load_address>
         <run_address>0xa295</run_address>
         <size>0xf0</size>
         <input_file_ref idref="fl-c"/>
      </object_component>
      <object_component id="oc-fd">
         <name>.debug_info</name>
         <load_address>0xa385</load_address>
         <run_address>0xa385</run_address>
         <size>0xf0</size>
         <input_file_ref idref="fl-c"/>
      </object_component>
      <object_component id="oc-100">
         <name>.debug_info</name>
         <load_address>0xa475</load_address>
         <run_address>0xa475</run_address>
         <size>0xf0</size>
         <input_file_ref idref="fl-c"/>
      </object_component>
      <object_component id="oc-ee">
         <name>.debug_info</name>
         <load_address>0xa565</load_address>
         <run_address>0xa565</run_address>
         <size>0x133</size>
         <input_file_ref idref="fl-c"/>
      </object_component>
      <object_component id="oc-fa">
         <name>.debug_info</name>
         <load_address>0xa698</load_address>
         <run_address>0xa698</run_address>
         <size>0xf0</size>
         <input_file_ref idref="fl-c"/>
      </object_component>
      <object_component id="oc-eb">
         <name>.debug_info</name>
         <load_address>0xa788</load_address>
         <run_address>0xa788</run_address>
         <size>0xfe</size>
         <input_file_ref idref="fl-c"/>
      </object_component>
      <object_component id="oc-f1">
         <name>.debug_info</name>
         <load_address>0xa886</load_address>
         <run_address>0xa886</run_address>
         <size>0xf2</size>
         <input_file_ref idref="fl-c"/>
      </object_component>
      <object_component id="oc-7d">
         <name>.debug_info</name>
         <load_address>0xa978</load_address>
         <run_address>0xa978</run_address>
         <size>0x495c</size>
         <input_file_ref idref="fl-c"/>
      </object_component>
      <object_component id="oc-1c1">
         <name>.debug_info</name>
         <load_address>0xf2d4</load_address>
         <run_address>0xf2d4</run_address>
         <size>0x146</size>
         <input_file_ref idref="fl-c"/>
      </object_component>
      <object_component id="oc-1ec">
         <name>.debug_info</name>
         <load_address>0xf41a</load_address>
         <run_address>0xf41a</run_address>
         <size>0x82d</size>
         <input_file_ref idref="fl-d"/>
      </object_component>
      <object_component id="oc-1e6">
         <name>.debug_info</name>
         <load_address>0xfc47</load_address>
         <run_address>0xfc47</run_address>
         <size>0xf0</size>
         <input_file_ref idref="fl-d"/>
      </object_component>
      <object_component id="oc-1e9">
         <name>.debug_info</name>
         <load_address>0xfd37</load_address>
         <run_address>0xfd37</run_address>
         <size>0xf0</size>
         <input_file_ref idref="fl-d"/>
      </object_component>
      <object_component id="oc-1e3">
         <name>.debug_info</name>
         <load_address>0xfe27</load_address>
         <run_address>0xfe27</run_address>
         <size>0x128</size>
         <input_file_ref idref="fl-d"/>
      </object_component>
      <object_component id="oc-1e0">
         <name>.debug_info</name>
         <load_address>0xff4f</load_address>
         <run_address>0xff4f</run_address>
         <size>0x114</size>
         <input_file_ref idref="fl-d"/>
      </object_component>
      <object_component id="oc-f4">
         <name>.debug_info</name>
         <load_address>0x10063</load_address>
         <run_address>0x10063</run_address>
         <size>0x1c71</size>
         <input_file_ref idref="fl-d"/>
      </object_component>
      <object_component id="oc-1ed">
         <name>.debug_info</name>
[...]
         <name>dig_H6</name>
         <value>0x2000cbe3</value>
      </symbol>
      <symbol id="sm-6b2">
         <name>BME280_Configure</name>
         <value>0x33a3</value>
         <object_component_ref idref="oc-16b"/>
      </symbol>
      <symbol id="sm-6b3">
         <name>BME280_compensate_P_double</name>
         <value>0x3581</value>
         <object_component_ref idref="oc-16b"/>
      </symbol>
      <symbol id="sm-6b4">
         <name>t_fine</name>
         <value>0x2000ce4c</value>
         <object_component_ref idref="oc-326"/>
      </symbol>
      <symbol id="sm-6b5">
         <name>BME280_Init</name>
         <value>0x3229</value>
         <object_component_ref idref="oc-16b"/>
      </symbol>
      <symbol id="sm-6b6">
         <name>bme280_compensate_H_double</name>
         <value>0x37f5</value>
         <object_component_ref idref="oc-16b"/>
      </symbol>
      <symbol id="sm-6b7">
         <name>BME280_compensate_T_double</name>
         <value>0x3409</value>
         <object_component_ref idref="oc-16b"/>
      </symbol>
      <symbol id="sm-6b8">
         <name>Task_BME280</name>
         <value>0x3a99</value>
         <object_component_ref idref="oc-16b"/>
      </symbol>
      <symbol id="sm-6b9">
         <name>BME280_GetCompensatedData</name>
         <value>0x3991</value>
         <object_component_ref idref="oc-16b"/>
      </symbol>
      <symbol id="sm-6d8">
         <name>vCommTask</name>
         <value>0x5a7d</value>
         <object_component_ref idref="oc-15f"/>
      </symbol>
      <symbol id="sm-70a">
         <name>pwm_width_1</name>
         <value>0x2000cba8</value>
      </symbol>
      <symbol id="sm-70b">
         <name>pwm_width_2</name>
         <value>0x2000cbac</value>
      </symbol>
      <symbol id="sm-70c">
         <name>Task_HCSR04</name>
         <value>0x4ab9</value>
         <object_component_ref idref="oc-165"/>
      </symbol>
      <symbol id="sm-70d">
         <name>TIMER1_Init</name>
         <value>0x4945</value>
         <object_component_ref idref="oc-165"/>
      </symbol>
      <symbol id="sm-70e">
         <name>TIMER0_Init</name>
         <value>0x4929</value>
         <object_component_ref idref="oc-165"/>
      </symbol>
      <symbol id="sm-70f">
         <name>PortLIntHandler</name>
         <value>0x4961</value>
         <object_component_ref idref="oc-165"/>
      </symbol>
      <symbol id="sm-710">
         <name>HCSR04_1_Init</name>
         <value>0x4a3d</value>
         <object_component_ref idref="oc-165"/>
      </symbol>
      <symbol id="sm-711">
         <name>HCSR04_2_Init</name>
         <value>0x4a7b</value>
         <object_component_ref idref="oc-165"/>
      </symbol>
      <symbol id="sm-712">
         <name>PortHIntHandler</name>
         <value>0x49cf</value>
         <object_component_ref idref="oc-165"/>
      </symbol>
      <symbol id="sm-73b">
         <name>I2C0_Write</name>
         <value>0x5755</value>
         <object_component_ref idref="oc-2eb"/>
      </symbol>
      <symbol id="sm-73c">
         <name>I2C0_Init</name>
         <value>0x56f9</value>
         <object_component_ref idref="oc-2eb"/>
      </symbol>
      <symbol id="sm-73d">
         <name>I2C0_Read</name>
         <value>0x57b3</value>
         <object_component_ref idref="oc-2eb"/>
      </symbol>
      <symbol id="sm-74c">
         <name>__aeabi_uidivmod</name>
         <value>0x705d</value>
         <object_component_ref idref="oc-3b7"/>
      </symbol>
      <symbol id="sm-74d">
         <name>__aeabi_uidiv</name>
         <value>0x705d</value>
         <object_component_ref idref="oc-3b7"/>
      </symbol>
      <symbol id="sm-764">
         <name>__aeabi_dsub</name>
         <value>0x58c5</value>
         <object_component_ref idref="oc-300"/>
      </symbol>
      <symbol id="sm-765">
         <name>__aeabi_dadd</name>
         <value>0x58cf</value>
         <object_component_ref idref="oc-300"/>
      </symbol>
      <symbol id="sm-787">
         <name>__aeabi_cdcmpeq</name>
         <value>0x6901</value>
         <object_component_ref idref="oc-321"/>
      </symbol>
      <symbol id="sm-788">
         <name>__aeabi_cdcmple</name>
         <value>0x6901</value>
         <object_component_ref idref="oc-321"/>
      </symbol>
      <symbol id="sm-789">
         <name>__aeabi_cdrcmple</name>
         <value>0x6987</value>
         <object_component_ref idref="oc-329"/>
      </symbol>
      <symbol id="sm-79d">
         <name>__aeabi_ddiv</name>
         <value>0x5e79</value>
         <object_component_ref idref="oc-2f6"/>
      </symbol>
      <symbol id="sm-7a8">
         <name>__aeabi_dmul</name>
         <value>0x6545</value>
         <object_component_ref idref="oc-305"/>
      </symbol>
      <symbol id="sm-7b2">
         <name>__aeabi_d2iz</name>
         <value>0x6f09</value>
         <object_component_ref idref="oc-30a"/>
      </symbol>
      <symbol id="sm-7bc">
         <name>__aeabi_i2d</name>
         <value>0x7229</value>
         <object_component_ref idref="oc-2f1"/>
      </symbol>
      <symbol id="sm-7d7">
         <name>memcpy</name>
         <value>0x67cf</value>
         <object_component_ref idref="oc-43"/>
      </symbol>
      <symbol id="sm-7d8">
         <name>__aeabi_memcpy</name>
         <value>0x67cf</value>
         <object_component_ref idref="oc-43"/>
      </symbol>
      <symbol id="sm-7d9">
         <name>__aeabi_memcpy8</name>
         <value>0x67cf</value>
         <object_component_ref idref="oc-43"/>
      </symbol>
      <symbol id="sm-7da">
         <name>__aeabi_memcpy4</name>
         <value>0x67cf</value>
         <object_component_ref idref="oc-43"/>
      </symbol>
      <symbol id="sm-7e4">
         <name>__aeabi_ui2d</name>
         <value>0x72a1</value>
         <object_component_ref idref="oc-2fb"/>
      </symbol>
      <symbol id="sm-7f3">
         <name>__aeabi_memset</name>
         <value>0x6a0f</value>
         <object_component_ref idref="oc-b3"/>
      </symbol>
      <symbol id="sm-7f4">
         <name>memset</name>
         <value>0x6a15</value>
         <object_component_ref idref="oc-b3"/>
      </symbol>
      <symbol id="sm-7f5">
         <name>__aeabi_memset8</name>
         <value>0x6a0f</value>
         <object_component_ref idref="oc-b3"/>
      </symbol>
      <symbol id="sm-7f6">
         <name>__aeabi_memset4</name>
         <value>0x6a0f</value>
         <object_component_ref idref="oc-b3"/>
      </symbol>
      <symbol id="sm-7f7">
         <name>__aeabi_memclr8</name>
         <value>0x6a0d</value>
         <object_component_ref idref="oc-b3"/>
      </symbol>
      <symbol id="sm-7f8">
         <name>__aeabi_memclr4</name>
         <value>0x6a0d</value>
         <object_component_ref idref="oc-b3"/>
      </symbol>
      <symbol id="sm-7f9">
         <name>__aeabi_memclr</name>
         <value>0x6a0d</value>
         <object_component_ref idref="oc-b3"/>
      </symbol>
      <symbol id="sm-80b">
         <name>__TI_zero_init</name>
         <value>0x7477</value>
         <object_component_ref idref="oc-55"/>
      </symbol>
      <symbol id="sm-822">
         <name>__TI_decompress_none</name>
         <value>0x745d</value>
         <object_component_ref idref="oc-18"/>
      </symbol>
      <symbol id="sm-845">
         <name>__TI_decompress_lzss</name>
         <value>0x6b5d</value>
         <object_component_ref idref="oc-12"/>
      </symbol>
      <symbol id="sm-858">
         <name>__stack</name>
         <value>0x2000cbe8</value>
         <object_component_ref idref="oc-21"/>
      </symbol>
      <symbol id="sm-859">
         <name>_c_int00_noargs</name>
         <value>0x7155</value>
         <object_component_ref idref="oc-61"/>
      </symbol>
      <symbol id="sm-864">
         <name>C$$EXIT</name>
         <value>0x7511</value>
         <object_component_ref idref="oc-17c"/>
      </symbol>
      <symbol id="sm-865">
         <name>abort</name>
         <value>0x7511</value>
         <object_component_ref idref="oc-17c"/>
      </symbol>
      <symbol id="sm-874">
         <name>bzero</name>
         <value>0x74dd</value>
         <object_component_ref idref="oc-284"/>
      </symbol>
      <symbol id="sm-89b">
         <name>sprintf</name>
         <value>0x709d</value>
         <object_component_ref idref="oc-28a"/>
      </symbol>
      <symbol id="sm-8a9">
         <name>strcpy</name>
         <value>0x739f</value>
         <object_component_ref idref="oc-32e"/>
      </symbol>
      <symbol id="sm-8b3">
         <name>__aeabi_idiv0</name>
         <value>0x3227</value>
         <object_component_ref idref="oc-496"/>
      </symbol>
      <symbol id="sm-8b4">
         <name>__aeabi_ldiv0</name>
         <value>0x3227</value>
         <object_component_ref idref="oc-496"/>
      </symbol>
      <symbol id="sm-8dc">
         <name>__TI_auto_init_nobinit_nopinit</name>
         <value>0x6fd9</value>
         <object_component_ref idref="oc-188"/>
      </symbol>
      <symbol id="sm-8e6">
         <name>_system_pre_init</name>
         <value>0x750d</value>
         <object_component_ref idref="oc-b9"/>
      </symbol>
      <symbol id="sm-a4c">
         <name>__TI_printfi</name>
         <value>0x27c9</value>
         <object_component_ref idref="oc-3dd"/>
      </symbol>
      <symbol id="sm-a62">
         <name>atoi</name>
         <value>0x6e2d</value>
         <object_component_ref idref="oc-4b9"/>
      </symbol>
      <symbol id="sm-a6d">
         <name>_ctypes_</name>
         <value>0x76c4</value>
         <object_component_ref idref="oc-533"/>
      </symbol>
      <symbol id="sm-a7c">
         <name>ltoa</name>
         <value>0x6d35</value>
         <object_component_ref idref="oc-53e"/>
      </symbol>
      <symbol id="sm-a8c">
         <name>memccpy</name>
         <value>0x72e1</value>
         <object_component_ref idref="oc-4dd"/>
      </symbol>
      <symbol id="sm-a9c">
         <name>strchr</name>
         <value>0x7375</value>
         <object_component_ref idref="oc-56b"/>
      </symbol>
      <symbol id="sm-aaa">
         <name>strlen</name>
         <value>0x73b3</value>
         <object_component_ref idref="oc-4b3"/>
      </symbol>
      <symbol id="sm-aca">
         <name>frexpl</name>
         <value>0x6bc5</value>
         <object_component_ref idref="oc-55f"/>
      </symbol>
      <symbol id="sm-acb">
         <name>frexp</name>
         <value>0x6bc5</value>
         <object_component_ref idref="oc-55f"/>
      </symbol>
      <symbol id="sm-ae8">
         <name>scalbn</name>
         <value>0x632d</value>
         <object_component_ref idref="oc-565"/>
      </symbol>
      <symbol id="sm-ae9">
         <name>scalbnl</name>
         <value>0x632d</value>
         <object_component_ref idref="oc-565"/>
      </symbol>
      <symbol id="sm-aea">
         <name>ldexpl</name>
         <value>0x632d</value>
         <object_component_ref idref="oc-565"/>
      </symbol>
      <symbol id="sm-aeb">
         <name>ldexp</name>
         <value>0x632d</value>
         <object_component_ref idref="oc-565"/>
      </symbol>
      <symbol id="sm-af5">
         <name>copysign</name>
         <value>0x738b</value>
         <object_component_ref idref="oc-5ac"/>
      </symbol>
      <symbol id="sm-af6">
         <name>copysignl</name>
         <value>0x738b</value>
         <object_component_ref idref="oc-5ac"/>
      </symbol>
      <symbol id="sm-b0f">
         <name>wcslen</name>
         <value>0x7421</value>
         <object_component_ref idref="oc-4e3"/>
      </symbol>
      <symbol id="sm-b1c">
         <name>__aeabi_uldivmod</name>
         <value>0x686b</value>
         <object_component_ref idref="oc-538"/>
      </symbol>
      <symbol id="sm-b32">
         <name>__aeabi_errno_addr</name>
         <value>0x74d5</value>
         <object_component_ref idref="oc-4e9"/>
      </symbol>
      <symbol id="sm-b33">
         <name>errno</name>
         <value>0x2000ce58</value>
         <object_component_ref idref="oc-57b"/>
      </symbol>
      <symbol id="sm-be1">
         <name>GPIOIntRegister</name>
         <value>0x72fd</value>
         <object_component_ref idref="oc-2c1"/>
      </symbol>
      <symbol id="sm-be2">
         <name>GPIOPinConfigure</name>
         <value>0x6e79</value>
         <object_component_ref idref="oc-239"/>
      </symbol>
      <symbol id="sm-be3">
         <name>GPIOPinTypeI2CSCL</name>
         <value>0x73eb</value>
         <object_component_ref idref="oc-408"/>
      </symbol>
      <symbol id="sm-be4">
         <name>GPIOIntEnable</name>
         <value>0x746b</value>
         <object_component_ref idref="oc-2d9"/>
      </symbol>
      <symbol id="sm-be5">
         <name>GPIOPinTypeI2C</name>
         <value>0x73d9</value>
         <object_component_ref idref="oc-40e"/>
      </symbol>
      <symbol id="sm-be6">
         <name>GPIOIntTypeSet</name>
         <value>0x6c89</value>
         <object_component_ref idref="oc-2d3"/>
      </symbol>
      <symbol id="sm-be7">
         <name>GPIOPinTypeGPIOInput</name>
         <value>0x73c7</value>
         <object_component_ref idref="oc-2cd"/>
      </symbol>
      <symbol id="sm-be8">
         <name>GPIOIntClear</name>
         <value>0x74e5</value>
         <object_component_ref idref="oc-2bb"/>
      </symbol>
      <symbol id="sm-be9">
         <name>GPIOPinTypeUART</name>
         <value>0x73fd</value>
         <object_component_ref idref="oc-23f"/>
      </symbol>
      <symbol id="sm-bea">
         <name>GPIOIntStatus</name>
         <value>0x7433</value>
         <object_component_ref idref="oc-2b5"/>
      </symbol>
      <symbol id="sm-beb">
         <name>GPIOPinTypeGPIOOutput</name>
         <value>0x7315</value>
         <object_component_ref idref="oc-2c7"/>
      </symbol>
      <symbol id="sm-bec">
         <name>GPIOPinRead</name>
         <value>0x74eb</value>
         <object_component_ref idref="oc-297"/>
      </symbol>
      <symbol id="sm-bed">
         <name>GPIODirModeSet</name>
         <value>0x7257</value>
         <object_component_ref idref="oc-395"/>
      </symbol>
      <symbol id="sm-bee">
         <name>GPIOPinWrite</name>
         <value>0x74f1</value>
         <object_component_ref idref="oc-2df"/>
      </symbol>
      <symbol id="sm-bef">
         <name>GPIOPadConfigSet</name>
         <value>0x5faf</value>
         <object_component_ref idref="oc-39b"/>
      </symbol>
      <symbol id="sm-c3b">
         <name>I2CMasterBusBusy</name>
         <value>0x74b5</value>
         <object_component_ref idref="oc-444"/>
      </symbol>
      <symbol id="sm-c3c">
         <name>I2CMasterDataPut</name>
         <value>0x7505</value>
         <object_component_ref idref="oc-432"/>
      </symbol>
      <symbol id="sm-c3d">
         <name>I2CMasterGlitchFilterConfigSet</name>
         <value>0x6f51</value>
         <object_component_ref idref="oc-426"/>
      </symbol>
      <symbol id="sm-c3e">
         <name>I2CMasterSlaveAddrSet</name>
         <value>0x74c5</value>
         <object_component_ref idref="oc-42c"/>
      </symbol>
      <symbol id="sm-c3f">
         <name>I2CMasterDataGet</name>
         <value>0x7501</value>
         <object_component_ref idref="oc-44a"/>
      </symbol>
      <symbol id="sm-c40">
         <name>I2CMasterControl</name>
         <value>0x74fd</value>
         <object_component_ref idref="oc-438"/>
      </symbol>
      <symbol id="sm-c41">
         <name>I2CMasterBusy</name>
         <value>0x74bd</value>
         <object_component_ref idref="oc-43e"/>
      </symbol>
      <symbol id="sm-c42">
         <name>I2CMasterEnable</name>
         <value>0x7483</value>
         <object_component_ref idref="oc-420"/>
      </symbol>
      <symbol id="sm-c7b">
         <name>IntEnable</name>
         <value>0x6af5</value>
         <object_component_ref idref="oc-3d2"/>
      </symbol>
      <symbol id="sm-c7c">
         <name>IntRegister</name>
         <value>0x718d</value>
         <object_component_ref idref="oc-3cc"/>
      </symbol>
      <symbol id="sm-c7d">
         <name>g_pfnRAMVectors</name>
         <value>0x20000000</value>
         <object_component_ref idref="oc-4a8"/>
      </symbol>
      <symbol id="sm-d0f">
         <name>SysCtlDelay</name>
         <value>0x74f7</value>
         <object_component_ref idref="oc-2e5"/>
      </symbol>
      <symbol id="sm-d10">
         <name>SysCtlPeripheralEnable</name>
         <value>0x71f5</value>
         <object_component_ref idref="oc-138"/>
      </symbol>
      <symbol id="sm-d11">
         <name>SysCtlPeripheralDisable</name>
         <value>0x71c1</value>
         <object_component_ref idref="oc-414"/>
      </symbol>
      <symbol id="sm-d12">
         <name>SysCtlPeripheralReady</name>
         <value>0x711d</value>
         <object_component_ref idref="oc-13e"/>
      </symbol>
      <symbol id="sm-d13">
         <name>SysCtlClockFreqSet</name>
         <value>0x513d</value>
         <object_component_ref idref="oc-132"/>
      </symbol>
      <symbol id="sm-d14">
         <name>SysCtlPeripheralReset</name>
         <value>0x6ddd</value>
         <object_component_ref idref="oc-41a"/>
      </symbol>
      <symbol id="sm-d4a">
         <name>TimerLoadSet</name>
         <value>0x740f</value>
         <object_component_ref idref="oc-29d"/>
      </symbol>
      <symbol id="sm-d4b">
         <name>TimerDisable</name>
         <value>0x732d</value>
         <object_component_ref idref="oc-2af"/>
      </symbol>
      <symbol id="sm-d4c">
         <name>TimerEnable</name>
         <value>0x7441</value>
         <object_component_ref idref="oc-2a3"/>
      </symbol>
      <symbol id="sm-d4d">
         <name>TimerValueGet</name>
         <value>0x748d</value>
         <object_component_ref idref="oc-2a9"/>
      </symbol>
      <symbol id="sm-d4e">
         <name>TimerConfigure</name>
         <value>0x6c29</value>
         <object_component_ref idref="oc-291"/>
      </symbol>
      <symbol id="sm-da4">
         <name>UARTIntEnable</name>
         <value>0x74cd</value>
         <object_component_ref idref="oc-251"/>
      </symbol>
      <symbol id="sm-da5">
         <name>UARTCharsAvail</name>
         <value>0x744f</value>
         <object_component_ref idref="oc-233"/>
      </symbol>
      <symbol id="sm-da6">
         <name>UARTCharPut</name>
         <value>0x74a1</value>
         <object_component_ref idref="oc-257"/>
      </symbol>
      <symbol id="sm-da7">
         <name>UARTIntClear</name>
         <value>0x7509</value>
         <object_component_ref idref="oc-227"/>
      </symbol>
      <symbol id="sm-da8">
         <name>UARTCharGet</name>
         <value>0x7497</value>
         <object_component_ref idref="oc-22d"/>
      </symbol>
      <symbol id="sm-da9">
         <name>UARTIntRegister</name>
         <value>0x7345</value>
         <object_component_ref idref="oc-24b"/>
      </symbol>
      <symbol id="sm-dab">
         <name>__TI_static_base__</name>
         <value>0x0</value>
      </symbol>
      <symbol id="sm-dae">
         <name>__mpu_init</name>
         <value>0x0</value>
      </symbol>
      <symbol id="sm-daf">
         <name>_system_post_cinit</name>
         <value>0x0</value>
      </symbol>
   </symbol_table>
   <title>Link successful</title>
</link_info>
