******************************************************************************
                  TI ARM Linker PC v18.1.1                     
******************************************************************************
>> Linked Sun Apr 29 13:57:53 2018

OUTPUT FILE NAME:   <UART_Structure.out>
ENTRY POINT SYMBOL: "_c_int00_noargs"  address: 00007155


MEMORY CONFIGURATION

         name            origin    length      used     unused   attr    fill
----------------------  --------  ---------  --------  --------  ----  --------
  FLASH                 00000000   00100000  00007c0c  000f83f4  R  X
  SRAM                  20000000   00040000  0000ce5c  000331a4  RW X


SEGMENT ALLOCATION MAP

run origin  load origin   length   init length attrs members
----------  ----------- ---------- ----------- ----- -------
00000000    00000000    00007c10   00007c10    r-x
  00000000    00000000    00000208   00000208    r-- .intvecs
  00000208    00000208    0000730c   0000730c    r-x .text
  00007514    00007514    000006b0   000006b0    r-- .const
  00007bc8    00007bc8    00000048   00000048    r-- .cinit
20000000    20000000    0000ce60   00000000    rw-
  20000000    20000000    0000026c   00000000    rw- .vtable
  2000026c    2000026c    0000c978   00000000    rw- .bss
  2000cbe8    2000cbe8    00000200   00000000    rw- .stack
  2000cde8    2000cde8    00000078   00000000    rw- .data


SECTION ALLOCATION MAP

 output                                  attributes/
section   page    origin      length       input sections
--------  ----  ----------  ----------   ----------------
.intvecs   0    00000000    00000208     
                  00000000    00000208     tm4c1294ncpdt_startup_ccs.obj (.intvecs)

.text      0    00000208    0000730c     
                  00000208    000018bc     tasks.obj (.text)
                  00001ac4    00000d04     queue.obj (.text)
                  000027c8    00000a5e     rtsv7M4_T_le_v4SPD16_eabi.lib : _printfi.c.obj (.text:__TI_printfi)
                  00003226    00000002                                   : div0.asm.obj (.text)
                  00003228    000009fc     bme280.obj (.text)
                  00003c24    00000770     uartstdio.obj (.text)
                  00004394    00000594     timers.obj (.text)
                  00004928    000002e8     hcsr04.obj (.text)
                  00004c10    000002bc     heap_4.obj (.text)
                  00004ecc    00000270     rtsv7M4_T_le_v4SPD16_eabi.lib : _printfi.c.obj (.text:_pconv_a)
                  0000513c    00000200     driverlib.lib : sysctl.obj (.text:SysCtlClockFreqSet)
                  0000533c    000001ec     main.obj (.text)
                  00005528    000001d0     rtsv7M4_T_le_v4SPD16_eabi.lib : _printfi.c.obj (.text:_pconv_g)
                  000056f8    000001cc     i2c0_rw.obj (.text)
                  000058c4    000001b6     rtsv7M4_T_le_v4SPD16_eabi.lib : fd_add_t2.asm.obj (.text)
                  00005a7a    00000002     --HOLE-- [fill = 0]
                  00005a7c    00000184     comm_task.obj (.text)
                  00005c00    0000013c     rtsv7M4_T_le_v4SPD16_eabi.lib : _printfi.c.obj (.text:_pconv_e)
                  00005d3c    0000013c     port.obj (.text)
                  00005e78    00000136     rtsv7M4_T_le_v4SPD16_eabi.lib : fd_div_t2.asm.obj (.text)
                  00005fae    00000132     driverlib.lib : gpio.obj (.text:GPIOPadConfigSet)
                  000060e0    0000012a     list.obj (.text)
                  0000620a    00000002     --HOLE-- [fill = 0]
                  0000620c    00000120     rtsv7M4_T_le_v4SPD16_eabi.lib : _printfi.c.obj (.text:fcvt)
                  0000632c    00000110                                   : s_scalbn.c.obj (.text:scalbn)
                  0000643c    00000108     uart_comm.obj (.text)
                  00006544    000000fc     rtsv7M4_T_le_v4SPD16_eabi.lib : fd_mul_t2.asm.obj (.text)
                  00006640    000000da     portasm.obj (.text)
                  0000671a    00000002     --HOLE-- [fill = 0]
                  0000671c    000000b1     rtsv7M4_T_le_v4SPD16_eabi.lib : _printfi.c.obj (.text:_ltostr)
                  000067cd    00000001     --HOLE-- [fill = 0]
                  000067ce    0000009c                                   : memcpy_t2.asm.obj (.text)
                  0000686a    00000096                                   : ull_div_t2.asm.obj (.text)
                  00006900    00000086                                   : fd_cmp_t2.asm.obj (.text:__aeabi_cdcmple)
                  00006986    00000086                                   : fd_cmp_t2.asm.obj (.text:__aeabi_cdrcmple)
                  00006a0c    0000007a                                   : memset_t2.asm.obj (.text)
                  00006a86    0000006e                                   : _printfi.c.obj (.text:_mcpy)
                  00006af4    00000068     driverlib.lib : interrupt.obj (.text:IntEnable)
                  00006b5c    00000068     rtsv7M4_T_le_v4SPD16_eabi.lib : copy_decompress_lzss.c.obj (.text:decompress:lzss:__TI_decompress_lzss)
                  00006bc4    00000064                                   : s_frexp.c.obj (.text:frexp)
                  00006c28    00000060     driverlib.lib : timer.obj (.text:TimerConfigure)
                  00006c88    00000056                   : gpio.obj (.text:GPIOIntTypeSet)
                  00006cde    00000056     rtsv7M4_T_le_v4SPD16_eabi.lib : _printfi.c.obj (.text:_pconv_f)
                  00006d34    00000054                                   : ltoa.c.obj (.text:ltoa)
                  00006d88    00000052                                   : _printfi.c.obj (.text:_ecpy)
                  00006dda    00000002     --HOLE-- [fill = 0]
                  00006ddc    00000050     driverlib.lib : sysctl.obj (.text:SysCtlPeripheralReset)
                  00006e2c    0000004c     rtsv7M4_T_le_v4SPD16_eabi.lib : atoi.c.obj (.text:atoi)
                  00006e78    00000048     driverlib.lib : gpio.obj (.text:GPIOPinConfigure)
                  00006ec0    00000048                   : sysctl.obj (.text:_SysCtlFrequencyGet)
                  00006f08    00000048     rtsv7M4_T_le_v4SPD16_eabi.lib : fd_toi_t2.asm.obj (.text)
                  00006f50    00000044     driverlib.lib : i2c.obj (.text:I2CMasterGlitchFilterConfigSet)
                  00006f94    00000044                   : gpio.obj (.text:_GPIOIntNumberGet)
                  00006fd8    00000044     rtsv7M4_T_le_v4SPD16_eabi.lib : autoinit.c.obj (.text:__TI_auto_init_nobinit_nopinit:__TI_auto_init_nobinit_nopinit)
                  0000701c    00000040     driverlib.lib : uart.obj (.text:_UARTIntNumberGet)
                  0000705c    00000040     rtsv7M4_T_le_v4SPD16_eabi.lib : u_divt2.asm.obj (.text)
                  0000709c    00000040                                   : sprintf.c.obj (.text:sprintf)
                  000070dc    0000003e                                   : _printfi.c.obj (.text:_fcpy)
                  0000711a    00000002     --HOLE-- [fill = 0]
                  0000711c    00000038     driverlib.lib : sysctl.obj (.text:SysCtlPeripheralReady)
                  00007154    00000038     rtsv7M4_T_le_v4SPD16_eabi.lib : boot_cortex_m.c.obj (.text:_c_int00_noargs:_c_int00_noargs)
                  0000718c    00000034     driverlib.lib : interrupt.obj (.text:IntRegister)
                  000071c0    00000034                   : sysctl.obj (.text:SysCtlPeripheralDisable)
                  000071f4    00000034                   : sysctl.obj (.text:SysCtlPeripheralEnable)
                  00007228    0000002e     rtsv7M4_T_le_v4SPD16_eabi.lib : i_tofd_t2.asm.obj (.text)
                  00007256    0000002a     driverlib.lib : gpio.obj (.text:GPIODirModeSet)
                  00007280    00000020                   : sysctl.obj (.text:_SysCtlMemTimingGet)
                  000072a0    00000020     rtsv7M4_T_le_v4SPD16_eabi.lib : u_tofd_t2.asm.obj (.text)
                  000072c0    00000020     tm4c1294ncpdt_startup_ccs.obj (.text)
                  000072e0    0000001c     rtsv7M4_T_le_v4SPD16_eabi.lib : memccpy.c.obj (.text:memccpy)
                  000072fc    00000018     driverlib.lib : gpio.obj (.text:GPIOIntRegister)
                  00007314    00000018                   : gpio.obj (.text:GPIOPinTypeGPIOOutput)
                  0000732c    00000018                   : timer.obj (.text:TimerDisable)
                  00007344    00000018                   : uart.obj (.text:UARTIntRegister)
                  0000735c    00000018     rtsv7M4_T_le_v4SPD16_eabi.lib : sprintf.c.obj (.text:_outs)
                  00007374    00000016                                   : strchr.c.obj (.text:strchr)
                  0000738a    00000014                                   : s_copysign.c.obj (.text:copysign)
                  0000739e    00000014                                   : strcpy.c.obj (.text:strcpy)
                  000073b2    00000014                                   : strlen.c.obj (.text:strlen)
                  000073c6    00000012     driverlib.lib : gpio.obj (.text:GPIOPinTypeGPIOInput)
                  000073d8    00000012                   : gpio.obj (.text:GPIOPinTypeI2C)
                  000073ea    00000012                   : gpio.obj (.text:GPIOPinTypeI2CSCL)
                  000073fc    00000012                   : gpio.obj (.text:GPIOPinTypeUART)
                  0000740e    00000012                   : timer.obj (.text:TimerLoadSet)
                  00007420    00000012     rtsv7M4_T_le_v4SPD16_eabi.lib : wcslen.c.obj (.text:wcslen)
                  00007432    0000000e     driverlib.lib : gpio.obj (.text:GPIOIntStatus)
                  00007440    0000000e                   : timer.obj (.text:TimerEnable)
                  0000744e    0000000e                   : uart.obj (.text:UARTCharsAvail)
                  0000745c    0000000e     rtsv7M4_T_le_v4SPD16_eabi.lib : copy_decompress_none.c.obj (.text:decompress:none:__TI_decompress_none)
                  0000746a    0000000c     driverlib.lib : gpio.obj (.text:GPIOIntEnable)
                  00007476    0000000c     rtsv7M4_T_le_v4SPD16_eabi.lib : copy_zero_init.c.obj (.text:decompress:ZI:__TI_zero_init)
                  00007482    0000000a     driverlib.lib : i2c.obj (.text:I2CMasterEnable)
                  0000748c    0000000a                   : timer.obj (.text:TimerValueGet)
                  00007496    0000000a                   : uart.obj (.text:UARTCharGet)
                  000074a0    0000000a                   : uart.obj (.text:UARTCharPut)
                  000074aa    0000000a     rtsv7M4_T_le_v4SPD16_eabi.lib : sprintf.c.obj (.text:_outc)
                  000074b4    00000008     driverlib.lib : i2c.obj (.text:I2CMasterBusBusy)
                  000074bc    00000008                   : i2c.obj (.text:I2CMasterBusy)
                  000074c4    00000008                   : i2c.obj (.text:I2CMasterSlaveAddrSet)
                  000074cc    00000008                   : uart.obj (.text:UARTIntEnable)
                  000074d4    00000008     rtsv7M4_T_le_v4SPD16_eabi.lib : errno.c.obj (.text:__aeabi_errno_addr)
                  000074dc    00000008                                   : bzero.c.obj (.text:bzero)
                  000074e4    00000006     driverlib.lib : gpio.obj (.text:GPIOIntClear)
                  000074ea    00000006                   : gpio.obj (.text:GPIOPinRead)
                  000074f0    00000006                   : gpio.obj (.text:GPIOPinWrite)
                  000074f6    00000006                   : sysctl.obj (.text:SysCtlDelay)
                  000074fc    00000004                   : i2c.obj (.text:I2CMasterControl)
                  00007500    00000004                   : i2c.obj (.text:I2CMasterDataGet)
                  00007504    00000004                   : i2c.obj (.text:I2CMasterDataPut)
                  00007508    00000004                   : uart.obj (.text:UARTIntClear)
                  0000750c    00000004     rtsv7M4_T_le_v4SPD16_eabi.lib : pre_init.c.obj (.text:_system_pre_init)
                  00007510    00000004                                   : exit.c.obj (.text:abort:abort)

.const     0    00007514    000006b0     
                  00007514    000001b0     driverlib.lib : sysctl.obj (.const:g_pppui32XTALtoVCO)
                  000076c4    00000101     rtsv7M4_T_le_v4SPD16_eabi.lib : ctype.c.obj (.const:.string:_ctypes_)
                  000077c5    00000003     --HOLE-- [fill = 0]
                  000077c8    000000d8     driverlib.lib : gpio.obj (.const:g_ppui32GPIOIntMapSnowflake)
                  000078a0    000000c0                   : gpio.obj (.const:g_ppui32GPIOIntMapBlizzard)
                  00007960    00000090                   : gpio.obj (.const:g_pui32GPIOBaseAddrs)
                  000079f0    00000070                   : interrupt.obj (.const)
                  00007a60    0000006c                   : sysctl.obj (.const:g_pui32Xtals)
                  00007acc    00000040                   : uart.obj (.const:g_ppui32UARTIntMap)
                  00007b0c    00000040                   : uart.obj (.const:g_ppui32UARTIntMapSnowflake)
                  00007b4c    00000030                   : sysctl.obj (.const:g_sXTALtoMEMTIM)
                  00007b7c    00000012     uartstdio.obj (.const:.string)
                  00007b8e    00000002     --HOLE-- [fill = 0]
                  00007b90    0000000c     uartstdio.obj (.const:g_ui32UARTBase)
                  00007b9c    0000000c     uartstdio.obj (.const:g_ui32UARTInt)
                  00007ba8    0000000c     uartstdio.obj (.const:g_ui32UARTPeriph)
                  00007bb4    00000008     driverlib.lib : sysctl.obj (.const)
                  00007bbc    00000004     port.obj (.const)
                  00007bc0    00000004     uartstdio.obj (.const)

.cinit     0    00007bc8    00000048     
                  00007bc8    0000000d     (.cinit..data.load) [load image, compression = lzss]
                  00007bd5    00000003     --HOLE-- [fill = 0]
                  00007bd8    0000000c     (__TI_handler_table)
                  00007be4    00000004     --HOLE-- [fill = 0]
                  00007be8    00000008     (.cinit..bss.load) [load image, compression = zero_init]
                  00007bf0    00000008     (.cinit..vtable.load) [load image, compression = zero_init]
                  00007bf8    00000018     (__TI_cinit_table)

.init_array 
*          0    00000000    00000000     UNINITIALIZED

.vtable    0    20000000    0000026c     UNINITIALIZED
                  20000000    0000026c     driverlib.lib : interrupt.obj (.vtable)

.bss       0    2000026c    0000c978     UNINITIALIZED
                  2000026c    0000c350     heap_4.obj (.bss:ucHeap)
                  2000c5bc    00000400     uartstdio.obj (.bss:g_pcUARTTxBuffer)
                  2000c9bc    00000080     uartstdio.obj (.bss:g_pcUARTRxBuffer)
                  2000ca3c    00000064     tasks.obj (.bss:pxReadyTasksLists)
                  2000caa0    00000040     (.common:xQueueRegistry)
                  2000cae0    00000014     timers.obj (.bss:xActiveTimerList1)
                  2000caf4    00000014     timers.obj (.bss:xActiveTimerList2)
                  2000cb08    00000014     tasks.obj (.bss:xDelayedTaskList1)
                  2000cb1c    00000014     tasks.obj (.bss:xDelayedTaskList2)
                  2000cb30    00000014     tasks.obj (.bss:xPendingReadyList)
                  2000cb44    00000014     tasks.obj (.bss:xSuspendedTaskList)
                  2000cb58    00000014     tasks.obj (.bss:xTasksWaitingTermination)
                  2000cb6c    00000008     tasks.obj (.bss)
                  2000cb74    00000008     timers.obj (.bss)
                  2000cb7c    00000008     uartstdio.obj (.bss)
                  2000cb84    00000008     heap_4.obj (.bss:xStart)
                  2000cb8c    00000004     (.common:BME280_task_events)
                  2000cb90    00000004     (.common:bme280_queue)
                  2000cb94    00000004     (.common:comm_receive_queue)
                  2000cb98    00000004     (.common:comm_send_queue)
                  2000cb9c    00000004     (.common:comm_task_events)
                  2000cba0    00000004     (.common:comm_task_sem)
                  2000cba4    00000004     (.common:hcsr04_queue)
                  2000cba8    00000004     (.common:pwm_width_1)
                  2000cbac    00000004     (.common:pwm_width_2)
                  2000cbb0    00000004     (.common:sem_bme280_acq)
                  2000cbb4    00000004     (.common:sem_hcsr04_acq)
                  2000cbb8    00000004     (.common:sem_hcsr04_update)
                  2000cbbc    00000004     (.common:sys_clock_get)
                  2000cbc0    00000003     (.common:receive_packet)
                  2000cbc3    00000001     (.common:dig_H1)
                  2000cbc4    00000002     (.common:dig_H2)
                  2000cbc6    00000002     (.common:dig_H4)
                  2000cbc8    00000002     (.common:dig_H5)
                  2000cbca    00000002     (.common:dig_P1)
                  2000cbcc    00000002     (.common:dig_P2)
                  2000cbce    00000002     (.common:dig_P3)
                  2000cbd0    00000002     (.common:dig_P4)
                  2000cbd2    00000002     (.common:dig_P5)
                  2000cbd4    00000002     (.common:dig_P6)
                  2000cbd6    00000002     (.common:dig_P7)
                  2000cbd8    00000002     (.common:dig_P8)
                  2000cbda    00000002     (.common:dig_P9)
                  2000cbdc    00000002     (.common:dig_T1)
                  2000cbde    00000002     (.common:dig_T2)
                  2000cbe0    00000002     (.common:dig_T3)
                  2000cbe2    00000001     (.common:dig_H3)
                  2000cbe3    00000001     (.common:dig_H6)

.data      0    2000cde8    00000078     UNINITIALIZED
                  2000cde8    00000034     tasks.obj (.data)
                  2000ce1c    00000014     uartstdio.obj (.data)
                  2000ce30    00000010     heap_4.obj (.data)
                  2000ce40    0000000c     timers.obj (.data)
                  2000ce4c    00000004     bme280.obj (.data)
                  2000ce50    00000004     main.obj (.data)
                  2000ce54    00000004     port.obj (.data)
                  2000ce58    00000004     rtsv7M4_T_le_v4SPD16_eabi.lib : errno.c.obj (.data)
                  2000ce5c    00000004     uart_comm.obj (.data)

.stack     0    2000cbe8    00000200     UNINITIALIZED
                  2000cbe8    00000004     rtsv7M4_T_le_v4SPD16_eabi.lib : boot_cortex_m.c.obj (.stack)
                  2000cbec    000001fc     --HOLE--

MODULE SUMMARY

       Module                          code    ro data   rw data
       ------                          ----    -------   -------
    .\
       heap_4.obj                      700     0         50024  
       tm4c1294ncpdt_startup_ccs.obj   32      520       0      
       main.obj                        492     0         51     
    +--+-------------------------------+-------+---------+---------+
       Total:                          1224    520       50075  
                                                                
    .\FreeRTOS\
       tasks.obj                       6332    0         260    
       queue.obj                       3332    0         64     
       timers.obj                      1428    0         60     
       port.obj                        316     4         4      
       list.obj                        298     0         0      
       portasm.obj                     218     0         0      
    +--+-------------------------------+-------+---------+---------+
       Total:                          11924   4         388    
                                                                
    .\UART\
       uartstdio.obj                   1904    58        1180   
       uart_comm.obj                   264     0         4      
    +--+-------------------------------+-------+---------+---------+
       Total:                          2168    58        1184   
                                                                
    .\src\
       bme280.obj                      2556    0         37     
       hcsr04.obj                      744     0         8      
       i2c0_rw.obj                     460     0         0      
       comm_task.obj                   388     0         0      
    +--+-------------------------------+-------+---------+---------+
       Total:                          4148    0         45     
                                                                
    C:/ti/TivaWare_C_Series-2.1.4.178/driverlib/ccs/Debug/driverlib.lib
       sysctl.obj                      862     596       0      
       gpio.obj                        738     552       0      
       interrupt.obj                   156     112       620    
       uart.obj                        134     128       0      
       timer.obj                       162     0         0      
       i2c.obj                         114     0         0      
    +--+-------------------------------+-------+---------+---------+
       Total:                          2166    1388      620    
                                                                
    C:\ti\ccsv8\tools\compiler\ti-cgt-arm_18.1.1.LTS\lib\rtsv7M4_T_le_v4SPD16_eabi.lib
       _printfi.c.obj                  4863    0         0      
       fd_add_t2.asm.obj               438     0         0      
       fd_div_t2.asm.obj               310     0         0      
       s_scalbn.c.obj                  272     0         0      
       fd_cmp_t2.asm.obj               268     0         0      
       ctype.c.obj                     0       257       0      
       fd_mul_t2.asm.obj               252     0         0      
       memcpy_t2.asm.obj               156     0         0      
       ull_div_t2.asm.obj              150     0         0      
       memset_t2.asm.obj               122     0         0      
       copy_decompress_lzss.c.obj      104     0         0      
       s_frexp.c.obj                   100     0         0      
       sprintf.c.obj                   98      0         0      
       ltoa.c.obj                      84      0         0      
       atoi.c.obj                      76      0         0      
       fd_toi_t2.asm.obj               72      0         0      
       autoinit.c.obj                  68      0         0      
       u_divt2.asm.obj                 64      0         0      
       boot_cortex_m.c.obj             56      0         0      
       i_tofd_t2.asm.obj               46      0         0      
       u_tofd_t2.asm.obj               32      0         0      
       memccpy.c.obj                   28      0         0      
       strchr.c.obj                    22      0         0      
       s_copysign.c.obj                20      0         0      
       strcpy.c.obj                    20      0         0      
       strlen.c.obj                    20      0         0      
       wcslen.c.obj                    18      0         0      
       copy_decompress_none.c.obj      14      0         0      
       copy_zero_init.c.obj            12      0         0      
       errno.c.obj                     8       0         4      
       bzero.c.obj                     8       0         0      
       exit.c.obj                      4       0         0      
       pre_init.c.obj                  4       0         0      
       div0.asm.obj                    2       0         0      
    +--+-------------------------------+-------+---------+---------+
       Total:                          7811    257       4      
                                                                
       Stack:                          0       0         512    
       Linker Generated:               0       65        0      
    +--+-------------------------------+-------+---------+---------+
       Grand Total:                    29441   2292      52828  


LINKER GENERATED COPY TABLES

__TI_cinit_table @ 00007bf8 records: 3, size/record: 8, table size: 24
	.data: load addr=00007bc8, load size=0000000d bytes, run addr=2000cde8, run size=00000078 bytes, compression=lzss
	.bss: load addr=00007be8, load size=00000008 bytes, run addr=2000026c, run size=0000c978 bytes, compression=zero_init
	.vtable: load addr=00007bf0, load size=00000008 bytes, run addr=20000000, run size=0000026c bytes, compression=zero_init


LINKER GENERATED HANDLER TABLE

__TI_handler_table @ 00007bd8 records: 3, size/record: 4, table size: 12
	index: 0, handler: __TI_zero_init
	index: 1, handler: __TI_decompress_lzss
	index: 2, handler: __TI_decompress_none


GLOBAL SYMBOLS: SORTED ALPHABETICALLY BY Name 

address   name                               
-------   ----                               
000033a3  BME280_Configure                   
00003991  BME280_GetCompensatedData          
00003229  BME280_Init                        
00003581  BME280_compensate_P_double         
00003409  BME280_compensate_T_double         
2000cb8c  BME280_task_events                 
00007511  C$$EXIT                            
00007257  GPIODirModeSet                     
000074e5  GPIOIntClear                       
0000746b  GPIOIntEnable                      
000072fd  GPIOIntRegister                    
00007433  GPIOIntStatus                      
00006c89  GPIOIntTypeSet                     
00005faf  GPIOPadConfigSet                   
00006e79  GPIOPinConfigure                   
000074eb  GPIOPinRead                        
000073c7  GPIOPinTypeGPIOInput               
00007315  GPIOPinTypeGPIOOutput              
000073d9  GPIOPinTypeI2C                     
000073eb  GPIOPinTypeI2CSCL                  
000073fd  GPIOPinTypeUART                    
000074f1  GPIOPinWrite                       
00004a3d  HCSR04_1_Init                      
00004a7b  HCSR04_2_Init                      
000056f9  I2C0_Init                          
000057b3  I2C0_Read                          
00005755  I2C0_Write                         
000074b5  I2CMasterBusBusy                   
000074bd  I2CMasterBusy                      
000074fd  I2CMasterControl                   
00007501  I2CMasterDataGet                   
00007505  I2CMasterDataPut                   
00007483  I2CMasterEnable                    
00006f51  I2CMasterGlitchFilterConfigSet     
000074c5  I2CMasterSlaveAddrSet              
00006af5  IntEnable                          
0000718d  IntRegister                        
000049cf  PortHIntHandler                    
00004961  PortLIntHandler                    
000072c1  ResetISR                           
0000513d  SysCtlClockFreqSet                 
000074f7  SysCtlDelay                        
000071c1  SysCtlPeripheralDisable            
000071f5  SysCtlPeripheralEnable             
0000711d  SysCtlPeripheralReady              
00006ddd  SysCtlPeripheralReset              
00004929  TIMER0_Init                        
00004945  TIMER1_Init                        
00003a99  Task_BME280                        
00004ab9  Task_HCSR04                        
00006c29  TimerConfigure                     
0000732d  TimerDisable                       
00007441  TimerEnable                        
0000740f  TimerLoadSet                       
0000748d  TimerValueGet                      
00007497  UARTCharGet                        
000074a1  UARTCharPut                        
0000744f  UARTCharsAvail                     
00004345  UARTEchoSet                        
000042df  UARTFlushRx                        
00004307  UARTFlushTx                        
00007509  UARTIntClear                       
000074cd  UARTIntEnable                      
00007345  UARTIntRegister                    
00004285  UARTPeek                           
00004263  UARTRxBytesAvail                   
000064ef  UARTSend                           
00003d39  UARTStdioConfig                    
0000643d  UARTStdioIntHandler                
00004271  UARTTxBytesFree                    
000064a9  UART_Configure                     
00003edd  UARTgetc                           
00003e61  UARTgets                           
0000423f  UARTprintf                         
00003f45  UARTvprintf                        
00003dbb  UARTwrite                          
2000cde8  __STACK_END                        
00000200  __STACK_SIZE                       
2000cde8  __STACK_TOP                        
00007bf8  __TI_CINIT_Base                    
00007c10  __TI_CINIT_Limit                   
00007bd8  __TI_Handler_Table_Base            
00007be4  __TI_Handler_Table_Limit           
00006fd9  __TI_auto_init_nobinit_nopinit     
00006b5d  __TI_decompress_lzss               
0000745d  __TI_decompress_none               
ffffffff  __TI_pprof_out_hndl                
000027c9  __TI_printfi                       
ffffffff  __TI_prof_data_size                
ffffffff  __TI_prof_data_start               
00000000  __TI_static_base__                 
00007477  __TI_zero_init                     
00006901  __aeabi_cdcmpeq                    
00006901  __aeabi_cdcmple                    
00006987  __aeabi_cdrcmple                   
00006f09  __aeabi_d2iz                       
000058cf  __aeabi_dadd                       
00005e79  __aeabi_ddiv                       
00006545  __aeabi_dmul                       
000058c5  __aeabi_dsub                       
000074d5  __aeabi_errno_addr                 
00007229  __aeabi_i2d                        
00003227  __aeabi_idiv0                      
00003227  __aeabi_ldiv0                      
00006a0d  __aeabi_memclr                     
00006a0d  __aeabi_memclr4                    
00006a0d  __aeabi_memclr8                    
000067cf  __aeabi_memcpy                     
000067cf  __aeabi_memcpy4                    
000067cf  __aeabi_memcpy8                    
00006a0f  __aeabi_memset                     
00006a0f  __aeabi_memset4                    
00006a0f  __aeabi_memset8                    
000072a1  __aeabi_ui2d                       
0000705d  __aeabi_uidiv                      
0000705d  __aeabi_uidivmod                   
0000686b  __aeabi_uldivmod                   
ffffffff  __binit__                          
ffffffff  __c_args__                         
UNDEFED   __mpu_init                         
2000cbe8  __stack                            
00007155  _c_int00_noargs                    
000076c4  _ctypes_                           
UNDEFED   _system_post_cinit                 
0000750d  _system_pre_init                   
00007511  abort                              
00006e2d  atoi                               
ffffffff  binit                              
000037f5  bme280_compensate_H_double         
2000cb90  bme280_queue                       
000074dd  bzero                              
2000cb94  comm_receive_queue                 
2000cb98  comm_send_queue                    
2000cb9c  comm_task_events                   
2000cba0  comm_task_sem                      
0000738b  copysign                           
0000738b  copysignl                          
2000cbc3  dig_H1                             
2000cbc4  dig_H2                             
2000cbe2  dig_H3                             
2000cbc6  dig_H4                             
2000cbc8  dig_H5                             
2000cbe3  dig_H6                             
2000cbca  dig_P1                             
2000cbcc  dig_P2                             
2000cbce  dig_P3                             
2000cbd0  dig_P4                             
2000cbd2  dig_P5                             
2000cbd4  dig_P6                             
2000cbd6  dig_P7                             
2000cbd8  dig_P8                             
2000cbda  dig_P9                             
2000cbdc  dig_T1                             
2000cbde  dig_T2                             
2000cbe0  dig_T3                             
0000057d  eTaskGetState                      
2000ce58  errno                              
00006bc5  frexp                              
00006bc5  frexpl                             
20000000  g_pfnRAMVectors                    
00000000  g_pfnVectors                       
2000cba4  hcsr04_queue                       
0000632d  ldexp                              
0000632d  ldexpl                             
00006d35  ltoa                               
0000537f  main                               
000072e1  memccpy                            
000067cf  memcpy                             
00006a15  memset                             
000026df  pcQueueGetName                     
00000b57  pcTaskGetName                      
000044cf  pcTimerGetName                     
00004c11  pvPortMalloc                       
000015e3  pvTaskIncrementMutexHeldCount      
000048b9  pvTimerGetTimerID                  
2000cba8  pwm_width_1                        
2000cbac  pwm_width_2                        
2000cde8  pxCurrentTCB                       
00005d3d  pxPortInitialiseStack              
2000cbc0  receive_packet                     
0000632d  scalbn                             
0000632d  scalbnl                            
2000cbb0  sem_bme280_acq                     
2000cbb4  sem_hcsr04_acq                     
2000cbb8  sem_hcsr04_update                  
0000709d  sprintf                            
00007375  strchr                             
0000739f  strcpy                             
000073b3  strlen                             
2000cbbc  sys_clock_get                      
2000ce4c  t_fine                             
0000533d  timer_callback                     
00002441  ucQueueGetQueueType                
00007bbc  ulMaxSyscallInterruptPriority      
00006651  ulPortGetIPSR                      
00001601  ulTaskNotifyTake                   
000061c3  uxListRemove                       
00002421  uxQueueGetQueueNumber              
000023c3  uxQueueMessagesWaiting             
000023f9  uxQueueMessagesWaitingFromISR      
000023d9  uxQueueSpacesAvailable             
00000b51  uxTaskGetNumberOfTasks             
00000b7d  uxTaskGetSystemState               
00001035  uxTaskGetTaskNumber                
00000611  uxTaskPriorityGet                  
00000641  uxTaskPriorityGetFromISR           
000015c1  uxTaskResetEventItemValue          
000048ed  uxTimerGetTimerNumber              
00005a7d  vCommTask                          
000060e1  vListInitialise                    
00006111  vListInitialiseItem                
0000615d  vListInsert                        
00006121  vListInsertEnd                     
0000670d  vPortEnableVFP                     
00005ddd  vPortEndScheduler                  
00005ddf  vPortEnterCritical                 
00005dff  vPortExitCritical                  
00004d13  vPortFree                          
00004d71  vPortInitialiseBlocks              
000066c9  vPortSVCHandler                    
00005e3b  vPortSetupTimerInterrupt           
000066e9  vPortStartFirstTask                
0000269d  vQueueAddToRegistry                
0000240b  vQueueDelete                       
0000242f  vQueueSetQueueNumber               
0000271f  vQueueUnregisterQueue              
00002763  vQueueWaitForMessageRestricted     
00000541  vTaskDelay                         
000004b1  vTaskDelayUntil                    
00000403  vTaskDelete                        
00000a19  vTaskEndScheduler                  
0000112d  vTaskGetInfo                       
00000f83  vTaskInternalSetTimeOutState       
00001023  vTaskMissedYield                   
0000191d  vTaskNotifyGiveFromISR             
00000dfd  vTaskPlaceOnEventList              
00000e43  vTaskPlaceOnEventListRestricted    
00000e19  vTaskPlaceOnUnorderedEventList     
000014e9  vTaskPriorityDisinheritAfterTimeout
0000068d  vTaskPrioritySet                   
00000ef9  vTaskRemoveFromUnorderedEventList  
000008b5  vTaskResume                        
00001059  vTaskSetTaskNumber                 
00000f65  vTaskSetTimeOutState               
000009bd  vTaskStartScheduler                
000007a5  vTaskSuspend                       
00000a35  vTaskSuspendAll                    
00000d95  vTaskSwitchContext                 
000048d3  vTimerSetTimerID                   
000048fb  vTimerSetTimerNumber               
00007421  wcslen                             
00004d65  xPortGetFreeHeapSize               
00004d6b  xPortGetMinimumEverFreeHeapSize    
00006669  xPortPendSVHandler                 
00005da7  xPortStartScheduler                
00005e15  xPortSysTickHandler                
00001cc9  xQueueCreateCountingSemaphore      
00001c1d  xQueueCreateMutex                  
00001b63  xQueueGenericCreate                
00001ac5  xQueueGenericReset                 
00001ce9  xQueueGenericSend                  
00001e15  xQueueGenericSendFromISR           
00001eaf  xQueueGiveFromISR                  
00001c49  xQueueGiveMutexRecursive           
00002639  xQueueIsQueueEmptyFromISR          
0000267b  xQueueIsQueueFullFromISR           
000021b7  xQueuePeek                         
00002371  xQueuePeekFromISR                  
00001f41  xQueueReceive                      
000022d9  xQueueReceiveFromISR               
2000caa0  xQueueRegistry                     
0000205d  xQueueSemaphoreTake                
00001c85  xQueueTakeMutexRecursive           
00000fa5  xTaskCheckForTimeOut               
00000209  xTaskCreate                        
00001723  xTaskGenericNotify                 
0000180d  xTaskGenericNotifyFromISR          
000012ff  xTaskGetCurrentTaskHandle          
00001319  xTaskGetSchedulerState             
00000b2d  xTaskGetTickCount                  
00000b3d  xTaskGetTickCountFromISR           
00000c71  xTaskIncrementTick                 
000019cb  xTaskNotifyStateClear              
00001681  xTaskNotifyWait                    
00001445  xTaskPriorityDisinherit            
00001365  xTaskPriorityInherit               
00000e7d  xTaskRemoveFromEventList           
00000a49  xTaskResumeAll                     
0000092f  xTaskResumeFromISR                 
000043c1  xTimerCreate                       
00004395  xTimerCreateTimerTask              
00004435  xTimerGenericCommand               
000044b9  xTimerGetExpiryTime                
000044a7  xTimerGetPeriod                    
000044a1  xTimerGetTimerDaemonTaskHandle     
0000488d  xTimerIsTimerActive                


GLOBAL SYMBOLS: SORTED BY Symbol Address 

address   name                               
-------   ----                               
00000000  __TI_static_base__                 
00000000  g_pfnVectors                       
00000200  __STACK_SIZE                       
00000209  xTaskCreate                        
00000403  vTaskDelete                        
000004b1  vTaskDelayUntil                    
00000541  vTaskDelay                         
0000057d  eTaskGetState                      
00000611  uxTaskPriorityGet                  
00000641  uxTaskPriorityGetFromISR           
0000068d  vTaskPrioritySet                   
000007a5  vTaskSuspend                       
000008b5  vTaskResume                        
0000092f  xTaskResumeFromISR                 
000009bd  vTaskStartScheduler                
00000a19  vTaskEndScheduler                  
00000a35  vTaskSuspendAll                    
00000a49  xTaskResumeAll                     
00000b2d  xTaskGetTickCount                  
00000b3d  xTaskGetTickCountFromISR           
00000b51  uxTaskGetNumberOfTasks             
00000b57  pcTaskGetName                      
00000b7d  uxTaskGetSystemState               
00000c71  xTaskIncrementTick                 
00000d95  vTaskSwitchContext                 
00000dfd  vTaskPlaceOnEventList              
00000e19  vTaskPlaceOnUnorderedEventList     
00000e43  vTaskPlaceOnEventListRestricted    
00000e7d  xTaskRemoveFromEventList           
00000ef9  vTaskRemoveFromUnorderedEventList  
00000f65  vTaskSetTimeOutState               
00000f83  vTaskInternalSetTimeOutState       
00000fa5  xTaskCheckForTimeOut               
00001023  vTaskMissedYield                   
00001035  uxTaskGetTaskNumber                
00001059  vTaskSetTaskNumber                 
0000112d  vTaskGetInfo                       
000012ff  xTaskGetCurrentTaskHandle          
00001319  xTaskGetSchedulerState             
00001365  xTaskPriorityInherit               
00001445  xTaskPriorityDisinherit            
000014e9  vTaskPriorityDisinheritAfterTimeout
000015c1  uxTaskResetEventItemValue          
000015e3  pvTaskIncrementMutexHeldCount      
00001601  ulTaskNotifyTake                   
00001681  xTaskNotifyWait                    
00001723  xTaskGenericNotify                 
0000180d  xTaskGenericNotifyFromISR          
0000191d  vTaskNotifyGiveFromISR             
000019cb  xTaskNotifyStateClear              
00001ac5  xQueueGenericReset                 
00001b63  xQueueGenericCreate                
00001c1d  xQueueCreateMutex                  
00001c49  xQueueGiveMutexRecursive           
00001c85  xQueueTakeMutexRecursive           
00001cc9  xQueueCreateCountingSemaphore      
00001ce9  xQueueGenericSend                  
00001e15  xQueueGenericSendFromISR           
00001eaf  xQueueGiveFromISR                  
00001f41  xQueueReceive                      
0000205d  xQueueSemaphoreTake                
000021b7  xQueuePeek                         
000022d9  xQueueReceiveFromISR               
00002371  xQueuePeekFromISR                  
000023c3  uxQueueMessagesWaiting             
000023d9  uxQueueSpacesAvailable             
000023f9  uxQueueMessagesWaitingFromISR      
0000240b  vQueueDelete                       
00002421  uxQueueGetQueueNumber              
0000242f  vQueueSetQueueNumber               
00002441  ucQueueGetQueueType                
00002639  xQueueIsQueueEmptyFromISR          
0000267b  xQueueIsQueueFullFromISR           
0000269d  vQueueAddToRegistry                
000026df  pcQueueGetName                     
0000271f  vQueueUnregisterQueue              
00002763  vQueueWaitForMessageRestricted     
000027c9  __TI_printfi                       
00003227  __aeabi_idiv0                      
00003227  __aeabi_ldiv0                      
00003229  BME280_Init                        
000033a3  BME280_Configure                   
00003409  BME280_compensate_T_double         
00003581  BME280_compensate_P_double         
000037f5  bme280_compensate_H_double         
00003991  BME280_GetCompensatedData          
00003a99  Task_BME280                        
00003d39  UARTStdioConfig                    
00003dbb  UARTwrite                          
00003e61  UARTgets                           
00003edd  UARTgetc                           
00003f45  UARTvprintf                        
0000423f  UARTprintf                         
00004263  UARTRxBytesAvail                   
00004271  UARTTxBytesFree                    
00004285  UARTPeek                           
000042df  UARTFlushRx                        
00004307  UARTFlushTx                        
00004345  UARTEchoSet                        
00004395  xTimerCreateTimerTask              
000043c1  xTimerCreate                       
00004435  xTimerGenericCommand               
000044a1  xTimerGetTimerDaemonTaskHandle     
000044a7  xTimerGetPeriod                    
000044b9  xTimerGetExpiryTime                
000044cf  pcTimerGetName                     
0000488d  xTimerIsTimerActive                
000048b9  pvTimerGetTimerID                  
000048d3  vTimerSetTimerID                   
000048ed  uxTimerGetTimerNumber              
000048fb  vTimerSetTimerNumber               
00004929  TIMER0_Init                        
00004945  TIMER1_Init                        
00004961  PortLIntHandler                    
000049cf  PortHIntHandler                    
00004a3d  HCSR04_1_Init                      
00004a7b  HCSR04_2_Init                      
00004ab9  Task_HCSR04                        
00004c11  pvPortMalloc                       
00004d13  vPortFree                          
00004d65  xPortGetFreeHeapSize               
00004d6b  xPortGetMinimumEverFreeHeapSize    
00004d71  vPortInitialiseBlocks              
0000513d  SysCtlClockFreqSet                 
0000533d  timer_callback                     
0000537f  main                               
000056f9  I2C0_Init                          
00005755  I2C0_Write                         
000057b3  I2C0_Read                          
000058c5  __aeabi_dsub                       
000058cf  __aeabi_dadd                       
00005a7d  vCommTask                          
00005d3d  pxPortInitialiseStack              
00005da7  xPortStartScheduler                
00005ddd  vPortEndScheduler                  
00005ddf  vPortEnterCritical                 
00005dff  vPortExitCritical                  
00005e15  xPortSysTickHandler                
00005e3b  vPortSetupTimerInterrupt           
00005e79  __aeabi_ddiv                       
00005faf  GPIOPadConfigSet                   
000060e1  vListInitialise                    
00006111  vListInitialiseItem                
00006121  vListInsertEnd                     
0000615d  vListInsert                        
000061c3  uxListRemove                       
0000632d  ldexp                              
0000632d  ldexpl                             
0000632d  scalbn                             
0000632d  scalbnl                            
0000643d  UARTStdioIntHandler                
000064a9  UART_Configure                     
000064ef  UARTSend                           
00006545  __aeabi_dmul                       
00006651  ulPortGetIPSR                      
00006669  xPortPendSVHandler                 
000066c9  vPortSVCHandler                    
000066e9  vPortStartFirstTask                
0000670d  vPortEnableVFP                     
000067cf  __aeabi_memcpy                     
000067cf  __aeabi_memcpy4                    
000067cf  __aeabi_memcpy8                    
000067cf  memcpy                             
0000686b  __aeabi_uldivmod                   
00006901  __aeabi_cdcmpeq                    
00006901  __aeabi_cdcmple                    
00006987  __aeabi_cdrcmple                   
00006a0d  __aeabi_memclr                     
00006a0d  __aeabi_memclr4                    
00006a0d  __aeabi_memclr8                    
00006a0f  __aeabi_memset                     
00006a0f  __aeabi_memset4                    
00006a0f  __aeabi_memset8                    
00006a15  memset                             
00006af5  IntEnable                          
00006b5d  __TI_decompress_lzss               
00006bc5  frexp                              
00006bc5  frexpl                             
00006c29  TimerConfigure                     
00006c89  GPIOIntTypeSet                     
00006d35  ltoa                               
00006ddd  SysCtlPeripheralReset              
00006e2d  atoi                               
00006e79  GPIOPinConfigure                   
00006f09  __aeabi_d2iz                       
00006f51  I2CMasterGlitchFilterConfigSet     
00006fd9  __TI_auto_init_nobinit_nopinit     
0000705d  __aeabi_uidiv                      
0000705d  __aeabi_uidivmod                   
0000709d  sprintf                            
0000711d  SysCtlPeripheralReady              
00007155  _c_int00_noargs                    
0000718d  IntRegister                        
000071c1  SysCtlPeripheralDisable            
000071f5  SysCtlPeripheralEnable             
00007229  __aeabi_i2d                        
00007257  GPIODirModeSet                     
000072a1  __aeabi_ui2d                       
000072c1  ResetISR                           
000072e1  memccpy                            
000072fd  GPIOIntRegister                    
00007315  GPIOPinTypeGPIOOutput              
0000732d  TimerDisable                       
00007345  UARTIntRegister                    
00007375  strchr                             
0000738b  copysign                           
0000738b  copysignl                          
0000739f  strcpy                             
000073b3  strlen                             
000073c7  GPIOPinTypeGPIOInput               
000073d9  GPIOPinTypeI2C                     
000073eb  GPIOPinTypeI2CSCL                  
000073fd  GPIOPinTypeUART                    
0000740f  TimerLoadSet                       
00007421  wcslen                             
00007433  GPIOIntStatus                      
00007441  TimerEnable                        
0000744f  UARTCharsAvail                     
0000745d  __TI_decompress_none               
0000746b  GPIOIntEnable                      
00007477  __TI_zero_init                     
00007483  I2CMasterEnable                    
0000748d  TimerValueGet                      
00007497  UARTCharGet                        
000074a1  UARTCharPut                        
000074b5  I2CMasterBusBusy                   
000074bd  I2CMasterBusy                      
000074c5  I2CMasterSlaveAddrSet              
000074cd  UARTIntEnable                      
000074d5  __aeabi_errno_addr                 
000074dd  bzero                              
000074e5  GPIOIntClear                       
000074eb  GPIOPinRead                        
000074f1  GPIOPinWrite                       
000074f7  SysCtlDelay                        
000074fd  I2CMasterControl                   
00007501  I2CMasterDataGet                   
00007505  I2CMasterDataPut                   
00007509  UARTIntClear                       
0000750d  _system_pre_init                   
00007511  C$$EXIT                            
00007511  abort                              
000076c4  _ctypes_                           
00007bbc  ulMaxSyscallInterruptPriority      
00007bd8  __TI_Handler_Table_Base            
00007be4  __TI_Handler_Table_Limit           
00007bf8  __TI_CINIT_Base                    
00007c10  __TI_CINIT_Limit                   
20000000  g_pfnRAMVectors                    
2000caa0  xQueueRegistry                     
2000cb8c  BME280_task_events                 
2000cb90  bme280_queue                       
2000cb94  comm_receive_queue                 
2000cb98  comm_send_queue                    
2000cb9c  comm_task_events                   
2000cba0  comm_task_sem                      
2000cba4  hcsr04_queue                       
2000cba8  pwm_width_1                        
2000cbac  pwm_width_2                        
2000cbb0  sem_bme280_acq                     
2000cbb4  sem_hcsr04_acq                     
2000cbb8  sem_hcsr04_update                  
2000cbbc  sys_clock_get                      
2000cbc0  receive_packet                     
2000cbc3  dig_H1                             
2000cbc4  dig_H2                             
2000cbc6  dig_H4                             
2000cbc8  dig_H5                             
2000cbca  dig_P1                             
2000cbcc  dig_P2                             
2000cbce  dig_P3                             
2000cbd0  dig_P4                             
2000cbd2  dig_P5                             
2000cbd4  dig_P6                             
2000cbd6  dig_P7                             
2000cbd8  dig_P8                             
2000cbda  dig_P9                             
2000cbdc  dig_T1                             
2000cbde  dig_T2                             
2000cbe0  dig_T3                             
2000cbe2  dig_H3                             
2000cbe3  dig_H6                             
2000cbe8  __stack                            
2000cde8  __STACK_END                        
2000cde8  __STACK_TOP                        
2000cde8  pxCurrentTCB                       
2000ce4c  t_fine                             
2000ce58  errno                              
ffffffff  __TI_pprof_out_hndl                
ffffffff  __TI_prof_data_size                
ffffffff  __TI_prof_data_start               
ffffffff  __binit__                          
ffffffff  __c_args__                         
ffffffff  binit                              
UNDEFED   __mpu_init                         
UNDEFED   _system_post_cinit                 

[296 symbols]
