******************************************************************************
                  TI ARM Linker PC v18.1.1                     
******************************************************************************
>> Linked Sun Apr 29 23:52:04 2018

OUTPUT FILE NAME:   <UART_Structure.out>
ENTRY POINT SYMBOL: "_c_int00_noargs"  address: 00007365


MEMORY CONFIGURATION

         name            origin    length      used     unused   attr    fill
----------------------  --------  ---------  --------  --------  ----  --------
  FLASH                 00000000   00100000  00007e1c  000f81e4  R  X
  SRAM                  20000000   00040000  0000ce64  0003319c  RW X


SEGMENT ALLOCATION MAP

run origin  load origin   length   init length attrs members
----------  ----------- ---------- ----------- ----- -------
00000000    00000000    00007e20   00007e20    r-x
  00000000    00000000    00000208   00000208    r-- .intvecs
  00000208    00000208    0000751c   0000751c    r-x .text
  00007724    00007724    000006b0   000006b0    r-- .const
  00007dd8    00007dd8    00000048   00000048    r-- .cinit
20000000    20000000    0000ce68   00000000    rw-
  20000000    20000000    0000026c   00000000    rw- .vtable
  2000026c    2000026c    0000c980   00000000    rw- .bss
  2000cbf0    2000cbf0    00000200   00000000    rw- .stack
  2000cdf0    2000cdf0    00000078   00000000    rw- .data


SECTION ALLOCATION MAP

 output                                  attributes/
section   page    origin      length       input sections
--------  ----  ----------  ----------   ----------------
.intvecs   0    00000000    00000208     
                  00000000    00000208     tm4c1294ncpdt_startup_ccs.obj (.intvecs)

.text      0    00000208    0000751c     
                  00000208    000018bc     tasks.obj (.text)
                  00001ac4    00000d04     queue.obj (.text)
                  000027c8    00000a5e     rtsv7M4_T_le_v4SPD16_eabi.lib : _printfi.c.obj (.text:__TI_printfi)
                  00003226    00000002                                   : div0.asm.obj (.text)
                  00003228    000009e8     bme280.obj (.text)
                  00003c10    00000770     uartstdio.obj (.text)
                  00004380    00000594     timers.obj (.text)
                  00004914    000004c8     hcsr04.obj (.text)
                  00004ddc    000002bc     heap_4.obj (.text)
                  00005098    00000270     rtsv7M4_T_le_v4SPD16_eabi.lib : _printfi.c.obj (.text:_pconv_a)
                  00005308    00000200     driverlib.lib : sysctl.obj (.text:SysCtlClockFreqSet)
                  00005508    000001fc     main.obj (.text)
                  00005704    000001d0     rtsv7M4_T_le_v4SPD16_eabi.lib : _printfi.c.obj (.text:_pconv_g)
                  000058d4    000001cc     i2c0_rw.obj (.text)
                  00005aa0    000001b8     comm_task.obj (.text)
                  00005c58    000001b6     rtsv7M4_T_le_v4SPD16_eabi.lib : fd_add_t2.asm.obj (.text)
                  00005e0e    00000002     --HOLE-- [fill = 0]
                  00005e10    0000013c                                   : _printfi.c.obj (.text:_pconv_e)
                  00005f4c    0000013c     port.obj (.text)
                  00006088    00000136     rtsv7M4_T_le_v4SPD16_eabi.lib : fd_div_t2.asm.obj (.text)
                  000061be    00000132     driverlib.lib : gpio.obj (.text:GPIOPadConfigSet)
                  000062f0    0000012a     list.obj (.text)
                  0000641a    00000002     --HOLE-- [fill = 0]
                  0000641c    00000120     rtsv7M4_T_le_v4SPD16_eabi.lib : _printfi.c.obj (.text:fcvt)
                  0000653c    00000110                                   : s_scalbn.c.obj (.text:scalbn)
                  0000664c    00000108     uart_comm.obj (.text)
                  00006754    000000fc     rtsv7M4_T_le_v4SPD16_eabi.lib : fd_mul_t2.asm.obj (.text)
                  00006850    000000da     portasm.obj (.text)
                  0000692a    00000002     --HOLE-- [fill = 0]
                  0000692c    000000b1     rtsv7M4_T_le_v4SPD16_eabi.lib : _printfi.c.obj (.text:_ltostr)
                  000069dd    00000001     --HOLE-- [fill = 0]
                  000069de    0000009c                                   : memcpy_t2.asm.obj (.text)
                  00006a7a    00000096                                   : ull_div_t2.asm.obj (.text)
                  00006b10    00000086                                   : fd_cmp_t2.asm.obj (.text:__aeabi_cdcmple)
                  00006b96    00000086                                   : fd_cmp_t2.asm.obj (.text:__aeabi_cdrcmple)
                  00006c1c    0000007a                                   : memset_t2.asm.obj (.text)
                  00006c96    0000006e                                   : _printfi.c.obj (.text:_mcpy)
                  00006d04    00000068     driverlib.lib : interrupt.obj (.text:IntEnable)
                  00006d6c    00000068     rtsv7M4_T_le_v4SPD16_eabi.lib : copy_decompress_lzss.c.obj (.text:decompress:lzss:__TI_decompress_lzss)
                  00006dd4    00000064                                   : s_frexp.c.obj (.text:frexp)
                  00006e38    00000060     driverlib.lib : timer.obj (.text:TimerConfigure)
                  00006e98    00000056                   : gpio.obj (.text:GPIOIntTypeSet)
                  00006eee    00000056     rtsv7M4_T_le_v4SPD16_eabi.lib : _printfi.c.obj (.text:_pconv_f)
                  00006f44    00000054                                   : ltoa.c.obj (.text:ltoa)
                  00006f98    00000052                                   : _printfi.c.obj (.text:_ecpy)
                  00006fea    00000002     --HOLE-- [fill = 0]
                  00006fec    00000050     driverlib.lib : sysctl.obj (.text:SysCtlPeripheralReset)
                  0000703c    0000004c     rtsv7M4_T_le_v4SPD16_eabi.lib : atoi.c.obj (.text:atoi)
                  00007088    00000048     driverlib.lib : gpio.obj (.text:GPIOPinConfigure)
                  000070d0    00000048                   : sysctl.obj (.text:_SysCtlFrequencyGet)
                  00007118    00000048     rtsv7M4_T_le_v4SPD16_eabi.lib : fd_toi_t2.asm.obj (.text)
                  00007160    00000044     driverlib.lib : i2c.obj (.text:I2CMasterGlitchFilterConfigSet)
                  000071a4    00000044                   : gpio.obj (.text:_GPIOIntNumberGet)
                  000071e8    00000044     rtsv7M4_T_le_v4SPD16_eabi.lib : autoinit.c.obj (.text:__TI_auto_init_nobinit_nopinit:__TI_auto_init_nobinit_nopinit)
                  0000722c    00000040     driverlib.lib : uart.obj (.text:_UARTIntNumberGet)
                  0000726c    00000040     rtsv7M4_T_le_v4SPD16_eabi.lib : u_divt2.asm.obj (.text)
                  000072ac    00000040                                   : sprintf.c.obj (.text:sprintf)
                  000072ec    0000003e                                   : _printfi.c.obj (.text:_fcpy)
                  0000732a    00000002     --HOLE-- [fill = 0]
                  0000732c    00000038     driverlib.lib : sysctl.obj (.text:SysCtlPeripheralReady)
                  00007364    00000038     rtsv7M4_T_le_v4SPD16_eabi.lib : boot_cortex_m.c.obj (.text:_c_int00_noargs:_c_int00_noargs)
                  0000739c    00000034     driverlib.lib : interrupt.obj (.text:IntRegister)
                  000073d0    00000034                   : sysctl.obj (.text:SysCtlPeripheralDisable)
                  00007404    00000034                   : sysctl.obj (.text:SysCtlPeripheralEnable)
                  00007438    0000002e     rtsv7M4_T_le_v4SPD16_eabi.lib : i_tofd_t2.asm.obj (.text)
                  00007466    0000002a     driverlib.lib : gpio.obj (.text:GPIODirModeSet)
                  00007490    00000020                   : sysctl.obj (.text:_SysCtlMemTimingGet)
                  000074b0    00000020     rtsv7M4_T_le_v4SPD16_eabi.lib : u_tofd_t2.asm.obj (.text)
                  000074d0    00000020     tm4c1294ncpdt_startup_ccs.obj (.text)
                  000074f0    0000001c     rtsv7M4_T_le_v4SPD16_eabi.lib : memccpy.c.obj (.text:memccpy)
                  0000750c    00000018     driverlib.lib : gpio.obj (.text:GPIOIntRegister)
                  00007524    00000018                   : gpio.obj (.text:GPIOPinTypeGPIOOutput)
                  0000753c    00000018                   : timer.obj (.text:TimerDisable)
                  00007554    00000018                   : uart.obj (.text:UARTIntRegister)
                  0000756c    00000018     rtsv7M4_T_le_v4SPD16_eabi.lib : sprintf.c.obj (.text:_outs)
                  00007584    00000016                                   : strchr.c.obj (.text:strchr)
                  0000759a    00000014                                   : s_copysign.c.obj (.text:copysign)
                  000075ae    00000014                                   : strcpy.c.obj (.text:strcpy)
                  000075c2    00000014                                   : strlen.c.obj (.text:strlen)
                  000075d6    00000012     driverlib.lib : gpio.obj (.text:GPIOPinTypeGPIOInput)
                  000075e8    00000012                   : gpio.obj (.text:GPIOPinTypeI2C)
                  000075fa    00000012                   : gpio.obj (.text:GPIOPinTypeI2CSCL)
                  0000760c    00000012                   : gpio.obj (.text:GPIOPinTypeUART)
                  0000761e    00000012                   : timer.obj (.text:TimerLoadSet)
                  00007630    00000012     rtsv7M4_T_le_v4SPD16_eabi.lib : wcslen.c.obj (.text:wcslen)
                  00007642    0000000e     driverlib.lib : gpio.obj (.text:GPIOIntStatus)
                  00007650    0000000e                   : timer.obj (.text:TimerEnable)
                  0000765e    0000000e                   : uart.obj (.text:UARTCharsAvail)
                  0000766c    0000000e     rtsv7M4_T_le_v4SPD16_eabi.lib : copy_decompress_none.c.obj (.text:decompress:none:__TI_decompress_none)
                  0000767a    0000000c     driverlib.lib : gpio.obj (.text:GPIOIntEnable)
                  00007686    0000000c     rtsv7M4_T_le_v4SPD16_eabi.lib : copy_zero_init.c.obj (.text:decompress:ZI:__TI_zero_init)
                  00007692    0000000a     driverlib.lib : i2c.obj (.text:I2CMasterEnable)
                  0000769c    0000000a                   : timer.obj (.text:TimerValueGet)
                  000076a6    0000000a                   : uart.obj (.text:UARTCharGet)
                  000076b0    0000000a                   : uart.obj (.text:UARTCharPut)
                  000076ba    0000000a     rtsv7M4_T_le_v4SPD16_eabi.lib : sprintf.c.obj (.text:_outc)
                  000076c4    00000008     driverlib.lib : i2c.obj (.text:I2CMasterBusBusy)
                  000076cc    00000008                   : i2c.obj (.text:I2CMasterBusy)
                  000076d4    00000008                   : i2c.obj (.text:I2CMasterSlaveAddrSet)
                  000076dc    00000008                   : uart.obj (.text:UARTIntEnable)
                  000076e4    00000008     rtsv7M4_T_le_v4SPD16_eabi.lib : errno.c.obj (.text:__aeabi_errno_addr)
                  000076ec    00000008                                   : bzero.c.obj (.text:bzero)
                  000076f4    00000006     driverlib.lib : gpio.obj (.text:GPIOIntClear)
                  000076fa    00000006                   : gpio.obj (.text:GPIOPinRead)
                  00007700    00000006                   : gpio.obj (.text:GPIOPinWrite)
                  00007706    00000006                   : sysctl.obj (.text:SysCtlDelay)
                  0000770c    00000004                   : i2c.obj (.text:I2CMasterControl)
                  00007710    00000004                   : i2c.obj (.text:I2CMasterDataGet)
                  00007714    00000004                   : i2c.obj (.text:I2CMasterDataPut)
                  00007718    00000004                   : uart.obj (.text:UARTIntClear)
                  0000771c    00000004     rtsv7M4_T_le_v4SPD16_eabi.lib : pre_init.c.obj (.text:_system_pre_init)
                  00007720    00000004                                   : exit.c.obj (.text:abort:abort)

.const     0    00007724    000006b0     
                  00007724    000001b0     driverlib.lib : sysctl.obj (.const:g_pppui32XTALtoVCO)
                  000078d4    00000101     rtsv7M4_T_le_v4SPD16_eabi.lib : ctype.c.obj (.const:.string:_ctypes_)
                  000079d5    00000003     --HOLE-- [fill = 0]
                  000079d8    000000d8     driverlib.lib : gpio.obj (.const:g_ppui32GPIOIntMapSnowflake)
                  00007ab0    000000c0                   : gpio.obj (.const:g_ppui32GPIOIntMapBlizzard)
                  00007b70    00000090                   : gpio.obj (.const:g_pui32GPIOBaseAddrs)
                  00007c00    00000070                   : interrupt.obj (.const)
                  00007c70    0000006c                   : sysctl.obj (.const:g_pui32Xtals)
                  00007cdc    00000040                   : uart.obj (.const:g_ppui32UARTIntMap)
                  00007d1c    00000040                   : uart.obj (.const:g_ppui32UARTIntMapSnowflake)
                  00007d5c    00000030                   : sysctl.obj (.const:g_sXTALtoMEMTIM)
                  00007d8c    00000012     uartstdio.obj (.const:.string)
                  00007d9e    00000002     --HOLE-- [fill = 0]
                  00007da0    0000000c     uartstdio.obj (.const:g_ui32UARTBase)
                  00007dac    0000000c     uartstdio.obj (.const:g_ui32UARTInt)
                  00007db8    0000000c     uartstdio.obj (.const:g_ui32UARTPeriph)
                  00007dc4    00000008     driverlib.lib : sysctl.obj (.const)
                  00007dcc    00000004     port.obj (.const)
                  00007dd0    00000004     uartstdio.obj (.const)

.cinit     0    00007dd8    00000048     
                  00007dd8    0000000d     (.cinit..data.load) [load image, compression = lzss]
                  00007de5    00000003     --HOLE-- [fill = 0]
                  00007de8    0000000c     (__TI_handler_table)
                  00007df4    00000004     --HOLE-- [fill = 0]
                  00007df8    00000008     (.cinit..bss.load) [load image, compression = zero_init]
                  00007e00    00000008     (.cinit..vtable.load) [load image, compression = zero_init]
                  00007e08    00000018     (__TI_cinit_table)

.init_array 
*          0    00000000    00000000     UNINITIALIZED

.vtable    0    20000000    0000026c     UNINITIALIZED
                  20000000    0000026c     driverlib.lib : interrupt.obj (.vtable)

.bss       0    2000026c    0000c980     UNINITIALIZED
                  2000026c    0000c350     heap_4.obj (.bss:ucHeap)
                  2000c5bc    00000400     uartstdio.obj (.bss:g_pcUARTTxBuffer)
                  2000c9bc    00000080     uartstdio.obj (.bss:g_pcUARTRxBuffer)
                  2000ca3c    00000064     tasks.obj (.bss:pxReadyTasksLists)
                  2000caa0    00000040     (.common:xQueueRegistry)
                  2000cae0    00000014     timers.obj (.bss:xActiveTimerList1)
                  2000caf4    00000014     timers.obj (.bss:xActiveTimerList2)
                  2000cb08    00000014     tasks.obj (.bss:xDelayedTaskList1)
                  2000cb1c    00000014     tasks.obj (.bss:xDelayedTaskList2)
                  2000cb30    00000014     tasks.obj (.bss:xPendingReadyList)
                  2000cb44    00000014     tasks.obj (.bss:xSuspendedTaskList)
                  2000cb58    00000014     tasks.obj (.bss:xTasksWaitingTermination)
                  2000cb6c    00000008     tasks.obj (.bss)
                  2000cb74    00000008     timers.obj (.bss)
                  2000cb7c    00000008     uartstdio.obj (.bss)
                  2000cb84    00000008     heap_4.obj (.bss:xStart)
                  2000cb8c    00000004     (.common:BME280_task_events)
                  2000cb90    00000004     (.common:bme280_queue)
                  2000cb94    00000004     (.common:comm_receive_queue)
                  2000cb98    00000004     (.common:comm_send_queue)
                  2000cb9c    00000004     (.common:comm_task_events)
                  2000cba0    00000004     (.common:comm_task_sem)
                  2000cba4    00000004     (.common:hcsr04_queue)
                  2000cba8    00000004     (.common:number_of_people)
                  2000cbac    00000004     (.common:pwm_width_1)
                  2000cbb0    00000004     (.common:pwm_width_2)
                  2000cbb4    00000004     (.common:sem_bme280_acq)
                  2000cbb8    00000004     (.common:sem_hcsr04_acq)
                  2000cbbc    00000004     (.common:sem_hcsr04_cmd)
                  2000cbc0    00000004     (.common:sem_hcsr04_update)
                  2000cbc4    00000004     (.common:sys_clock_get)
                  2000cbc8    00000003     (.common:receive_packet)
                  2000cbcb    00000001     (.common:dig_H1)
                  2000cbcc    00000002     (.common:dig_H2)
                  2000cbce    00000002     (.common:dig_H4)
                  2000cbd0    00000002     (.common:dig_H5)
                  2000cbd2    00000002     (.common:dig_P1)
                  2000cbd4    00000002     (.common:dig_P2)
                  2000cbd6    00000002     (.common:dig_P3)
                  2000cbd8    00000002     (.common:dig_P4)
                  2000cbda    00000002     (.common:dig_P5)
                  2000cbdc    00000002     (.common:dig_P6)
                  2000cbde    00000002     (.common:dig_P7)
                  2000cbe0    00000002     (.common:dig_P8)
                  2000cbe2    00000002     (.common:dig_P9)
                  2000cbe4    00000002     (.common:dig_T1)
                  2000cbe6    00000002     (.common:dig_T2)
                  2000cbe8    00000002     (.common:dig_T3)
                  2000cbea    00000001     (.common:dig_H3)
                  2000cbeb    00000001     (.common:dig_H6)

.data      0    2000cdf0    00000078     UNINITIALIZED
                  2000cdf0    00000034     tasks.obj (.data)
                  2000ce24    00000014     uartstdio.obj (.data)
                  2000ce38    00000010     heap_4.obj (.data)
                  2000ce48    0000000c     timers.obj (.data)
                  2000ce54    00000004     bme280.obj (.data)
                  2000ce58    00000004     main.obj (.data)
                  2000ce5c    00000004     port.obj (.data)
                  2000ce60    00000004     rtsv7M4_T_le_v4SPD16_eabi.lib : errno.c.obj (.data)
                  2000ce64    00000004     uart_comm.obj (.data)

.stack     0    2000cbf0    00000200     UNINITIALIZED
                  2000cbf0    00000004     rtsv7M4_T_le_v4SPD16_eabi.lib : boot_cortex_m.c.obj (.stack)
                  2000cbf4    000001fc     --HOLE--

MODULE SUMMARY

       Module                          code    ro data   rw data
       ------                          ----    -------   -------
    .\
       heap_4.obj                      700     0         50024  
       main.obj                        508     0         59     
       tm4c1294ncpdt_startup_ccs.obj   32      520       0      
    +--+-------------------------------+-------+---------+---------+
       Total:                          1240    520       50083  
                                                                
    .\FreeRTOS\
       tasks.obj                       6332    0         260    
       queue.obj                       3332    0         64     
       timers.obj                      1428    0         60     
       port.obj                        316     4         4      
       list.obj                        298     0         0      
       portasm.obj                     218     0         0      
    +--+-------------------------------+-------+---------+---------+
       Total:                          11924   4         388    
                                                                
    .\UART\
       uartstdio.obj                   1904    58        1180   
       uart_comm.obj                   264     0         4      
    +--+-------------------------------+-------+---------+---------+
       Total:                          2168    58        1184   
                                                                
    .\src\
       bme280.obj                      2536    0         37     
       hcsr04.obj                      1224    0         8      
       i2c0_rw.obj                     460     0         0      
       comm_task.obj                   440     0         0      
    +--+-------------------------------+-------+---------+---------+
       Total:                          4660    0         45     
                                                                
    C:/ti/TivaWare_C_Series-2.1.4.178/driverlib/ccs/Debug/driverlib.lib
       sysctl.obj                      862     596       0      
       gpio.obj                        738     552       0      
       interrupt.obj                   156     112       620    
       uart.obj                        134     128       0      
       timer.obj                       162     0         0      
       i2c.obj                         114     0         0      
    +--+-------------------------------+-------+---------+---------+
       Total:                          2166    1388      620    
                                                                
    C:\ti\ccsv8\tools\compiler\ti-cgt-arm_18.1.1.LTS\lib\rtsv7M4_T_le_v4SPD16_eabi.lib
       _printfi.c.obj                  4863    0         0      
       fd_add_t2.asm.obj               438     0         0      
       fd_div_t2.asm.obj               310     0         0      
       s_scalbn.c.obj                  272     0         0      
       fd_cmp_t2.asm.obj               268     0         0      
       ctype.c.obj                     0       257       0      
       fd_mul_t2.asm.obj               252     0         0      
       memcpy_t2.asm.obj               156     0         0      
       ull_div_t2.asm.obj              150     0         0      
       memset_t2.asm.obj               122     0         0      
       copy_decompress_lzss.c.obj      104     0         0      
       s_frexp.c.obj                   100     0         0      
       sprintf.c.obj                   98      0         0      
       ltoa.c.obj                      84      0         0      
       atoi.c.obj                      76      0         0      
       fd_toi_t2.asm.obj               72      0         0      
       autoinit.c.obj                  68      0         0      
       u_divt2.asm.obj                 64      0         0      
       boot_cortex_m.c.obj             56      0         0      
       i_tofd_t2.asm.obj               46      0         0      
       u_tofd_t2.asm.obj               32      0         0      
       memccpy.c.obj                   28      0         0      
       strchr.c.obj                    22      0         0      
       s_copysign.c.obj                20      0         0      
       strcpy.c.obj                    20      0         0      
       strlen.c.obj                    20      0         0      
       wcslen.c.obj                    18      0         0      
       copy_decompress_none.c.obj      14      0         0      
       copy_zero_init.c.obj            12      0         0      
       errno.c.obj                     8       0         4      
       bzero.c.obj                     8       0         0      
       exit.c.obj                      4       0         0      
       pre_init.c.obj                  4       0         0      
       div0.asm.obj                    2       0         0      
    +--+-------------------------------+-------+---------+---------+
       Total:                          7811    257       4      
                                                                
       Stack:                          0       0         512    
       Linker Generated:               0       65        0      
    +--+-------------------------------+-------+---------+---------+
       Grand Total:                    29969   2292      52836  


LINKER GENERATED COPY TABLES

__TI_cinit_table @ 00007e08 records: 3, size/record: 8, table size: 24
	.data: load addr=00007dd8, load size=0000000d bytes, run addr=2000cdf0, run size=00000078 bytes, compression=lzss
	.bss: load addr=00007df8, load size=00000008 bytes, run addr=2000026c, run size=0000c980 bytes, compression=zero_init
	.vtable: load addr=00007e00, load size=00000008 bytes, run addr=20000000, run size=0000026c bytes, compression=zero_init


LINKER GENERATED HANDLER TABLE

__TI_handler_table @ 00007de8 records: 3, size/record: 4, table size: 12
	index: 0, handler: __TI_zero_init
	index: 1, handler: __TI_decompress_lzss
	index: 2, handler: __TI_decompress_none


GLOBAL SYMBOLS: SORTED ALPHABETICALLY BY Name 

address   name                               
-------   ----                               
000033a3  BME280_Configure                   
00003991  BME280_GetCompensatedData          
00003229  BME280_Init                        
00003581  BME280_compensate_P_double         
00003409  BME280_compensate_T_double         
2000cb8c  BME280_task_events                 
00007721  C$$EXIT                            
00007467  GPIODirModeSet                     
000076f5  GPIOIntClear                       
0000767b  GPIOIntEnable                      
0000750d  GPIOIntRegister                    
00007643  GPIOIntStatus                      
00006e99  GPIOIntTypeSet                     
000061bf  GPIOPadConfigSet                   
00007089  GPIOPinConfigure                   
000076fb  GPIOPinRead                        
000075d7  GPIOPinTypeGPIOInput               
00007525  GPIOPinTypeGPIOOutput              
000075e9  GPIOPinTypeI2C                     
000075fb  GPIOPinTypeI2CSCL                  
0000760d  GPIOPinTypeUART                    
00007701  GPIOPinWrite                       
00004a29  HCSR04_1_Init                      
00004a67  HCSR04_2_Init                      
000058d5  I2C0_Init                          
0000598f  I2C0_Read                          
00005931  I2C0_Write                         
000076c5  I2CMasterBusBusy                   
000076cd  I2CMasterBusy                      
0000770d  I2CMasterControl                   
00007711  I2CMasterDataGet                   
00007715  I2CMasterDataPut                   
00007693  I2CMasterEnable                    
00007161  I2CMasterGlitchFilterConfigSet     
000076d5  I2CMasterSlaveAddrSet              
00006d05  IntEnable                          
0000739d  IntRegister                        
000049bb  PortHIntHandler                    
0000494d  PortLIntHandler                    
000074d1  ResetISR                           
00005309  SysCtlClockFreqSet                 
00007707  SysCtlDelay                        
000073d1  SysCtlPeripheralDisable            
00007405  SysCtlPeripheralEnable             
0000732d  SysCtlPeripheralReady              
00006fed  SysCtlPeripheralReset              
00004915  TIMER0_Init                        
00004931  TIMER1_Init                        
00003a8d  Task_BME280                        
00004af1  Task_HCSR04                        
00004aa5  Task_HCSR04_Cmd_Handling           
00006e39  TimerConfigure                     
0000753d  TimerDisable                       
00007651  TimerEnable                        
0000761f  TimerLoadSet                       
0000769d  TimerValueGet                      
000076a7  UARTCharGet                        
000076b1  UARTCharPut                        
0000765f  UARTCharsAvail                     
00004331  UARTEchoSet                        
000042cb  UARTFlushRx                        
000042f3  UARTFlushTx                        
00007719  UARTIntClear                       
000076dd  UARTIntEnable                      
00007555  UARTIntRegister                    
00004271  UARTPeek                           
0000424f  UARTRxBytesAvail                   
000066ff  UARTSend                           
00003d25  UARTStdioConfig                    
0000664d  UARTStdioIntHandler                
0000425d  UARTTxBytesFree                    
000066b9  UART_Configure                     
00003ec9  UARTgetc                           
00003e4d  UARTgets                           
0000422b  UARTprintf                         
00003f31  UARTvprintf                        
00003da7  UARTwrite                          
2000cdf0  __STACK_END                        
00000200  __STACK_SIZE                       
2000cdf0  __STACK_TOP                        
00007e08  __TI_CINIT_Base                    
00007e20  __TI_CINIT_Limit                   
00007de8  __TI_Handler_Table_Base            
00007df4  __TI_Handler_Table_Limit           
000071e9  __TI_auto_init_nobinit_nopinit     
00006d6d  __TI_decompress_lzss               
0000766d  __TI_decompress_none               
ffffffff  __TI_pprof_out_hndl                
000027c9  __TI_printfi                       
ffffffff  __TI_prof_data_size                
ffffffff  __TI_prof_data_start               
00000000  __TI_static_base__                 
00007687  __TI_zero_init                     
00006b11  __aeabi_cdcmpeq                    
00006b11  __aeabi_cdcmple                    
00006b97  __aeabi_cdrcmple                   
00007119  __aeabi_d2iz                       
00005c63  __aeabi_dadd                       
00006089  __aeabi_ddiv                       
00006755  __aeabi_dmul                       
00005c59  __aeabi_dsub                       
000076e5  __aeabi_errno_addr                 
00007439  __aeabi_i2d                        
00003227  __aeabi_idiv0                      
00003227  __aeabi_ldiv0                      
00006c1d  __aeabi_memclr                     
00006c1d  __aeabi_memclr4                    
00006c1d  __aeabi_memclr8                    
000069df  __aeabi_memcpy                     
000069df  __aeabi_memcpy4                    
000069df  __aeabi_memcpy8                    
00006c1f  __aeabi_memset                     
00006c1f  __aeabi_memset4                    
00006c1f  __aeabi_memset8                    
000074b1  __aeabi_ui2d                       
0000726d  __aeabi_uidiv                      
0000726d  __aeabi_uidivmod                   
00006a7b  __aeabi_uldivmod                   
ffffffff  __binit__                          
ffffffff  __c_args__                         
UNDEFED   __mpu_init                         
2000cbf0  __stack                            
00007365  _c_int00_noargs                    
000078d4  _ctypes_                           
UNDEFED   _system_post_cinit                 
0000771d  _system_pre_init                   
00007721  abort                              
0000703d  atoi                               
ffffffff  binit                              
000037f5  bme280_compensate_H_double         
2000cb90  bme280_queue                       
000076ed  bzero                              
2000cb94  comm_receive_queue                 
2000cb98  comm_send_queue                    
2000cb9c  comm_task_events                   
2000cba0  comm_task_sem                      
0000759b  copysign                           
0000759b  copysignl                          
2000cbcb  dig_H1                             
2000cbcc  dig_H2                             
2000cbea  dig_H3                             
2000cbce  dig_H4                             
2000cbd0  dig_H5                             
2000cbeb  dig_H6                             
2000cbd2  dig_P1                             
2000cbd4  dig_P2                             
2000cbd6  dig_P3                             
2000cbd8  dig_P4                             
2000cbda  dig_P5                             
2000cbdc  dig_P6                             
2000cbde  dig_P7                             
2000cbe0  dig_P8                             
2000cbe2  dig_P9                             
2000cbe4  dig_T1                             
2000cbe6  dig_T2                             
2000cbe8  dig_T3                             
0000057d  eTaskGetState                      
2000ce60  errno                              
00006dd5  frexp                              
00006dd5  frexpl                             
20000000  g_pfnRAMVectors                    
00000000  g_pfnVectors                       
2000cba4  hcsr04_queue                       
0000653d  ldexp                              
0000653d  ldexpl                             
00006f45  ltoa                               
0000554b  main                               
000074f1  memccpy                            
000069df  memcpy                             
00006c25  memset                             
2000cba8  number_of_people                   
000026df  pcQueueGetName                     
00000b57  pcTaskGetName                      
000044bb  pcTimerGetName                     
00004ddd  pvPortMalloc                       
000015e3  pvTaskIncrementMutexHeldCount      
000048a5  pvTimerGetTimerID                  
2000cbac  pwm_width_1                        
2000cbb0  pwm_width_2                        
2000cdf0  pxCurrentTCB                       
00005f4d  pxPortInitialiseStack              
2000cbc8  receive_packet                     
0000653d  scalbn                             
0000653d  scalbnl                            
2000cbb4  sem_bme280_acq                     
2000cbb8  sem_hcsr04_acq                     
2000cbbc  sem_hcsr04_cmd                     
2000cbc0  sem_hcsr04_update                  
000072ad  sprintf                            
00007585  strchr                             
000075af  strcpy                             
000075c3  strlen                             
2000cbc4  sys_clock_get                      
2000ce54  t_fine                             
00005509  timer_callback                     
00002441  ucQueueGetQueueType                
00007dcc  ulMaxSyscallInterruptPriority      
00006861  ulPortGetIPSR                      
00001601  ulTaskNotifyTake                   
000063d3  uxListRemove                       
00002421  uxQueueGetQueueNumber              
000023c3  uxQueueMessagesWaiting             
000023f9  uxQueueMessagesWaitingFromISR      
000023d9  uxQueueSpacesAvailable             
00000b51  uxTaskGetNumberOfTasks             
00000b7d  uxTaskGetSystemState               
00001035  uxTaskGetTaskNumber                
00000611  uxTaskPriorityGet                  
00000641  uxTaskPriorityGetFromISR           
000015c1  uxTaskResetEventItemValue          
000048d9  uxTimerGetTimerNumber              
00005aa1  vCommTask                          
000062f1  vListInitialise                    
00006321  vListInitialiseItem                
0000636d  vListInsert                        
00006331  vListInsertEnd                     
0000691d  vPortEnableVFP                     
00005fed  vPortEndScheduler                  
00005fef  vPortEnterCritical                 
0000600f  vPortExitCritical                  
00004edf  vPortFree                          
00004f3d  vPortInitialiseBlocks              
000068d9  vPortSVCHandler                    
0000604b  vPortSetupTimerInterrupt           
000068f9  vPortStartFirstTask                
0000269d  vQueueAddToRegistry                
0000240b  vQueueDelete                       
0000242f  vQueueSetQueueNumber               
0000271f  vQueueUnregisterQueue              
00002763  vQueueWaitForMessageRestricted     
00000541  vTaskDelay                         
000004b1  vTaskDelayUntil                    
00000403  vTaskDelete                        
00000a19  vTaskEndScheduler                  
0000112d  vTaskGetInfo                       
00000f83  vTaskInternalSetTimeOutState       
00001023  vTaskMissedYield                   
0000191d  vTaskNotifyGiveFromISR             
00000dfd  vTaskPlaceOnEventList              
00000e43  vTaskPlaceOnEventListRestricted    
00000e19  vTaskPlaceOnUnorderedEventList     
000014e9  vTaskPriorityDisinheritAfterTimeout
0000068d  vTaskPrioritySet                   
00000ef9  vTaskRemoveFromUnorderedEventList  
000008b5  vTaskResume                        
00001059  vTaskSetTaskNumber                 
00000f65  vTaskSetTimeOutState               
000009bd  vTaskStartScheduler                
000007a5  vTaskSuspend                       
00000a35  vTaskSuspendAll                    
00000d95  vTaskSwitchContext                 
000048bf  vTimerSetTimerID                   
000048e7  vTimerSetTimerNumber               
00007631  wcslen                             
00004f31  xPortGetFreeHeapSize               
00004f37  xPortGetMinimumEverFreeHeapSize    
00006879  xPortPendSVHandler                 
00005fb7  xPortStartScheduler                
00006025  xPortSysTickHandler                
00001cc9  xQueueCreateCountingSemaphore      
00001c1d  xQueueCreateMutex                  
00001b63  xQueueGenericCreate                
00001ac5  xQueueGenericReset                 
00001ce9  xQueueGenericSend                  
00001e15  xQueueGenericSendFromISR           
00001eaf  xQueueGiveFromISR                  
00001c49  xQueueGiveMutexRecursive           
00002639  xQueueIsQueueEmptyFromISR          
0000267b  xQueueIsQueueFullFromISR           
000021b7  xQueuePeek                         
00002371  xQueuePeekFromISR                  
00001f41  xQueueReceive                      
000022d9  xQueueReceiveFromISR               
2000caa0  xQueueRegistry                     
0000205d  xQueueSemaphoreTake                
00001c85  xQueueTakeMutexRecursive           
00000fa5  xTaskCheckForTimeOut               
00000209  xTaskCreate                        
00001723  xTaskGenericNotify                 
0000180d  xTaskGenericNotifyFromISR          
000012ff  xTaskGetCurrentTaskHandle          
00001319  xTaskGetSchedulerState             
00000b2d  xTaskGetTickCount                  
00000b3d  xTaskGetTickCountFromISR           
00000c71  xTaskIncrementTick                 
000019cb  xTaskNotifyStateClear              
00001681  xTaskNotifyWait                    
00001445  xTaskPriorityDisinherit            
00001365  xTaskPriorityInherit               
00000e7d  xTaskRemoveFromEventList           
00000a49  xTaskResumeAll                     
0000092f  xTaskResumeFromISR                 
000043ad  xTimerCreate                       
00004381  xTimerCreateTimerTask              
00004421  xTimerGenericCommand               
000044a5  xTimerGetExpiryTime                
00004493  xTimerGetPeriod                    
0000448d  xTimerGetTimerDaemonTaskHandle     
00004879  xTimerIsTimerActive                


GLOBAL SYMBOLS: SORTED BY Symbol Address 

address   name                               
-------   ----                               
00000000  __TI_static_base__                 
00000000  g_pfnVectors                       
00000200  __STACK_SIZE                       
00000209  xTaskCreate                        
00000403  vTaskDelete                        
000004b1  vTaskDelayUntil                    
00000541  vTaskDelay                         
0000057d  eTaskGetState                      
00000611  uxTaskPriorityGet                  
00000641  uxTaskPriorityGetFromISR           
0000068d  vTaskPrioritySet                   
000007a5  vTaskSuspend                       
000008b5  vTaskResume                        
0000092f  xTaskResumeFromISR                 
000009bd  vTaskStartScheduler                
00000a19  vTaskEndScheduler                  
00000a35  vTaskSuspendAll                    
00000a49  xTaskResumeAll                     
00000b2d  xTaskGetTickCount                  
00000b3d  xTaskGetTickCountFromISR           
00000b51  uxTaskGetNumberOfTasks             
00000b57  pcTaskGetName                      
00000b7d  uxTaskGetSystemState               
00000c71  xTaskIncrementTick                 
00000d95  vTaskSwitchContext                 
00000dfd  vTaskPlaceOnEventList              
00000e19  vTaskPlaceOnUnorderedEventList     
00000e43  vTaskPlaceOnEventListRestricted    
00000e7d  xTaskRemoveFromEventList           
00000ef9  vTaskRemoveFromUnorderedEventList  
00000f65  vTaskSetTimeOutState               
00000f83  vTaskInternalSetTimeOutState       
00000fa5  xTaskCheckForTimeOut               
00001023  vTaskMissedYield                   
00001035  uxTaskGetTaskNumber                
00001059  vTaskSetTaskNumber                 
0000112d  vTaskGetInfo                       
000012ff  xTaskGetCurrentTaskHandle          
00001319  xTaskGetSchedulerState             
00001365  xTaskPriorityInherit               
00001445  xTaskPriorityDisinherit            
000014e9  vTaskPriorityDisinheritAfterTimeout
000015c1  uxTaskResetEventItemValue          
000015e3  pvTaskIncrementMutexHeldCount      
00001601  ulTaskNotifyTake                   
00001681  xTaskNotifyWait                    
00001723  xTaskGenericNotify                 
0000180d  xTaskGenericNotifyFromISR          
0000191d  vTaskNotifyGiveFromISR             
000019cb  xTaskNotifyStateClear              
00001ac5  xQueueGenericReset                 
00001b63  xQueueGenericCreate                
00001c1d  xQueueCreateMutex                  
00001c49  xQueueGiveMutexRecursive           
00001c85  xQueueTakeMutexRecursive           
00001cc9  xQueueCreateCountingSemaphore      
00001ce9  xQueueGenericSend                  
00001e15  xQueueGenericSendFromISR           
00001eaf  xQueueGiveFromISR                  
00001f41  xQueueReceive                      
0000205d  xQueueSemaphoreTake                
000021b7  xQueuePeek                         
000022d9  xQueueReceiveFromISR               
00002371  xQueuePeekFromISR                  
000023c3  uxQueueMessagesWaiting             
000023d9  uxQueueSpacesAvailable             
000023f9  uxQueueMessagesWaitingFromISR      
0000240b  vQueueDelete                       
00002421  uxQueueGetQueueNumber              
0000242f  vQueueSetQueueNumber               
00002441  ucQueueGetQueueType                
00002639  xQueueIsQueueEmptyFromISR          
0000267b  xQueueIsQueueFullFromISR           
0000269d  vQueueAddToRegistry                
000026df  pcQueueGetName                     
0000271f  vQueueUnregisterQueue              
00002763  vQueueWaitForMessageRestricted     
000027c9  __TI_printfi                       
00003227  __aeabi_idiv0                      
00003227  __aeabi_ldiv0                      
00003229  BME280_Init                        
000033a3  BME280_Configure                   
00003409  BME280_compensate_T_double         
00003581  BME280_compensate_P_double         
000037f5  bme280_compensate_H_double         
00003991  BME280_GetCompensatedData          
00003a8d  Task_BME280                        
00003d25  UARTStdioConfig                    
00003da7  UARTwrite                          
00003e4d  UARTgets                           
00003ec9  UARTgetc                           
00003f31  UARTvprintf                        
0000422b  UARTprintf                         
0000424f  UARTRxBytesAvail                   
0000425d  UARTTxBytesFree                    
00004271  UARTPeek                           
000042cb  UARTFlushRx                        
000042f3  UARTFlushTx                        
00004331  UARTEchoSet                        
00004381  xTimerCreateTimerTask              
000043ad  xTimerCreate                       
00004421  xTimerGenericCommand               
0000448d  xTimerGetTimerDaemonTaskHandle     
00004493  xTimerGetPeriod                    
000044a5  xTimerGetExpiryTime                
000044bb  pcTimerGetName                     
00004879  xTimerIsTimerActive                
000048a5  pvTimerGetTimerID                  
000048bf  vTimerSetTimerID                   
000048d9  uxTimerGetTimerNumber              
000048e7  vTimerSetTimerNumber               
00004915  TIMER0_Init                        
00004931  TIMER1_Init                        
0000494d  PortLIntHandler                    
000049bb  PortHIntHandler                    
00004a29  HCSR04_1_Init                      
00004a67  HCSR04_2_Init                      
00004aa5  Task_HCSR04_Cmd_Handling           
00004af1  Task_HCSR04                        
00004ddd  pvPortMalloc                       
00004edf  vPortFree                          
00004f31  xPortGetFreeHeapSize               
00004f37  xPortGetMinimumEverFreeHeapSize    
00004f3d  vPortInitialiseBlocks              
00005309  SysCtlClockFreqSet                 
00005509  timer_callback                     
0000554b  main                               
000058d5  I2C0_Init                          
00005931  I2C0_Write                         
0000598f  I2C0_Read                          
00005aa1  vCommTask                          
00005c59  __aeabi_dsub                       
00005c63  __aeabi_dadd                       
00005f4d  pxPortInitialiseStack              
00005fb7  xPortStartScheduler                
00005fed  vPortEndScheduler                  
00005fef  vPortEnterCritical                 
0000600f  vPortExitCritical                  
00006025  xPortSysTickHandler                
0000604b  vPortSetupTimerInterrupt           
00006089  __aeabi_ddiv                       
000061bf  GPIOPadConfigSet                   
000062f1  vListInitialise                    
00006321  vListInitialiseItem                
00006331  vListInsertEnd                     
0000636d  vListInsert                        
000063d3  uxListRemove                       
0000653d  ldexp                              
0000653d  ldexpl                             
0000653d  scalbn                             
0000653d  scalbnl                            
0000664d  UARTStdioIntHandler                
000066b9  UART_Configure                     
000066ff  UARTSend                           
00006755  __aeabi_dmul                       
00006861  ulPortGetIPSR                      
00006879  xPortPendSVHandler                 
000068d9  vPortSVCHandler                    
000068f9  vPortStartFirstTask                
0000691d  vPortEnableVFP                     
000069df  __aeabi_memcpy                     
000069df  __aeabi_memcpy4                    
000069df  __aeabi_memcpy8                    
000069df  memcpy                             
00006a7b  __aeabi_uldivmod                   
00006b11  __aeabi_cdcmpeq                    
00006b11  __aeabi_cdcmple                    
00006b97  __aeabi_cdrcmple                   
00006c1d  __aeabi_memclr                     
00006c1d  __aeabi_memclr4                    
00006c1d  __aeabi_memclr8                    
00006c1f  __aeabi_memset                     
00006c1f  __aeabi_memset4                    
00006c1f  __aeabi_memset8                    
00006c25  memset                             
00006d05  IntEnable                          
00006d6d  __TI_decompress_lzss               
00006dd5  frexp                              
00006dd5  frexpl                             
00006e39  TimerConfigure                     
00006e99  GPIOIntTypeSet                     
00006f45  ltoa                               
00006fed  SysCtlPeripheralReset              
0000703d  atoi                               
00007089  GPIOPinConfigure                   
00007119  __aeabi_d2iz                       
00007161  I2CMasterGlitchFilterConfigSet     
000071e9  __TI_auto_init_nobinit_nopinit     
0000726d  __aeabi_uidiv                      
0000726d  __aeabi_uidivmod                   
000072ad  sprintf                            
0000732d  SysCtlPeripheralReady              
00007365  _c_int00_noargs                    
0000739d  IntRegister                        
000073d1  SysCtlPeripheralDisable            
00007405  SysCtlPeripheralEnable             
00007439  __aeabi_i2d                        
00007467  GPIODirModeSet                     
000074b1  __aeabi_ui2d                       
000074d1  ResetISR                           
000074f1  memccpy                            
0000750d  GPIOIntRegister                    
00007525  GPIOPinTypeGPIOOutput              
0000753d  TimerDisable                       
00007555  UARTIntRegister                    
00007585  strchr                             
0000759b  copysign                           
0000759b  copysignl                          
000075af  strcpy                             
000075c3  strlen                             
000075d7  GPIOPinTypeGPIOInput               
000075e9  GPIOPinTypeI2C                     
000075fb  GPIOPinTypeI2CSCL                  
0000760d  GPIOPinTypeUART                    
0000761f  TimerLoadSet                       
00007631  wcslen                             
00007643  GPIOIntStatus                      
00007651  TimerEnable                        
0000765f  UARTCharsAvail                     
0000766d  __TI_decompress_none               
0000767b  GPIOIntEnable                      
00007687  __TI_zero_init                     
00007693  I2CMasterEnable                    
0000769d  TimerValueGet                      
000076a7  UARTCharGet                        
000076b1  UARTCharPut                        
000076c5  I2CMasterBusBusy                   
000076cd  I2CMasterBusy                      
000076d5  I2CMasterSlaveAddrSet              
000076dd  UARTIntEnable                      
000076e5  __aeabi_errno_addr                 
000076ed  bzero                              
000076f5  GPIOIntClear                       
000076fb  GPIOPinRead                        
00007701  GPIOPinWrite                       
00007707  SysCtlDelay                        
0000770d  I2CMasterControl                   
00007711  I2CMasterDataGet                   
00007715  I2CMasterDataPut                   
00007719  UARTIntClear                       
0000771d  _system_pre_init                   
00007721  C$$EXIT                            
00007721  abort                              
000078d4  _ctypes_                           
00007dcc  ulMaxSyscallInterruptPriority      
00007de8  __TI_Handler_Table_Base            
00007df4  __TI_Handler_Table_Limit           
00007e08  __TI_CINIT_Base                    
00007e20  __TI_CINIT_Limit                   
20000000  g_pfnRAMVectors                    
2000caa0  xQueueRegistry                     
2000cb8c  BME280_task_events                 
2000cb90  bme280_queue                       
2000cb94  comm_receive_queue                 
2000cb98  comm_send_queue                    
2000cb9c  comm_task_events                   
2000cba0  comm_task_sem                      
2000cba4  hcsr04_queue                       
2000cba8  number_of_people                   
2000cbac  pwm_width_1                        
2000cbb0  pwm_width_2                        
2000cbb4  sem_bme280_acq                     
2000cbb8  sem_hcsr04_acq                     
2000cbbc  sem_hcsr04_cmd                     
2000cbc0  sem_hcsr04_update                  
2000cbc4  sys_clock_get                      
2000cbc8  receive_packet                     
2000cbcb  dig_H1                             
2000cbcc  dig_H2                             
2000cbce  dig_H4                             
2000cbd0  dig_H5                             
2000cbd2  dig_P1                             
2000cbd4  dig_P2                             
2000cbd6  dig_P3                             
2000cbd8  dig_P4                             
2000cbda  dig_P5                             
2000cbdc  dig_P6                             
2000cbde  dig_P7                             
2000cbe0  dig_P8                             
2000cbe2  dig_P9                             
2000cbe4  dig_T1                             
2000cbe6  dig_T2                             
2000cbe8  dig_T3                             
2000cbea  dig_H3                             
2000cbeb  dig_H6                             
2000cbf0  __stack                            
2000cdf0  __STACK_END                        
2000cdf0  __STACK_TOP                        
2000cdf0  pxCurrentTCB                       
2000ce54  t_fine                             
2000ce60  errno                              
ffffffff  __TI_pprof_out_hndl                
ffffffff  __TI_prof_data_size                
ffffffff  __TI_prof_data_start               
ffffffff  __binit__                          
ffffffff  __c_args__                         
ffffffff  binit                              
UNDEFED   __mpu_init                         
UNDEFED   _system_post_cinit                 

[299 symbols]
